
 num     #instances         #bytes  class name
----------------------------------------------
   1:          4056       69804392  [I
   2:        165779       25654776  [C
   3:        172575       21862712  <constMethodKlass>
   4:         56045       16108504  [B
   5:        172575       15193416  <methodKlass>
   6:         15635        9448960  <constantPoolKlass>
   7:         15630        6555456  <instanceKlassKlass>
   8:         12787        5283232  <constantPoolCacheKlass>
   9:        155850        3740400  java.lang.String
  10:          7187        2283928  <methodDataKlass>
  11:         25620        2049600  java.util.jar.JarFile$JarFileEntry
  12:         75993        1823832  java.util.HashMap$Entry
  13:         16789        1484424  java.lang.Class
  14:         22107        1255128  [S
  15:          8268        1254272  [Ljava.util.HashMap$Entry;
  16:         14778        1182240  java.lang.reflect.Method
  17:         24768        1168264  [[I
  18:         19191         977048  [Ljava.lang.Object;
  19:         25926         829632  java.util.LinkedHashMap$Entry
  20:         26813         643512  java.util.concurrent.ConcurrentHashMap$HashEntry
  21:          7767         434952  java.util.LinkedHashMap
  22:          8716         418368  java.util.HashMap
  23:          7155         400680  java.net.URL
  24:         15745         377880  java.util.ArrayList
  25:          3815         370792  [Ljava.util.concurrent.ConcurrentHashMap$HashEntry;
  26:         15311         367464  java.lang.ref.WeakReference
  27:            88         361856  [Ljava.nio.ByteBuffer;
  28:          1142         356304  <objArrayKlassKlass>
  29:         11385         304624  [Ljava.lang.String;
  30:          6165         295920  org.apache.tomcat.util.buf.ByteChunk
  31:          7631         244192  java.lang.ref.SoftReference
  32:         14470         231520  java.lang.Integer
  33:          5763         230520  org.apache.catalina.loader.ResourceEntry
  34:          3381         216384  java.lang.reflect.Constructor
  35:          5342         213680  org.apache.tomcat.util.buf.CharChunk
  36:          4980         199200  org.apache.tomcat.util.buf.MessageBytes
  37:          7967         191208  java.util.concurrent.locks.ReentrantLock$NonfairSync
  38:           161         183056  [J
  39:          6629         159096  java.beans.MethodRef
  40:          8759         155032  [Ljava.lang.Class;
  41:          6406         153744  java.util.Hashtable$Entry
  42:          3432         137280  org.aspectj.weaver.reflect.ShadowMatchImpl
  43:          3815         122080  java.util.concurrent.ConcurrentHashMap$Segment
  44:          1895         121280  org.apache.jasper.compiler.Node$TemplateText
  45:          1344         115864  [Ljava.util.Hashtable$Entry;
  46:          3432         109824  org.aspectj.weaver.patterns.ExposedState
  47:          2213         106224  java.beans.MethodDescriptor
  48:          3951          94824  java.util.LinkedList
  49:           209          88208  [Ljava.util.WeakHashMap$Entry;
  50:          3673          88152  java.util.LinkedList$Node
  51:          1807          86736  org.apache.tomcat.util.digester.CallMethodRule
  52:          3518          84432  java.lang.ref.ReferenceQueue
  53:          3433          82392  javax.xml.namespace.QName
  54:         10277          82216  java.lang.Object
  55:          1284          82176  java.lang.reflect.Field
  56:          1275          81600  java.beans.PropertyDescriptor
  57:          2458          78656  org.apache.jasper.compiler.Mark
  58:           977          77712  [Ljava.util.concurrent.ConcurrentHashMap$Segment;
  59:          2078          66496  java.util.TreeMap$Entry
  60:          1627          65080  java.util.WeakHashMap$Entry
  61:          1600          64000  org.springframework.util.ConcurrentReferenceHashMap$Segment
  62:          1568          62720  org.springframework.util.ConcurrentReferenceHashMap$Segment
  63:          2612          62688  java.lang.StackTraceElement
  64:          1492          59680  org.aspectj.weaver.reflect.ShadowMatchImpl
  65:          1232          59136  java.util.Hashtable
  66:          2461          59064  org.apache.catalina.webresources.EmptyResource
  67:          1336          55840  [Z
  68:           976          54656  com.mysql.jdbc.ConnectionPropertiesImpl$BooleanConnectionProperty
  69:          2271          54504  org.apache.xmlbeans.SchemaType$Ref
  70:          2118          50832  sun.reflect.generics.tree.SimpleClassTypeSignature
  71:          1041          49968  java.lang.Package
  72:          3106          49696  java.util.LinkedHashSet
  73:          1541          49312  java.lang.ThreadLocal$ThreadLocalMap$Entry
  74:          1227          49080  javax.servlet.jsp.tagext.TagAttributeInfo
  75:          1492          47744  org.aspectj.weaver.patterns.ExposedState
  76:          2983          47728  java.util.HashSet
  77:           977          46896  java.util.concurrent.ConcurrentHashMap
  78:          2853          45648  java.util.HashMap$KeySet
  79:           475          45600  org.springframework.beans.GenericTypeAwarePropertyDescriptor
  80:          1868          44832  java.util.Vector
  81:           329          44744  java.text.DecimalFormat
  82:          2757          44112  java.lang.StringBuilder
  83:           453          43488  sun.util.calendar.Gregorian$Date
  84:           452          43392  org.springframework.beans.GenericTypeAwarePropertyDescriptor
  85:          1677          40248  com.sun.org.apache.xerces.internal.xni.QName
  86:           713          39928  sun.reflect.DelegatingClassLoader
  87:           344          38528  java.util.GregorianCalendar
  88:          2118          35024  [Lsun.reflect.generics.tree.TypeArgument;
  89:          1975          34456  [Ljava.lang.reflect.Type;
  90:          1428          34272  antlr.ANTLRHashString
  91:           848          33920  org.apache.tomcat.util.modeler.AttributeInfo
  92:          1600          32560  [Lorg.springframework.util.ConcurrentReferenceHashMap$Reference;
  93:          1568          32200  [Lorg.springframework.util.ConcurrentReferenceHashMap$Reference;
  94:           561          31416  org.springframework.core.annotation.AnnotationAttributes
  95:           561          31416  org.springframework.core.annotation.AnnotationAttributes
  96:           222          30592  [[C
  97:          1814          29024  sun.reflect.generics.tree.ClassTypeSignature
  98:          1769          28304  org.apache.jasper.compiler.ELNode$ELText
  99:          3520          28160  java.lang.ref.ReferenceQueue$Lock
 100:          1173          28152  sun.reflect.NativeConstructorAccessorImpl
 101:           428          27392  java.util.logging.Logger
 102:           851          27232  java.security.CodeSource
 103:           849          27168  java.security.ProtectionDomain
 104:           374          26928  org.apache.jasper.compiler.Node$ELExpression
 105:           672          26880  java.util.concurrent.locks.ReentrantReadWriteLock$NonfairSync
 106:           260          26456  [Ljava.beans.MethodDescriptor;
 107:            80          26240  org.apache.xmlbeans.impl.schema.SchemaTypeImpl
 108:          1600          25600  org.springframework.util.ConcurrentReferenceHashMap$ReferenceManager
 109:          1568          25088  org.springframework.util.ConcurrentReferenceHashMap$ReferenceManager
 110:          1555          24880  java.util.HashMap$Values
 111:          1022          24528  sun.security.util.DerInputBuffer
 112:          1022          24528  sun.security.util.DerValue
 113:          1016          24384  sun.security.x509.RDN
 114:           169          24336  org.springframework.beans.factory.support.RootBeanDefinition
 115:           169          24336  org.springframework.beans.factory.support.RootBeanDefinition
 116:           756          24192  java.math.BigInteger
 117:           502          24096  java.nio.HeapByteBuffer
 118:           109          23472  [Ljava.lang.StackTraceElement;
 119:           204          22592  [Ljava.lang.ThreadLocal$ThreadLocalMap$Entry;
 120:           449          21552  java.util.logging.LogManager$LoggerWeakRef
 121:          1336          21376  [Lsun.reflect.generics.tree.FieldTypeSignature;
 122:          1332          21312  sun.reflect.DelegatingConstructorAccessorImpl
 123:           527          21080  ch.qos.logback.classic.Logger
 124:           329          21056  java.text.DecimalFormatSymbols
 125:           522          20880  ch.qos.logback.classic.Logger
 126:           326          20864  java.text.SimpleDateFormat
 127:           853          20472  javax.management.ObjectName$Property
 128:           628          20096  javax.management.MBeanAttributeInfo
 129:          1242          19872  java.util.Collections$UnmodifiableSet
 130:           621          19872  sun.security.util.ObjectIdentifier
 131:            99          19800  com.sun.org.apache.xerces.internal.impl.dv.xs.XSSimpleTypeDecl
 132:           347          19432  org.hibernate.collection.internal.PersistentSet
 133:           344          19264  com.mysql.jdbc.ConnectionPropertiesImpl$StringConnectionProperty
 134:           403          19216  [[Ljava.lang.String;
 135:           462          18480  org.apache.tomcat.util.digester.CallParamRule
 136:           329          18424  org.springframework.core.MethodParameter
 137:          1147          18352  java.util.HashMap$EntrySet
 138:           764          18336  java.util.Date
 139:           732          17568  sun.reflect.annotation.AnnotationInvocationHandler
 140:           544          17408  sun.reflect.generics.repository.MethodRepository
 141:           435          17400  org.hibernate.hql.internal.ast.tree.Node
 142:           308          17248  org.springframework.core.MethodParameter
 143:           472          17152  [Ljava.beans.PropertyDescriptor;
 144:          1022          16352  sun.security.util.DerInputStream
 145:          1016          16256  org.apache.tomcat.util.http.MimeHeaderField
 146:          1016          16256  sun.security.x509.AVA
 147:          1016          16256  [Lsun.security.x509.AVA;
 148:           216          15552  org.apache.tomcat.util.net.jsse.openssl.Cipher
 149:            91          15288  org.apache.coyote.Request
 150:           237          15168  java.util.regex.Pattern
 151:           938          15008  org.apache.jasper.compiler.ELNode$Nodes
 152:            89          14952  org.apache.catalina.connector.Request
 153:           232          14848  com.mysql.jdbc.ConnectionPropertiesImpl$IntegerConnectionProperty
 154:           262          14672  org.apache.tomcat.util.descriptor.tld.TagXml
 155:           897          14352  java.util.concurrent.locks.ReentrantLock
 156:           889          14224  java.util.jar.Attributes$Name
 157:           590          14160  java.util.ArrayList$Itr
 158:           589          14136  sun.reflect.UnsafeObjectFieldAccessorImpl
 159:           585          14040  java.util.concurrent.locks.ReentrantReadWriteLock
 160:           737          13752  [Lorg.apache.el.parser.Node;
 161:            95          13680  org.apache.jasper.compiler.Node$CustomTag
 162:           851          13616  sun.reflect.DelegatingMethodAccessorImpl
 163:           849          13584  java.security.ProtectionDomain$Key
 164:           849          13584  [Ljava.security.Principal;
 165:           169          13520  org.apache.xmlbeans.impl.schema.SchemaPropertyImpl
 166:           505          13264  [Ljavax.management.ObjectName$Property;
 167:           329          13160  java.text.DigitList
 168:           544          13056  sun.reflect.generics.tree.MethodTypeSignature
 169:           319          12760  sun.util.locale.LocaleObjectCache$CacheEntry
 170:           258          12384  java.nio.HeapCharBuffer
 171:           513          12312  sun.reflect.generics.reflectiveObjects.ParameterizedTypeImpl
 172:           252          12096  sun.security.x509.X500Name
 173:           213          11928  org.springframework.web.method.HandlerMethod$HandlerMethodParameter
 174:           213          11928  org.springframework.web.method.HandlerMethod$HandlerMethodParameter
 175:           105          11760  [Lcom.sun.org.apache.xerces.internal.xni.QName;
 176:           293          11720  com.skyline.pojo.Powers
 177:           121          11616  org.apache.xmlbeans.impl.schema.SchemaLocalElementImpl
 178:           206          11536  java.util.WeakHashMap
 179:           712          11464  [Lsun.reflect.generics.tree.FormalTypeParameter;
 180:           712          11392  sun.reflect.generics.factory.CoreReflectionFactory
 181:           284          11360  org.apache.tomcat.util.modeler.OperationInfo
 182:            16          11264  [Lcom.sun.org.apache.xerces.internal.util.SymbolTable$Entry;
 183:            91          10920  org.aspectj.weaver.reflect.ReflectionBasedResolvedMemberImpl
 184:            91          10920  org.apache.coyote.http11.Http11NioProcessor
 185:            51          10808  [Ljava.lang.reflect.Method;
 186:           673          10768  java.util.concurrent.locks.ReentrantReadWriteLock$Sync$ThreadLocalHoldCounter
 187:           673          10768  java.util.concurrent.locks.ReentrantReadWriteLock$ReadLock
 188:           673          10768  java.util.concurrent.locks.ReentrantReadWriteLock$WriteLock
 189:           544          10592  [Lsun.reflect.generics.tree.TypeSignature;
 190:           437          10488  org.apache.juli.ClassLoaderLogManager$LogNode
 191:           260          10400  java.beans.BeanDescriptor
 192:           260          10400  java.beans.GenericBeanInfo
 193:           182          10368  [Lorg.apache.tomcat.util.http.MimeHeaderField;
 194:           640          10240  java.util.concurrent.CopyOnWriteArrayList
 195:           142          10224  org.hibernate.mapping.Column
 196:           213          10224  sun.security.ssl.CipherSuite
 197:           316          10112  sun.reflect.generics.reflectiveObjects.WildcardTypeImpl
 198:           421          10104  com.sun.org.apache.xerces.internal.util.XMLStringBuffer
 199:           250          10000  javax.management.MBeanOperationInfo
 200:            88           9856  org.apache.tomcat.util.net.NioEndpoint$KeyAttachment
 201:            88           9856  org.apache.tomcat.util.threads.TaskThread
 202:            64           9728  [Lorg.hibernate.internal.util.collections.BoundedConcurrentHashMap$HashEntry;
 203:           405           9720  org.springframework.beans.factory.annotation.InjectionMetadata
 204:           405           9720  org.springframework.beans.factory.annotation.InjectionMetadata
 205:           201           9648  sun.nio.cs.UTF_8$Encoder
 206:             8           9600  com.mysql.jdbc.JDBC4Connection
 207:           298           9536  javax.el.BeanELResolver$BeanProperty
 208:           169           9464  java.security.Provider$Service
 209:            91           9464  sun.nio.ch.SocketChannelImpl
 210:           228           9120  org.springframework.util.ConcurrentReferenceHashMap$SoftEntryReference
 211:           228           9120  org.springframework.util.ConcurrentReferenceHashMap$SoftEntryReference
 212:           379           9096  com.sun.org.apache.xerces.internal.xni.XMLString
 213:            91           8736  org.apache.coyote.Response
 214:            91           8736  org.apache.coyote.http11.InternalNioInputBuffer
 215:           544           8704  sun.reflect.generics.scope.MethodScope
 216:           544           8704  java.util.concurrent.atomic.AtomicInteger
 217:           543           8688  java.lang.Long
 218:            36           8640  org.apache.catalina.core.StandardWrapper
 219:           152           8512  javax.servlet.jsp.tagext.TagInfo
 220:           265           8480  org.apache.tomcat.util.digester.SetNextRule
 221:           349           8376  sun.security.x509.AlgorithmId
 222:           340           8160  java.util.concurrent.locks.AbstractQueuedSynchronizer$ConditionObject
 223:           339           8136  java.io.File
 224:           253           8096  javax.management.ObjectName
 225:           100           8000  [Lorg.springframework.util.ConcurrentReferenceHashMap$Segment;
 226:           199           7960  sun.java2d.loops.Blit
 227:           142           7952  org.apache.catalina.webresources.JarResource
 228:           164           7872  java.util.TreeMap
 229:           245           7840  org.aspectj.weaver.Lint$Kind
 230:            98           7840  [Lorg.springframework.util.ConcurrentReferenceHashMap$Segment;
 231:           194           7760  org.hibernate.loader.DefaultEntityAliases
 232:           192           7680  org.springframework.core.type.classreading.MethodMetadataReadingVisitor
 233:           192           7680  com.sun.org.apache.xerces.internal.util.XMLAttributesImpl$Attribute
 234:           192           7680  org.springframework.core.type.classreading.MethodMetadataReadingVisitor
 235:           237           7584  java.lang.ref.Finalizer
 236:           134           7504  org.hibernate.mapping.SimpleValue
 237:           469           7504  org.apache.jasper.compiler.ELNode$Root
 238:           252           7488  [Lsun.security.x509.RDN;
 239:            52           7488  org.aspectj.weaver.ReferenceType
 240:           311           7464  java.security.Provider$ServiceKey
 241:           116           7424  sun.security.x509.X509CertImpl
 242:           115           7360  com.skyline.pojo.Customer
 243:           102           7344  ch.qos.logback.classic.spi.LoggingEvent
 244:            91           7280  org.apache.coyote.RequestInfo
 245:            90           7200  org.apache.catalina.webresources.CachedResource
 246:            13           7176  org.hibernate.persister.entity.SingleTableEntityPersister
 247:           297           7128  sun.reflect.NativeMethodAccessorImpl
 248:            89           7120  org.apache.catalina.connector.OutputBuffer
 249:           173           6920  org.apache.xmlbeans.impl.schema.SchemaAnnotationImpl
 250:           277           6648  java.util.regex.Pattern$GroupTail
 251:           138           6624  org.hibernate.mapping.Property
 252:           413           6608  org.springframework.cglib.core.Signature
 253:           413           6608  org.springframework.cglib.core.Signature
 254:           206           6592  org.apache.tomcat.util.http.ServerCookie
 255:            91           6552  org.apache.coyote.http11.InternalNioOutputBuffer
 256:            91           6552  org.apache.coyote.http11.filters.ChunkedInputFilter
 257:           163           6520  sun.java2d.loops.ScaledBlit
 258:           116           6496  sun.security.x509.X509CertInfo
 259:           269           6456  com.sun.org.apache.xerces.internal.util.SymbolTable$Entry
 260:           402           6432  java.util.regex.Pattern$Slice
 261:            89           6408  org.apache.catalina.connector.InputBuffer
 262:           133           6384  java.util.ResourceBundle$CacheKey
 263:            61           6344  org.springframework.context.annotation.ScannedGenericBeanDefinition
 264:            61           6344  org.springframework.context.annotation.ScannedGenericBeanDefinition
 265:           391           6256  java.util.concurrent.ConcurrentLinkedQueue$Node
 266:           156           6240  org.springframework.web.method.HandlerMethod
 267:           254           6096  org.apache.tomcat.util.digester.ObjectCreateRule
 268:           251           6024  org.apache.el.parser.AstIdentifier
 269:           107           5992  org.apache.catalina.mapper.MappingData
 270:           149           5960  org.springframework.core.ResolvableType
 271:           148           5920  org.apache.jasper.compiler.Node$JspAttribute
 272:           147           5880  org.hibernate.loader.plan.exec.internal.AliasResolutionContextImpl
 273:           182           5824  [Lorg.apache.coyote.http11.InputFilter;
 274:           182           5824  [Lorg.apache.coyote.http11.OutputFilter;
 275:            91           5824  org.apache.tomcat.util.http.Parameters
 276:           242           5808  org.apache.catalina.util.LifecycleSupport
 277:           121           5808  sun.security.util.MemoryCache$SoftCacheEntry
 278:           144           5760  org.springframework.beans.factory.annotation.AutowiredAnnotationBeanPostProcessor$AutowiredFieldElement
 279:           144           5760  org.springframework.beans.factory.annotation.AutowiredAnnotationBeanPostProcessor$AutowiredFieldElement
 280:           358           5728  java.util.regex.Pattern$Single
 281:           143           5720  org.hibernate.loader.plan.exec.internal.EntityLoadQueryDetails
 282:           213           5680  [Ljava.util.regex.Pattern$Node;
 283:            16           5632  com.sun.org.apache.xerces.internal.impl.XMLNSDocumentScannerImpl
 284:           233           5592  org.springframework.beans.MutablePropertyValues
 285:           233           5592  org.springframework.beans.MutablePropertyValues
 286:           232           5568  org.hibernate.engine.spi.ExecutableList
 287:           347           5552  java.util.Collections$SingletonList
 288:            63           5544  org.aspectj.weaver.ResolvedType$Primitive
 289:           231           5544  org.apache.el.parser.AstCompositeExpression
 290:           231           5544  org.apache.el.parser.AstDynamicExpression
 291:           346           5536  sun.reflect.generics.tree.Wildcard
 292:           172           5504  org.apache.tomcat.util.modeler.BaseModelMBean
 293:           171           5472  org.springframework.cglib.proxy.MethodProxy
 294:           171           5472  org.springframework.cglib.proxy.MethodProxy
 295:           227           5448  org.apache.jasper.compiler.Node$Nodes
 296:           136           5440  org.springframework.core.ResolvableType
 297:           168           5376  sun.reflect.generics.repository.ClassRepository
 298:           220           5280  java.util.regex.Pattern$7
 299:           132           5280  java.util.ResourceBundle$BundleReference
 300:            94           5264  java.nio.DirectByteBuffer
 301:           215           5160  org.apache.tomcat.util.modeler.ParameterInfo
 302:           322           5152  org.springframework.util.LinkedMultiValueMap
 303:           214           5136  java.io.ExpiringCache$Entry
 304:           213           5112  java.util.regex.Pattern$Branch
 305:            58           5104  java.util.jar.JarVerifier
 306:            91           5096  java.util.jar.JarFile
 307:           159           5088  sun.util.locale.BaseLocale
 308:           159           5088  sun.util.locale.BaseLocale$Key
 309:           126           5040  org.springframework.beans.factory.support.DisposableBeanAdapter
 310:            84           5032  [Ljavax.management.MBeanAttributeInfo;
 311:           208           4992  com.sun.org.apache.xerces.internal.util.AugmentationsImpl$SmallContainer
 312:            89           4984  org.apache.catalina.connector.CoyoteReader
 313:            89           4984  org.apache.catalina.connector.Response
 314:            89           4984  [Lorg.apache.catalina.core.ApplicationFilterConfig;
 315:            89           4984  org.apache.catalina.util.ParameterMap
 316:           206           4944  org.hibernate.engine.spi.EntityKey
 317:           103           4944  org.hibernate.engine.spi.EntityEntry
 318:           205           4920  javax.management.MBeanParameterInfo
 319:           204           4896  java.lang.ThreadLocal$ThreadLocalMap
 320:           122           4880  java.util.IdentityHashMap
 321:           284           4856  [Lorg.apache.tomcat.util.modeler.ParameterInfo;
 322:            60           4800  java.net.URI
 323:           200           4800  org.apache.tomcat.util.buf.StringCache$ByteEntry
 324:           147           4704  org.hibernate.loader.plan.build.internal.spaces.EntityQuerySpaceImpl
 325:            39           4680  org.aspectj.weaver.reflect.ReflectionBasedResolvedMemberImpl
 326:           195           4680  java.net.InetAddress$InetAddressHolder
 327:           146           4672  java.util.Collections$SynchronizedMap
 328:            97           4656  org.springframework.aop.framework.CglibAopProxy$CglibMethodInvocation
 329:            83           4648  com.skyline.pojo.Employee
 330:            96           4608  org.springframework.beans.PropertyValue
 331:           192           4608  com.sun.org.apache.xerces.internal.util.SymbolHash$Entry
 332:           143           4576  org.hibernate.loader.entity.plan.EntityLoader
 333:           143           4576  org.hibernate.loader.plan.build.internal.returns.EntityReturnImpl
 334:           143           4576  org.hibernate.loader.entity.plan.EntityLoader$Builder
 335:           189           4536  javax.management.ImmutableDescriptor
 336:           278           4520  [Ljava.lang.reflect.TypeVariable;
 337:            94           4512  org.springframework.beans.PropertyValue
 338:            94           4512  java.util.Properties
 339:           185           4440  java.net.InetSocketAddress$InetSocketAddressHolder
 340:           184           4416  org.apache.el.parser.AstValue
 341:           276           4416  java.util.regex.Pattern$GroupHead
 342:           110           4400  sun.security.rsa.RSAPublicKeyImpl
 343:           274           4384  <compiledICHolderKlass>
 344:            91           4368  org.hibernate.internal.util.collections.BoundedConcurrentHashMap$LIRSHashEntry
 345:            91           4368  java.util.concurrent.ThreadPoolExecutor$Worker
 346:           182           4368  org.apache.tomcat.util.http.MimeHeaders
 347:           272           4352  java.lang.Byte
 348:           181           4344  org.springframework.asm.Type
 349:           181           4344  org.springframework.asm.Type
 350:           134           4288  java.util.regex.Pattern$Curly
 351:            89           4272  org.apache.catalina.connector.CoyoteWriter
 352:           133           4256  java.util.ResourceBundle$LoaderReference
 353:           105           4200  com.skyline.pojo.CountryCode
 354:            58           4176  org.hibernate.hql.internal.ast.tree.IdentNode
 355:            87           4176  sun.util.calendar.ZoneInfo
 356:           130           4160  org.springframework.cglib.proxy.MethodProxy$CreateInfo
 357:           122           4160  [Ljava.security.ProtectionDomain;
 358:           173           4152  org.apache.xmlbeans.QNameSet
 359:           258           4128  org.apache.juli.logging.DirectJDKLog
 360:           103           4120  sun.nio.cs.UTF_8$Decoder
 361:            64           4096  org.springframework.web.servlet.FlashMap
 362:           256           4096  org.springframework.util.LinkedMultiValueMap
 363:           256           4096  java.lang.Short
 364:           152           4056  [Ljavax.servlet.jsp.tagext.TagAttributeInfo;
 365:           169           4056  org.apache.xmlbeans.SchemaGlobalElement$Ref
 366:           168           4032  sun.reflect.generics.tree.ClassSignature
 367:            56           4032  org.apache.catalina.webresources.JarResourceSet
 368:           251           4016  com.sun.jmx.mbeanserver.NamedObject
 369:           242           4008  [Lorg.apache.catalina.LifecycleListener;
 370:           125           4000  org.hibernate.tuple.BaselineAttributeInformation
 371:           100           4000  org.springframework.util.ConcurrentReferenceHashMap
 372:            83           3984  javax.management.MBeanInfo
 373:            62           3968  org.springframework.web.servlet.mvc.method.annotation.ServletInvocableHandlerMethod
 374:           165           3960  java.util.Locale
 375:            45           3960  org.aspectj.weaver.reflect.Java15ReflectionBasedReferenceTypeDelegate
 376:             8           3960  [[Ljava.lang.Object;
 377:            98           3920  org.springframework.util.ConcurrentReferenceHashMap
 378:           163           3912  org.apache.el.parser.AstDotSuffix
 379:            61           3904  org.springframework.core.type.classreading.AnnotationMetadataReadingVisitor
 380:            61           3904  org.springframework.core.type.classreading.AnnotationMetadataReadingVisitor
 381:           159           3816  java.util.Locale$LocaleKey
 382:           119           3808  java.util.concurrent.locks.AbstractQueuedSynchronizer$Node
 383:            94           3760  org.springframework.web.method.HandlerMethod
 384:            94           3760  org.springframework.web.servlet.mvc.method.RequestMappingInfo
 385:            94           3760  org.springframework.web.servlet.mvc.method.RequestMappingInfo
 386:            52           3744  java.util.concurrent.ThreadPoolExecutor
 387:           233           3728  org.springframework.beans.factory.support.MethodOverrides
 388:           233           3728  org.springframework.beans.factory.config.ConstructorArgumentValues
 389:           233           3728  org.springframework.beans.factory.support.MethodOverrides
 390:           233           3728  org.springframework.beans.factory.config.ConstructorArgumentValues
 391:           155           3720  org.springframework.beans.factory.config.RuntimeBeanReference
 392:           155           3720  org.springframework.beans.factory.config.RuntimeBeanReference
 393:           116           3712  org.hibernate.tuple.entity.EntityBasedBasicAttribute
 394:            92           3680  java.util.concurrent.LinkedBlockingDeque
 395:           230           3680  [Ljava.lang.annotation.Annotation;
 396:           153           3672  org.hibernate.loader.PropertyPath
 397:           152           3648  org.apache.catalina.session.ManagerBase$SessionTiming
 398:            91           3640  sun.nio.ch.SocketAdaptor
 399:            91           3640  org.apache.coyote.http11.filters.IdentityInputFilter
 400:            65           3640  org.apache.tomcat.util.modeler.ManagedBean
 401:            90           3600  sun.misc.Cleaner
 402:            64           3584  org.springframework.web.context.request.async.StandardServletAsyncWebRequest
 403:            89           3560  org.apache.tomcat.util.buf.UEncoder
 404:            89           3560  org.apache.tomcat.util.buf.Utf8Decoder
 405:           147           3528  org.hibernate.loader.plan.exec.process.internal.ResultSetProcessorImpl
 406:           147           3528  org.hibernate.loader.plan.exec.internal.LoadQueryJoinAndFetchProcessor
 407:           147           3528  org.hibernate.loader.plan.build.internal.LoadPlanImpl
 408:           147           3528  org.hibernate.loader.plan.exec.process.internal.EntityReferenceInitializerImpl
 409:           147           3528  org.hibernate.loader.plan.build.internal.spaces.QuerySpacesImpl
 410:           218           3520  [Lorg.springframework.web.bind.annotation.RequestMethod;
 411:           220           3520  org.springframework.aop.framework.AdvisedSupport$MethodCacheKey
 412:            88           3520  sun.nio.ch.SelectionKeyImpl
 413:            88           3520  sun.java2d.loops.MaskBlit
 414:           218           3520  [Lorg.springframework.web.bind.annotation.RequestMethod;
 415:           110           3520  org.springframework.cglib.proxy.MethodProxy$CreateInfo
 416:           146           3504  java.util.regex.Pattern$BnM
 417:           145           3480  org.apache.jasper.util.UniqueAttributesImpl
 418:            62           3472  org.springframework.validation.support.BindingAwareModelMap
 419:            24           3456  org.aspectj.weaver.ReferenceType
 420:           143           3432  org.hibernate.loader.plan.exec.internal.EntityLoadQueryDetails$EntityLoaderRowReader
 421:           143           3432  org.hibernate.loader.plan.exec.internal.EntityLoadQueryDetails$EntityLoaderReaderCollectorImpl
 422:           107           3424  org.springframework.beans.factory.annotation.InitDestroyAnnotationBeanPostProcessor$LifecycleMetadata
 423:           107           3424  org.springframework.beans.factory.annotation.InitDestroyAnnotationBeanPostProcessor$LifecycleMetadata
 424:           213           3416  [Ljava.lang.reflect.Constructor;
 425:           213           3408  java.util.regex.Pattern$BranchConn
 426:           105           3360  org.aspectj.weaver.Lint$Kind
 427:           208           3328  com.sun.org.apache.xerces.internal.util.AugmentationsImpl
 428:           138           3312  org.hibernate.property.BasicPropertyAccessor$BasicSetter
 429:           138           3312  org.hibernate.property.BasicPropertyAccessor$BasicGetter
 430:           103           3296  sun.security.x509.BasicConstraintsExtension
 431:           136           3264  java.security.AccessControlContext
 432:           199           3248  [Lorg.aspectj.weaver.ResolvedType;
 433:            45           3240  org.springframework.beans.BeanWrapperImpl
 434:            91           3232  [Lorg.apache.tomcat.util.http.ServerCookie;
 435:           134           3216  org.xml.sax.helpers.LocatorImpl
 436:           134           3216  org.springframework.http.MediaType
 437:            16           3200  com.sun.org.apache.xerces.internal.impl.XMLDTDScannerImpl
 438:            21           3192  org.hibernate.hql.internal.ast.HqlSqlWalker
 439:           196           3136  sun.reflect.generics.scope.ClassScope
 440:           196           3136  org.springframework.core.convert.support.GenericConversionService$ConvertersForPair
 441:             6           3120  org.apache.catalina.core.StandardContext
 442:           130           3120  com.sun.jmx.mbeanserver.ConvertingMethod
 443:             9           3096  com.sun.org.apache.xerces.internal.impl.XMLDocumentScannerImpl
 444:            64           3072  org.hibernate.internal.util.collections.BoundedConcurrentHashMap$Segment
 445:           192           3072  java.net.Inet4Address
 446:            64           3072  org.hibernate.internal.util.collections.BoundedConcurrentHashMap$LIRS
 447:            96           3072  java.util.zip.ZipCoder
 448:            16           3072  com.sun.org.apache.xerces.internal.parsers.XIncludeAwareParserConfiguration
 449:            95           3040  sun.reflect.generics.reflectiveObjects.TypeVariableImpl
 450:           126           3024  org.springframework.http.MediaType
 451:            29           3016  org.hibernate.hql.internal.ast.tree.DotNode
 452:            29           3016  org.hibernate.internal.SessionImpl
 453:            29           3016  org.hibernate.engine.internal.StatefulPersistenceContext
 454:            94           3008  org.springframework.web.servlet.mvc.condition.PatternsRequestCondition
 455:            31           3008  [[S
 456:            94           3008  org.apache.tomcat.util.log.UserDataHelper
 457:            94           3008  org.springframework.web.servlet.mvc.condition.PatternsRequestCondition
 458:           188           3008  org.springframework.core.convert.converter.GenericConverter$ConvertiblePair
 459:           168           3000  [Lsun.reflect.generics.tree.ClassTypeSignature;
 460:             2           2984  [Lsun.java2d.loops.GraphicsPrimitive;
 461:            93           2976  java.io.FilePermission
 462:           185           2960  java.net.InetSocketAddress
 463:            92           2944  java.security.cert.TrustAnchor
 464:           122           2928  org.springframework.beans.BeanMetadataAttribute
 465:           122           2928  org.springframework.beans.BeanMetadataAttribute
 466:            91           2912  org.apache.coyote.http11.filters.IdentityOutputFilter
 467:            36           2880  org.apache.catalina.core.StandardWrapperValve
 468:            89           2848  org.apache.catalina.core.ApplicationFilterChain
 469:           177           2832  org.jboss.logging.Slf4jLocationAwareLogger
 470:           155           2824  [Ljavax.management.MBeanParameterInfo;
 471:           176           2816  org.jboss.logging.Slf4jLocationAwareLogger
 472:            88           2816  org.springframework.web.context.request.async.WebAsyncManager
 473:            16           2816  com.sun.org.apache.xerces.internal.impl.dtd.XMLNSDTDValidator
 474:            88           2816  java.nio.DirectByteBuffer$Deallocator
 475:            13           2808  org.hibernate.mapping.RootClass
 476:           174           2784  java.util.concurrent.atomic.AtomicBoolean
 477:           173           2768  [Lorg.apache.xmlbeans.SchemaAnnotation$Attribute;
 478:           115           2760  java.util.Stack
 479:            21           2688  org.hibernate.hql.internal.ast.tree.FromElement
 480:           111           2664  org.springframework.aop.aspectj.MethodInvocationProceedingJoinPoint
 481:            41           2624  com.mysql.jdbc.PreparedStatement$ParseInfo
 482:           163           2608  org.springframework.aop.framework.adapter.MethodBeforeAdviceInterceptor
 483:            65           2600  sun.nio.cs.ISO_8859_1$Decoder
 484:           108           2592  org.apache.tomcat.util.digester.ArrayStack
 485:           159           2544  sun.reflect.BootstrapConstructorAccessorImpl
 486:            45           2520  org.springframework.validation.BeanPropertyBindingResult
 487:            45           2520  javax.management.openmbean.OpenMBeanAttributeInfoSupport
 488:             8           2496  <typeArrayKlassKlass>
 489:           104           2496  sun.security.x509.CertificateExtensions
 490:            62           2480  org.springframework.web.context.request.ServletWebRequest
 491:           155           2480  java.lang.StringBuffer
 492:            62           2480  com.sun.org.apache.xerces.internal.impl.dtd.XMLSimpleType
 493:           103           2472  org.hibernate.engine.internal.EntityEntryContext$ManagedEntityImpl
 494:           154           2464  java.util.concurrent.CopyOnWriteArrayList$COWIterator
 495:            14           2464  com.mysql.jdbc.JDBC4ResultSet
 496:            89           2432  [[B
 497:           152           2432  [Ljavax.servlet.jsp.tagext.TagVariableInfo;
 498:           137           2408  [Lcom.sun.jmx.mbeanserver.MXBeanMapping;
 499:            60           2400  com.mysql.jdbc.MysqlCharset
 500:            60           2400  com.mysql.jdbc.MysqlCharset
 501:           149           2384  sun.security.x509.KeyIdentifier
 502:            47           2384  [Lcom.sun.org.apache.xerces.internal.util.SymbolHash$Entry;
 503:            27           2376  org.aspectj.weaver.ResolvedType$Primitive
 504:            74           2368  org.hibernate.hql.internal.ast.HqlToken
 505:            98           2352  sun.security.x509.SubjectKeyIdentifierExtension
 506:           147           2352  org.hibernate.loader.plan.exec.internal.EntityReferenceAliasesImpl
 507:            21           2352  org.hibernate.loader.hql.QueryLoader
 508:            97           2328  java.security.Permissions
 509:           144           2304  com.sun.proxy.$Proxy48
 510:            96           2304  java.util.ArrayDeque
 511:            96           2304  java.util.Collections$UnmodifiableMap
 512:            48           2304  org.apache.xmlbeans.impl.schema.SchemaLocalAttributeImpl
 513:           144           2304  java.util.jar.Attributes
 514:           144           2304  com.sun.proxy.$Proxy16
 515:            72           2304  java.lang.reflect.WeakCache$CacheValue
 516:           143           2288  org.hibernate.loader.entity.plan.EntityLoader$Builder$1
 517:           143           2288  org.hibernate.loader.plan.exec.process.internal.EntityReturnReader
 518:            26           2288  org.hibernate.loader.entity.CascadeEntityLoader
 519:            74           2280  [Ljavax.management.MBeanOperationInfo;
 520:            94           2272  [Lorg.springframework.core.MethodParameter;
 521:            94           2272  [Lorg.springframework.core.MethodParameter;
 522:            94           2256  org.springframework.web.servlet.mvc.condition.ProducesRequestCondition
 523:            94           2256  org.springframework.web.servlet.mvc.condition.ProducesRequestCondition$ProduceMediaTypeExpression
 524:            94           2256  org.springframework.web.servlet.mvc.condition.ProducesRequestCondition
 525:            94           2256  org.springframework.web.servlet.mvc.condition.ProducesRequestCondition$ProduceMediaTypeExpression
 526:            28           2240  org.apache.catalina.session.StandardSession
 527:            56           2240  org.apache.catalina.webresources.FileResource
 528:            92           2208  org.apache.tomcat.util.net.NioEndpoint$SocketProcessor
 529:           137           2192  org.springframework.aop.framework.AdvisedSupport$MethodCacheKey
 530:            91           2184  sun.security.x509.KeyUsageExtension
 531:            91           2184  org.apache.coyote.http11.AbstractNioInputBuffer$HeaderParseData
 532:            91           2184  org.apache.tomcat.util.net.NioChannel
 533:            91           2184  org.springframework.beans.CachedIntrospectionResults
 534:            91           2184  org.apache.coyote.AsyncStateMachine
 535:            91           2184  org.apache.xmlbeans.impl.schema.XmlValueRef
 536:            91           2184  [Ljava.nio.channels.SelectionKey;
 537:            91           2184  org.apache.coyote.http11.filters.ChunkedOutputFilter
 538:            91           2184  org.apache.coyote.http11.filters.BufferedInputFilter
 539:            91           2184  org.apache.coyote.http11.filters.GzipOutputFilter
 540:            91           2184  org.apache.coyote.http11.filters.GzipOutputFilter$FakeOutputStream
 541:           136           2176  java.util.concurrent.ConcurrentLinkedQueue
 542:            54           2160  sun.net.www.MimeEntry
 543:           135           2160  org.apache.poi.hssf.record.RecordFactory$ReflectionConstructorRecordCreator
 544:            90           2160  [Ljava.text.SimpleDateFormat;
 545:           135           2160  org.apache.poi.hssf.record.RecordFactory$ReflectionConstructorRecordCreator
 546:           134           2144  sun.security.x509.SerialNumber
 547:            89           2136  org.springframework.beans.CachedIntrospectionResults
 548:            89           2136  org.apache.tomcat.util.buf.B2CConverter
 549:            88           2112  sun.nio.ch.Util$BufferCache
 550:           131           2096  java.util.concurrent.atomic.AtomicLong
 551:            20           2080  org.apache.tomcat.util.digester.Digester
 552:             2           2080  [[Ljava.lang.Class;
 553:            20           2080  java.util.concurrent.ThreadLocalRandom
 554:            65           2080  org.hibernate.dialect.lock.SelectLockingStrategy
 555:            67           2064  [Lorg.hibernate.type.Type;
 556:           128           2048  org.springframework.core.convert.support.GenericConversionService$ConvertersForPair
 557:           128           2048  java.lang.Character
 558:            51           2040  ch.qos.logback.core.status.InfoStatus
 559:            21           2016  org.hibernate.hql.internal.ast.tree.FromClause
 560:            28           2016  org.apache.xmlbeans.impl.schema.SchemaContainer
 561:           126           2016  java.util.Collections$SingletonSet
 562:            28           2016  org.apache.jasper.runtime.PageContextImpl
 563:           125           2000  org.hibernate.internal.CoreMessageLogger_$logger
 564:            38           2000  [[I
 565:            62           1984  java.io.ObjectStreamField
 566:           124           1984  org.springframework.core.convert.converter.GenericConverter$ConvertiblePair
 567:             8           1984  com.mysql.jdbc.MysqlIO
 568:            62           1984  org.springframework.web.context.request.ServletRequestAttributes
 569:            62           1984  org.springframework.web.method.support.ModelAndViewContainer
 570:           124           1984  org.hibernate.internal.CoreMessageLogger_$logger
 571:            13           1976  org.hibernate.tuple.entity.EntityMetamodel
 572:             4           1976  [Ljava.util.Locale;
 573:           122           1952  java.io.FileDescriptor
 574:            27           1944  org.apache.taglibs.standard.tag.rt.core.ForEachTag
 575:           121           1936  [Lorg.apache.xmlbeans.SchemaIdentityConstraint$Ref;
 576:            95           1928  [Lorg.apache.jasper.compiler.Node$JspAttribute;
 577:            40           1920  org.hibernate.engine.jdbc.spi.TypeInfo
 578:            16           1920  com.sun.org.apache.xerces.internal.impl.XMLEntityManager
 579:           119           1904  sun.security.util.Cache$EqualByteArray
 580:           118           1888  java.security.Provider$UString
 581:            59           1888  org.dom4j.QName
 582:            47           1880  sun.java2d.loops.MaskFill
 583:            39           1872  sun.misc.URLClassPath$JarLoader
 584:            18           1872  java.lang.Thread
 585:           116           1856  sun.security.util.BitArray
 586:           116           1856  sun.security.x509.CertificateAlgorithmId
 587:           116           1856  sun.security.x509.CertificateIssuerName
 588:            29           1856  org.hibernate.engine.jdbc.internal.JdbcCoordinatorImpl
 589:           116           1856  sun.security.x509.CertificateValidity
 590:            29           1856  org.hibernate.engine.spi.ActionQueue
 591:           116           1856  sun.security.x509.CertificateSubjectName
 592:           116           1856  sun.security.x509.CertificateX509Key
 593:           116           1856  sun.security.x509.CertificateVersion
 594:           116           1856  sun.security.x509.CertificateSerialNumber
 595:            33           1848  org.apache.tomcat.util.res.StringManager$1
 596:            21           1848  org.aspectj.weaver.reflect.Java15ReflectionBasedReferenceTypeDelegate
 597:            21           1848  org.hibernate.hql.internal.ast.tree.SelectClause
 598:            46           1840  java.util.concurrent.LinkedBlockingQueue
 599:            46           1840  sun.security.ec.NamedCurve
 600:           115           1840  sun.reflect.generics.tree.TypeVariableSignature
 601:            57           1824  com.sun.org.apache.xerces.internal.util.XMLResourceIdentifierImpl
 602:            16           1792  com.skyline.pojo.RRate
 603:            32           1792  org.springframework.aop.framework.ProxyFactory
 604:            74           1776  org.apache.xmlbeans.SchemaModelGroup$Ref
 605:           111           1776  org.apache.commons.logging.impl.SLF4JLocationAwareLog
 606:            55           1760  java.lang.invoke.MethodType$WeakInternSet$Entry
 607:            55           1760  org.hibernate.metamodel.relational.Size
 608:           109           1744  org.springframework.aop.aspectj.MethodInvocationProceedingJoinPoint$MethodSignatureImpl
 609:           109           1744  org.apache.commons.logging.impl.SLF4JLocationAwareLog
 610:           108           1728  com.sun.proxy.$Proxy47
 611:           108           1728  com.sun.proxy.$Proxy15
 612:            71           1704  org.springframework.core.convert.support.GenericConversionService$ConverterAdapter
 613:            53           1696  sun.security.x509.AuthorityKeyIdentifierExtension
 614:            42           1680  com.sun.org.apache.xerces.internal.impl.dtd.XMLEntityDecl
 615:            15           1680  com.sun.org.apache.xerces.internal.jaxp.SAXParserImpl$JAXPSAXParser
 616:            70           1680  java.lang.invoke.LambdaForm$Name
 617:            41           1640  ch.qos.logback.core.status.InfoStatus
 618:            34           1632  org.aspectj.weaver.UnresolvedType
 619:            34           1632  org.aspectj.weaver.UnresolvedType
 620:            40           1600  java.lang.invoke.MemberName
 621:            20           1600  com.sun.org.apache.xalan.internal.xsltc.trax.TransformerFactoryImpl
 622:            10           1600  org.apache.jasper.compiler.PageInfo
 623:            99           1584  sun.reflect.generics.tree.FormalTypeParameter
 624:            33           1584  java.util.zip.Inflater
 625:            25           1576  [Lorg.apache.xmlbeans.impl.schema.XmlValueRef;
 626:            98           1568  org.springframework.util.AntPathMatcher$AntPathStringMatcher
 627:            98           1568  java.beans.PropertyChangeSupport$PropertyChangeListenerMap
 628:            39           1560  java.util.PropertyResourceBundle
 629:            30           1552  [[Z
 630:            15           1552  [Ljava.lang.invoke.LambdaForm;
 631:            96           1536  java.beans.PropertyChangeSupport
 632:            96           1536  org.springframework.aop.framework.adapter.MethodBeforeAdviceInterceptor
 633:            16           1536  com.sun.org.apache.xerces.internal.impl.dtd.XMLDTDProcessor
 634:            96           1536  javax.security.auth.x500.X500Principal
 635:            32           1536  org.apache.tomcat.util.descriptor.tld.TaglibXml
 636:            96           1536  org.apache.tomcat.util.descriptor.web.MappedNameRule
 637:            24           1536  com.mysql.jdbc.ConnectionPropertiesImpl$MemorySizeConnectionProperty
 638:            95           1520  java.io.FilePermissionCollection
 639:            19           1520  org.apache.jasper.compiler.Node$Root
 640:            95           1520  org.apache.jasper.compiler.Node$ChildInfo
 641:            38           1520  org.hibernate.type.ManyToOneType
 642:            95           1520  javax.servlet.jsp.tagext.TagData
 643:            21           1512  org.hibernate.hql.internal.ast.tree.SelectExpressionImpl
 644:            63           1512  org.apache.xmlbeans.SchemaGlobalAttribute$Ref
 645:             9           1512  com.sun.org.apache.xerces.internal.impl.dtd.XMLDTDValidator
 646:            21           1512  org.hibernate.hql.internal.ast.tree.QueryNode
 647:            94           1504  org.springframework.web.servlet.mvc.condition.HeadersRequestCondition
 648:            47           1504  org.hibernate.metamodel.relational.Size
 649:            94           1504  org.springframework.web.servlet.mvc.condition.ConsumesRequestCondition
 650:            94           1504  org.springframework.web.servlet.mvc.condition.RequestMethodsRequestCondition
 651:            94           1504  org.springframework.web.servlet.mvc.condition.ParamsRequestCondition
 652:            94           1504  org.springframework.web.servlet.mvc.condition.HeadersRequestCondition
 653:            94           1504  org.springframework.web.servlet.mvc.condition.RequestConditionHolder
 654:            94           1504  org.springframework.web.servlet.mvc.condition.ConsumesRequestCondition
 655:            94           1504  org.springframework.web.servlet.mvc.condition.RequestConditionHolder
 656:            94           1504  org.springframework.web.servlet.mvc.condition.RequestMethodsRequestCondition
 657:            94           1504  org.springframework.web.servlet.mvc.condition.ParamsRequestCondition
 658:            62           1488  org.springframework.web.servlet.HandlerExecutionChain
 659:            93           1488  java.nio.channels.spi.AbstractInterruptibleChannel$1
 660:            62           1488  org.springframework.web.method.annotation.ModelFactory
 661:            23           1472  org.hibernate.hql.internal.ast.tree.BinaryLogicOperatorNode
 662:            61           1464  org.springframework.cglib.proxy.MethodProxy$FastClassInfo
 663:            91           1456  org.apache.coyote.http11.InternalNioInputBuffer$SocketInputBuffer
 664:            91           1456  org.apache.tomcat.util.net.NioEndpoint$NioBufferHandler
 665:            91           1456  org.apache.coyote.http11.InternalNioOutputBuffer$SocketOutputBuffer
 666:            49           1456  [Ljava.util.Map;
 667:            91           1456  org.aspectj.weaver.reflect.Java15GenericSignatureInformationProvider
 668:            91           1456  org.apache.tomcat.util.http.ServerCookies
 669:            14           1456  org.apache.jasper.JspCompilationContext
 670:            91           1456  java.util.regex.Pattern$BitClass
 671:            45           1440  org.dom4j.QName
 672:            10           1440  org.aspectj.weaver.ArrayReferenceType
 673:            89           1424  org.apache.catalina.connector.CoyoteInputStream
 674:            87           1424  [Lorg.aspectj.weaver.ResolvedType;
 675:            41           1424  [Lcom.sun.org.apache.xerces.internal.util.XMLAttributesImpl$Attribute;
 676:            89           1424  org.apache.catalina.connector.RequestFacade
 677:            89           1424  org.apache.catalina.connector.CoyoteOutputStream
 678:            89           1424  org.apache.catalina.connector.ResponseFacade
 679:            88           1408  java.util.concurrent.CopyOnWriteArraySet
 680:            88           1408  org.apache.tomcat.util.threads.TaskThread$WrappingRunnable
 681:            44           1408  org.apache.catalina.core.StandardPipeline
 682:            29           1392  [Lorg.hibernate.engine.spi.ExecutableList;
 683:            29           1392  org.hibernate.internal.util.collections.ConcurrentReferenceHashMap
 684:            29           1392  org.hibernate.internal.util.collections.ConcurrentReferenceHashMap$Segment
 685:            29           1392  [Lorg.hibernate.internal.util.collections.ConcurrentReferenceHashMap$HashEntry;
 686:            29           1392  org.hibernate.engine.transaction.internal.TransactionCoordinatorImpl
 687:            26           1360  [Lorg.hibernate.engine.spi.CascadeStyle;
 688:            21           1344  org.hibernate.hql.internal.ast.QueryTranslatorImpl
 689:            28           1344  [Ljavax.servlet.jsp.PageContext;
 690:            84           1344  org.apache.poi.ss.formula.atp.AnalysisToolPak$NotImplemented
 691:            21           1344  org.apache.jasper.compiler.Node$PageDirective
 692:            28           1344  org.apache.jasper.runtime.JspWriterImpl
 693:            84           1344  org.apache.poi.ss.formula.atp.AnalysisToolPak$NotImplemented
 694:            21           1344  org.hibernate.hql.internal.ast.HqlParser
 695:            28           1344  org.hibernate.hql.internal.ast.tree.SqlNode
 696:            83           1328  org.hibernate.dialect.function.StandardSQLFunction
 697:            11           1320  <klassKlass>
 698:            49           1312  [Lorg.springframework.aop.Advisor;
 699:            82           1312  java.lang.ThreadLocal
 700:             4           1312  org.hibernate.persister.collection.BasicCollectionPersister
 701:            54           1296  sun.security.x509.URIName
 702:             7           1288  org.aspectj.weaver.reflect.ReflectionWorld
 703:            23           1288  org.hibernate.hql.internal.ast.tree.ParameterNode
 704:            32           1280  com.sun.org.apache.xerces.internal.impl.dv.xs.DecimalDV$XDecimal
 705:            20           1280  org.apache.jasper.compiler.Node$TaglibDirective
 706:            15           1280  [Ljava.lang.Byte;
 707:            80           1280  java.util.Collections$UnmodifiableRandomAccessList
 708:             9           1264  [Lorg.aspectj.apache.bcel.generic.Type;
 709:             9           1264  [Lorg.aspectj.apache.bcel.generic.Type;
 710:            52           1248  org.aspectj.weaver.reflect.Java15AnnotationFinder
 711:            12           1248  java.net.SocksSocketImpl
 712:            52           1248  org.aspectj.apache.bcel.util.NonCachingClassLoaderRepository$SoftHashMap
 713:            77           1232  sun.security.x509.GeneralName
 714:            14           1232  org.apache.jasper.servlet.JspServletWrapper
 715:            14           1232  org.apache.jasper.servlet.JasperLoader
 716:            77           1232  java.util.regex.Pattern$Start
 717:            77           1232  java.util.concurrent.ConcurrentHashMap$KeySet
 718:            38           1216  org.apache.el.parser.AstString
 719:            15           1200  org.hibernate.mapping.Table
 720:            25           1200  com.sun.org.apache.xerces.internal.util.XMLAttributesIteratorImpl
 721:            30           1200  sun.java2d.loops.DrawGlyphListAA
 722:            37           1184  sun.security.x509.DistributionPoint
 723:            74           1184  org.springframework.util.AntPathMatcher$AntPathStringMatcher
 724:            37           1184  org.apache.catalina.mbeans.ContainerMBean
 725:            21           1176  org.hibernate.hql.internal.ast.tree.SqlFragment
 726:           147           1176  org.hibernate.loader.plan.build.internal.returns.SimpleEntityIdentifierDescriptionImpl
 727:            29           1160  org.hibernate.engine.transaction.synchronization.internal.SynchronizationCallbackCoordinatorTrackingImpl
 728:            36           1152  java.lang.reflect.Proxy$Key1
 729:            24           1152  org.apache.tomcat.util.descriptor.web.LifecycleCallbackRule
 730:            48           1152  com.sun.org.apache.xerces.internal.impl.xs.traversers.OneAttr
 731:            48           1152  java.util.regex.Pattern$1
 732:            48           1152  org.apache.poi.ss.usermodel.IndexedColors
 733:             8           1152  com.mysql.jdbc.Field
 734:            24           1152  org.apache.tomcat.util.descriptor.web.CallMethodMultiRule
 735:            36           1152  org.aspectj.weaver.patterns.NamePattern
 736:            47           1128  com.sun.org.apache.xerces.internal.util.SymbolHash
 737:            41           1128  [Lcom.sun.org.apache.xerces.internal.impl.xs.traversers.OneAttr;
 738:            35           1120  org.springframework.beans.factory.config.ConstructorArgumentValues$ValueHolder
 739:             7           1120  org.aspectj.weaver.Lint
 740:            10           1120  org.apache.taglibs.standard.tlv.JstlCoreTLV
 741:            35           1120  sun.reflect.annotation.AnnotationType
 742:            35           1120  org.springframework.beans.factory.config.ConstructorArgumentValues$ValueHolder
 743:            35           1120  com.sun.org.apache.xerces.internal.impl.dtd.XMLElementDecl
 744:            46           1104  org.apache.el.parser.AstEqual
 745:            46           1104  java.security.spec.EllipticCurve
 746:            34           1088  sun.security.x509.CRLDistributionPointsExtension
 747:            34           1088  java.lang.Throwable
 748:            34           1088  org.hibernate.engine.transaction.internal.jdbc.JdbcTransaction
 749:            68           1088  org.xml.sax.helpers.AttributesImpl
 750:            17           1088  org.apache.catalina.valves.AbstractAccessLogValve$DateFormatCache$Cache
 751:            27           1080  sun.java2d.loops.BlitBg
 752:            45           1080  org.springframework.core.convert.support.GenericConversionService$ConverterAdapter
 753:            45           1080  sun.java2d.loops.SurfaceType
 754:            44           1056  org.apache.catalina.core.ContainerBase$StartStopThreadFactory
 755:            22           1056  sun.nio.cs.ISO_8859_1$Encoder
 756:             1           1040  [Ljava.lang.Short;
 757:             1           1040  [Lcom.sun.org.apache.xerces.internal.impl.dtd.models.ContentModelValidator;
 758:             1           1040  [Lcom.sun.org.apache.xerces.internal.impl.dv.DatatypeValidator;
 759:             1           1040  [Ljava.lang.Long;
 760:             1           1040  [Ljava.lang.Integer;
 761:            65           1040  [Lorg.apache.tomcat.util.modeler.NotificationInfo;
 762:            26           1040  com.skyline.pojo.User
 763:            26           1040  com.sun.org.apache.xerces.internal.impl.dtd.XMLDTDDescription
 764:            26           1040  org.springframework.core.task.SimpleAsyncTaskExecutor
 765:             1           1032  [Lcom.mysql.jdbc.MysqlCharset;
 766:            43           1032  javax.management.NotificationBroadcasterSupport
 767:             1           1032  [Lcom.mysql.jdbc.MysqlCharset;
 768:            64           1024  java.util.Collections$SetFromMap
 769:            64           1024  org.apache.jasper.compiler.JspUtil$ValidAttribute
 770:            64           1024  org.springframework.web.context.request.async.WebAsyncManager$1
 771:            32           1024  org.apache.jasper.compiler.TldCache$TaglibXmlCacheEntry
 772:            64           1024  org.springframework.web.servlet.FrameworkServlet$RequestBindingInterceptor
 773:            42           1008  org.hibernate.hql.internal.ast.ErrorCounter
 774:             7           1008  org.apache.catalina.loader.WebappClassLoader
 775:            42           1008  com.mysql.jdbc.ByteArrayRow
 776:            21           1008  org.hibernate.hql.internal.ast.tree.FromElementType
 777:            21           1008  org.hibernate.hql.internal.ast.HqlLexer
 778:            42           1008  org.apache.tomcat.util.buf.C2BConverter
 779:            42           1008  org.apache.catalina.mapper.Mapper$MappedWrapper
 780:            42           1008  org.apache.poi.xssf.usermodel.XSSFRelation
 781:            25           1000  com.sun.org.apache.xerces.internal.impl.XMLDocumentFragmentScannerImpl$ElementStack
 782:            25           1000  com.sun.org.apache.xerces.internal.impl.XMLDocumentFragmentScannerImpl$ElementStack2
 783:            25           1000  com.sun.org.apache.xerces.internal.impl.validation.ValidationState
 784:            62            992  org.springframework.core.io.FileSystemResource
 785:            41            992  [Lcom.sun.org.apache.xalan.internal.utils.FeaturePropertyBase$State;
 786:            62            992  org.springframework.core.io.FileSystemResource
 787:            62            992  org.springframework.web.servlet.mvc.method.annotation.ServletRequestDataBinderFactory
 788:            62            992  java.util.regex.Pattern$CharProperty$1
 789:            62            992  org.springframework.web.bind.support.SimpleSessionStatus
 790:            62            992  [Lorg.springframework.web.servlet.HandlerInterceptor;
 791:            62            992  [Ljava.security.CodeSigner;
 792:            62            992  org.springframework.web.servlet.DispatcherServlet$1
 793:            41            984  org.springframework.cglib.proxy.MethodProxy$FastClassInfo
 794:            61            976  [Ljava.util.Map$Entry;
 795:            30            960  org.hibernate.engine.spi.LoadQueryInfluencers
 796:            12            960  org.apache.xmlbeans.impl.schema.SchemaParticleImpl
 797:            24            960  org.apache.tomcat.util.descriptor.web.CallParamMultiRule
 798:            40            952  [Ljava.security.cert.Certificate;
 799:            59            944  sun.security.x509.GeneralNames
 800:            50            944  [Lorg.hibernate.LockMode;
 801:            39            936  org.springframework.core.convert.TypeDescriptor
 802:            39            936  org.hibernate.engine.query.spi.NamedParameterDescriptor
 803:            13            936  org.hibernate.tuple.entity.PojoEntityTuplizer
 804:            29            928  ch.qos.logback.core.joran.event.StartEvent
 805:            29            928  com.skyline.util.PageInfo
 806:            58            928  antlr.collections.impl.BitSet
 807:            29            928  org.hibernate.engine.jdbc.internal.LogicalConnectionImpl
 808:            58            928  java.util.jar.Manifest
 809:            29            928  org.hibernate.engine.internal.EntityEntryContext
 810:            29            928  ch.qos.logback.core.joran.event.StartEvent
 811:            58            928  antlr.collections.impl.BitSet
 812:            29            928  org.springframework.orm.hibernate4.SessionHolder
 813:            58            928  java.util.jar.JarVerifier$3
 814:            23            920  org.apache.taglibs.standard.tag.rt.core.IfTag
 815:            19            912  sun.java2d.loops.GraphicsPrimitiveProxy
 816:             6            912  org.apache.catalina.session.StandardManager
 817:            14            896  java.util.regex.Matcher
 818:            28            896  com.sun.org.apache.xerces.internal.utils.XMLLimitAnalyzer
 819:            56            896  org.apache.poi.util.BitField
 820:            14            896  org.apache.jasper.compiler.Node$Expression
 821:            14            896  java.lang.invoke.MethodTypeForm
 822:            56            896  org.apache.poi.util.BitField
 823:            56            896  java.util.regex.Pattern$Begin
 824:            56            896  java.io.ByteArrayOutputStream
 825:            37            888  java.security.cert.PolicyQualifierInfo
 826:            37            888  org.springframework.core.convert.TypeDescriptor
 827:            55            880  java.util.concurrent.LinkedBlockingQueue$Node
 828:            55            880  [Ljavax.management.MBeanNotificationInfo;
 829:             1            880  [Lorg.apache.tomcat.util.net.jsse.openssl.Cipher;
 830:            27            864  java.math.BigDecimal
 831:            36            864  org.apache.catalina.util.InstanceSupport
 832:            54            864  sun.security.x509.DNSName
 833:            27            864  java.util.HashMap$KeyIterator
 834:            18            864  org.apache.tomcat.util.descriptor.web.FilterDef
 835:            36            864  com.sun.org.apache.xerces.internal.impl.xs.traversers.SmallContainer
 836:            36            864  [Ljava.lang.ref.WeakReference;
 837:            36            864  javax.servlet.jsp.tagext.FunctionInfo
 838:            27            864  sun.misc.URLClassPath
 839:            53            848  java.util.Arrays$ArrayList
 840:            21            840  antlr.LexerSharedInputState
 841:            15            840  com.sun.org.apache.xerces.internal.jaxp.SAXParserImpl
 842:            35            840  java.lang.StringCoding$StringEncoder
 843:            21            840  org.hibernate.engine.query.spi.HQLQueryPlan
 844:            15            832  [D
 845:            13            832  java.security.SecureRandom
 846:            26            832  java.util.LinkedHashMap$KeyIterator
 847:            21            832  [Lcom.sun.org.apache.xalan.internal.utils.XMLSecurityManager$State;
 848:            52            832  org.aspectj.weaver.WeakClassLoaderReference
 849:            26            832  [Ljavax.servlet.jsp.tagext.Tag;
 850:            52            832  org.aspectj.weaver.bcel.BcelWeakClassLoaderReference
 851:            52            832  org.aspectj.apache.bcel.util.NonCachingClassLoaderRepository
 852:             1            816  [Lorg.apache.tomcat.util.buf.StringCache$ByteEntry;
 853:            51            816  java.security.spec.ECPoint
 854:            34            816  org.apache.xmlbeans.impl.values.XmlIntegerImpl
 855:            17            816  org.springframework.aop.framework.AdvisedSupport
 856:            17            816  org.springframework.aop.framework.AdvisedSupport
 857:            50            800  [Lorg.hibernate.loader.EntityAliases;
 858:            50            800  [Ljavax.management.MBeanConstructorInfo;
 859:            33            792  java.util.RegularEnumSet
 860:            11            792  org.apache.jasper.compiler.TagLibraryInfoImpl
 861:            33            792  org.hibernate.event.service.internal.EventListenerGroupImpl
 862:            11            784  [Ljavax.servlet.jsp.tagext.TagInfo;
 863:            14            784  org.springframework.web.servlet.view.InternalResourceView
 864:            32            768  sun.awt.SunHints$Value
 865:            32            768  org.apache.naming.NamingEntry
 866:            24            768  java.lang.invoke.MethodType
 867:            32            768  com.sun.jmx.mbeanserver.DefaultMXBeanMappingFactory$IdentityMapping
 868:            32            768  [Lcom.sun.org.apache.xerces.internal.impl.XMLEntityManager$CharacterBuffer;
 869:            32            768  org.apache.tomcat.util.descriptor.tld.TldResourcePath
 870:            16            768  com.sun.org.apache.xerces.internal.impl.XMLEntityScanner
 871:            19            760  org.springframework.aop.framework.ReflectiveMethodInvocation
 872:            47            752  [Lorg.hibernate.type.EntityType;
 873:            31            744  org.springframework.beans.BeanWrapperImpl$PropertyTokenHolder
 874:            31            744  java.sql.Timestamp
 875:            31            744  com.mysql.jdbc.Buffer
 876:            31            744  org.apache.catalina.util.ManifestResource
 877:            23            736  java.io.ObjectStreamClass$WeakClassKey
 878:            35            728  [Ljava.lang.annotation.ElementType;
 879:            91            728  org.apache.coyote.http11.filters.VoidInputFilter
 880:            91            728  org.apache.coyote.http11.filters.VoidOutputFilter
 881:            13            728  org.hibernate.cfg.Configuration$MappingsImpl
 882:            91            728  org.apache.tomcat.util.buf.UDecoder
 883:            30            720  org.dom4j.tree.DefaultElement
 884:            30            720  org.hibernate.engine.spi.ActionQueue$InsertActionSorter
 885:            30            720  org.apache.tomcat.util.descriptor.tld.TldRuleSet$GenericBooleanRule
 886:            45            720  org.springframework.beans.TypeConverterDelegate
 887:            15            720  java.lang.management.PlatformComponent
 888:            15            720  javax.management.openmbean.ArrayType
 889:            30            720  java.util.regex.Pattern$5
 890:            45            720  org.aspectj.weaver.reflect.JavaLangTypeToResolvedTypeConverter
 891:            45            720  org.springframework.validation.DefaultMessageCodesResolver
 892:            18            720  java.io.ObjectStreamClass$FieldReflectorKey
 893:            30            720  java.security.Provider$EngineDescription
 894:            19            712  [Lorg.springframework.asm.Type;
 895:            19            712  [Lorg.springframework.asm.Type;
 896:            27            704  [Lorg.apache.catalina.WebResource;
 897:            44            704  org.hibernate.hql.internal.ast.util.ASTPrinter
 898:            14            704  [Lorg.hibernate.FetchMode;
 899:            44            704  org.apache.coyote.ActionCode
 900:            44            704  java.util.Collections$SynchronizedSet
 901:            11            704  java.awt.geom.AffineTransform
 902:            29            696  ch.qos.logback.core.joran.event.EndEvent
 903:            29            696  ch.qos.logback.core.spi.ContextAwareBase
 904:            29            696  org.springframework.beans.BeanWrapperImpl$PropertyTokenHolder
 905:            29            696  org.hibernate.engine.spi.ActionQueue$AfterTransactionCompletionProcessQueue
 906:            29            696  com.skyline.pojo.Onliner
 907:            29            696  org.apache.xmlbeans.impl.schema.SchemaAttributeModelImpl
 908:            29            696  ch.qos.logback.core.spi.ContextAwareBase
 909:            29            696  org.hibernate.internal.util.collections.IdentityMap
 910:            29            696  ch.qos.logback.core.joran.event.EndEvent
 911:            35            696  [Lorg.springframework.core.ResolvableType;
 912:            13            680  [Lorg.hibernate.tuple.NonIdentifierAttribute;
 913:            13            680  [Lorg.hibernate.tuple.InMemoryValueGenerationStrategy;
 914:            13            680  [Lorg.hibernate.tuple.InDatabaseValueGenerationStrategy;
 915:            17            680  sun.java2d.loops.FillRect
 916:            34            680  [Lorg.springframework.core.ResolvableType;
 917:            17            680  sun.java2d.loops.DrawGlyphList
 918:            13            680  [Lorg.hibernate.property.Getter;
 919:            13            680  [Lorg.hibernate.property.Setter;
 920:            28            672  sun.security.x509.CertificatePoliciesExtension
 921:            21            672  antlr.TokenBuffer
 922:             4            672  org.hibernate.mapping.Set
 923:            28            672  org.apache.xmlbeans.SchemaAttributeGroup$Ref
 924:            28            672  org.dom4j.tree.DefaultAttribute
 925:            17            672  [Lcom.sun.org.apache.xerces.internal.utils.XMLSecurityManager$State;
 926:            21            672  antlr.CharBuffer
 927:            14            672  org.apache.jasper.compiler.JDTCompiler
 928:            14            672  sun.nio.cs.StreamEncoder
 929:            12            672  org.springframework.web.servlet.view.InternalResourceView
 930:            21            672  java.io.StringReader
 931:            40            648  [Lorg.hibernate.engine.spi.ExecuteUpdateResultCheckStyle;
 932:            27            648  org.apache.el.parser.AstBracketSuffix
 933:            27            648  org.hibernate.service.spi.ServiceBinding
 934:            16            640  com.sun.org.apache.xerces.internal.impl.XMLErrorReporter
 935:            16            640  sun.java2d.loops.FillSpans
 936:            20            640  com.sun.org.apache.xalan.internal.utils.XMLSecurityManager
 937:            20            640  org.apache.xmlbeans.impl.regex.RangeToken
 938:            16            640  sun.java2d.loops.DrawRect
 939:            16            640  sun.java2d.loops.DrawPolygons
 940:            16            640  sun.java2d.loops.DrawPath
 941:            16            640  sun.java2d.loops.FillPath
 942:            16            640  com.sun.org.apache.xerces.internal.util.XMLAttributesImpl
 943:            16            640  com.sun.org.apache.xerces.internal.impl.XMLEntityManager$CharacterBufferPool
 944:             4            640  com.mysql.jdbc.StatementImpl
 945:            10            640  org.apache.jasper.compiler.Node$Comment
 946:            16            640  sun.java2d.loops.DrawLine
 947:            21            632  [Lantlr.Token;
 948:             7            632  [Lsun.java2d.loops.RenderCache$Entry;
 949:            26            624  java.security.spec.ECFieldF2m
 950:            26            624  org.apache.jasper.runtime.TagHandlerPool
 951:            39            624  org.aspectj.weaver.reflect.Java15GenericSignatureInformationProvider
 952:            26            624  com.sun.org.apache.xerces.internal.impl.dtd.XMLAttributeDecl
 953:            39            624  java.util.regex.Pattern$CharPropertyNames$1
 954:            26            624  org.springframework.core.task.SimpleAsyncTaskExecutor$ConcurrencyThrottleAdapter
 955:            19            608  org.springframework.transaction.interceptor.TransactionAspectSupport$TransactionInfo
 956:            19            608  com.sun.jmx.mbeanserver.WeakIdentityHashMap$IdentityWeakReference
 957:            19            608  org.springframework.transaction.support.DefaultTransactionStatus
 958:            19            608  java.util.PropertyPermission
 959:            25            600  org.hibernate.service.internal.ConcurrentServiceBinding$Node
 960:            25            600  org.hibernate.service.internal.ConcurrentServiceBinding$Entry
 961:            25            600  sun.nio.cs.CharsetMapping$Entry
 962:            25            600  org.springframework.orm.hibernate4.support.AsyncRequestInterceptor
 963:             5            600  com.skyline.pojo.Rate
 964:            25            600  com.sun.org.apache.xerces.internal.impl.dtd.DTDGrammarBucket
 965:            37            592  sun.security.x509.CertificatePolicyId
 966:            37            592  java.util.Hashtable$EntrySet
 967:            15            584  [Ljava.lang.invoke.LambdaForm$Name;
 968:            11            584  [Lorg.apache.xmlbeans.SchemaParticle;
 969:            36            576  org.apache.catalina.core.StandardWrapperFacade
 970:            18            576  org.apache.catalina.core.ApplicationFilterConfig
 971:            36            576  java.lang.reflect.Proxy$KeyX
 972:            36            576  [Lorg.apache.catalina.InstanceListener;
 973:            24            576  org.apache.tomcat.util.descriptor.web.TaglibLocationRule
 974:             4            576  org.aspectj.weaver.ArrayReferenceType
 975:            24            576  org.aspectj.apache.bcel.util.NonCachingClassLoaderRepository$SoftHashMap
 976:            24            576  sun.font.EAttribute
 977:            18            576  org.springframework.cglib.proxy.Enhancer$EnhancerKey$$KeyFactoryByCGLIB$$4ce19e8f
 978:             9            576  org.apache.jasper.compiler.Node$IncludeDirective
 979:             6            576  org.apache.jasper.EmbeddedServletOptions
 980:            36            576  org.hibernate.event.service.internal.EventListenerGroupImpl$1
 981:            24            576  java.util.BitSet
 982:            18            576  com.sun.jmx.mbeanserver.MXBeanSupport
 983:             9            576  java.util.concurrent.ScheduledThreadPoolExecutor$ScheduledFutureTask
 984:            36            576  org.hibernate.event.spi.EventType
 985:            24            576  org.aspectj.weaver.reflect.Java15AnnotationFinder
 986:            12            576  org.apache.tomcat.util.descriptor.web.WebRuleSet
 987:             2            576  org.apache.tomcat.util.net.NioEndpoint
 988:            24            576  sun.security.x509.OIDMap$OIDInfo
 989:             8            576  org.apache.tomcat.websocket.pojo.PojoMethodMapping$MessageHandlerInfo
 990:            36            576  org.hibernate.event.spi.EventType
 991:             6            576  org.apache.tomcat.websocket.server.WsServerContainer
 992:            18            576  org.springframework.cglib.proxy.Enhancer$EnhancerKey$$KeyFactoryByCGLIB$$4ce19e8f
 993:             2            576  [Ljava.lang.Thread;
 994:             9            576  org.apache.juli.ClassLoaderLogManager$RootLogger
 995:            23            568  [Ljava.io.ObjectStreamField;
 996:            35            560  ch.qos.logback.core.joran.spi.ElementSelector
 997:            14            560  javax.management.openmbean.SimpleType
 998:            14            560  sun.java2d.loops.TransformHelper
 999:             7            560  org.apache.catalina.deploy.NamingResourcesImpl
1000:            35            560  ch.qos.logback.core.joran.spi.ElementSelector
1001:            23            552  com.sun.jmx.mbeanserver.PerInterface$MethodAndSig
1002:            23            552  org.hibernate.param.NamedParameterSpecification
1003:             3            552  org.aspectj.weaver.reflect.ReflectionWorld
1004:            34            544  org.apache.tomcat.util.res.StringManager
1005:            34            544  [Lorg.apache.xmlbeans.SchemaType$Ref;
1006:            17            544  org.apache.tomcat.util.descriptor.web.FilterMap
1007:            34            544  org.springframework.expression.common.LiteralExpression
1008:            17            544  org.apache.catalina.valves.AbstractAccessLogValve$DateFormatCache
1009:            34            544  org.springframework.expression.common.LiteralExpression
1010:            33            528  sun.security.x509.PolicyInformation
1011:            33            528  com.sun.proxy.$Proxy9
1012:            22            528  com.skyline.pojo.Role
1013:            22            528  java.lang.invoke.LambdaForm$NamedFunction
1014:            33            528  java.util.zip.ZStreamRef
1015:            22            528  org.apache.naming.NamingContext
1016:            22            528  java.util.logging.LogManager$LogNode
1017:             1            528  [Ljava.lang.invoke.MethodType$WeakInternSet$Entry;
1018:            22            528  sun.nio.cs.Surrogate$Parser
1019:             1            528  [Ljava.lang.Character;
1020:            33            528  com.sun.proxy.$Proxy0
1021:            33            528  org.springframework.core.ResolvableType$DefaultVariableResolver
1022:            13            520  sun.java2d.loops.DrawGlyphListLCD
1023:            13            520  org.hibernate.proxy.pojo.javassist.JavassistProxyFactory
1024:            32            512  org.springframework.core.ResolvableType$DefaultVariableResolver
1025:            16            512  org.aspectj.weaver.patterns.NamePattern
1026:            16            512  com.sun.org.apache.xerces.internal.impl.XMLVersionDetector
1027:            32            512  org.springframework.aop.target.SingletonTargetSource
1028:            16            512  com.sun.org.apache.xerces.internal.utils.XMLSecurityManager
1029:            16            512  com.sun.org.apache.xerces.internal.util.NamespaceSupport
1030:            16            512  com.sun.xml.internal.stream.XMLEntityStorage
1031:             8            512  com.mysql.jdbc.ConnectionPropertiesImpl$LongConnectionProperty
1032:            21            504  antlr.CharQueue
1033:            21            504  org.hibernate.hql.internal.ast.HqlASTFactory
1034:             7            504  org.aspectj.weaver.CrosscuttingMembersSet
1035:            21            504  antlr.ParserSharedInputState
1036:            21            504  antlr.TokenQueue
1037:            21            504  org.hibernate.internal.FilterHelper
1038:            21            504  org.hibernate.hql.internal.ast.SqlASTFactory
1039:            21            504  sun.security.x509.AVAKeyword
1040:            21            504  org.apache.el.parser.AstTrue
1041:             9            504  org.aspectj.internal.lang.reflect.AjTypeImpl
1042:             7            504  org.aspectj.weaver.patterns.WildTypePattern
1043:            21            504  org.hibernate.engine.query.spi.QueryPlanCache$HQLQueryPlanKey
1044:            21            504  java.sql.Date
1045:             9            504  org.aspectj.internal.lang.reflect.AjTypeImpl
1046:            30            480  ch.qos.logback.core.joran.spi.ElementPath
1047:            10            480  sun.invoke.util.Wrapper
1048:             3            480  org.aspectj.weaver.Lint
1049:            30            480  ch.qos.logback.core.joran.spi.ElementPath
1050:            20            480  org.apache.tomcat.util.digester.RulesBase
1051:             6            480  org.apache.catalina.webresources.StandardRoot
1052:            20            480  java.util.regex.Pattern$Ques
1053:            20            480  org.springframework.core.convert.support.GenericConversionService$ConverterFactoryAdapter
1054:             6            480  org.apache.jasper.compiler.JspRuntimeContext
1055:            29            464  org.hibernate.engine.internal.NaturalIdXrefDelegate
1056:            29            464  [Lorg.hibernate.persister.entity.Loadable;
1057:            29            464  org.hibernate.action.internal.UnresolvedEntityInsertActions
1058:            29            464  org.hibernate.engine.internal.StatefulPersistenceContext$1
1059:            29            464  org.springframework.aop.framework.adapter.AfterReturningAdviceInterceptor
1060:            29            464  org.hibernate.internal.SessionImpl$CoordinatingEntityNameResolver
1061:            29            464  org.hibernate.engine.spi.ActionQueue$BeforeTransactionCompletionProcessQueue
1062:            29            464  org.hibernate.internal.AbstractSessionImpl$NonContextualJdbcConnectionAccess
1063:            29            464  [Lorg.hibernate.internal.util.collections.ConcurrentReferenceHashMap$Segment;
1064:            29            464  org.hibernate.engine.transaction.internal.SynchronizationRegistryImpl
1065:            29            464  org.hibernate.engine.internal.SessionEventListenerManagerImpl
1066:            15            464  [Lorg.apache.jasper.compiler.JspUtil$ValidAttribute;
1067:            19            456  java.lang.invoke.DirectMethodHandle
1068:             2            456  [[[C
1069:            19            456  sun.java2d.loops.CompositeType
1070:            19            456  org.springframework.transaction.interceptor.TransactionAspectSupport$2
1071:             3            456  com.sun.org.apache.xerces.internal.impl.xs.SchemaGrammar$BuiltinSchemaGrammar
1072:             8            448  sun.security.provider.SHA
1073:            28            448  org.apache.catalina.session.StandardSessionFacade
1074:            28            448  org.apache.jasper.runtime.JspFactoryImpl$PageContextPool
1075:             8            448  com.mysql.jdbc.util.LRUCache
1076:            28            448  org.hibernate.internal.ConnectionObserverStatsBridge
1077:             7            448  [Lorg.aspectj.weaver.ResolvedMember;
1078:            28            448  [Lorg.apache.jasper.runtime.BodyContentImpl;
1079:             7            448  org.aspectj.weaver.patterns.SignaturePattern
1080:             8            448  javax.management.openmbean.OpenMBeanParameterInfoSupport
1081:             7            448  org.aspectj.weaver.patterns.KindedPointcut
1082:            11            440  org.springframework.transaction.interceptor.RuleBasedTransactionAttribute
1083:            11            440  org.springframework.transaction.interceptor.RuleBasedTransactionAttribute
1084:             9            432  [Lsun.awt.SunHints$Value;
1085:            18            432  org.apache.tomcat.util.descriptor.LocalResolver
1086:             9            432  sun.nio.cs.SingleByte$Decoder
1087:            18            432  sun.security.x509.ExtendedKeyUsageExtension
1088:             9            432  javax.management.openmbean.CompositeType
1089:            27            432  org.apache.taglibs.standard.tag.common.core.ForEachSupport$SimpleForEachIterator
1090:             6            432  sun.nio.ch.EPollArrayWrapper
1091:            18            424  [Lorg.apache.catalina.mapper.Mapper$MappedWrapper;
1092:            13            416  org.hibernate.tuple.IdentifierProperty
1093:            26            416  com.sun.proxy.$Proxy10
1094:            13            416  org.aspectj.weaver.patterns.TypePatternList
1095:            26            416  org.eclipse.jdt.internal.compiler.impl.IrritantSet
1096:            13            416  org.hibernate.persister.entity.BasicEntityPropertyMapping
1097:            13            416  java.util.TreeMap$KeyIterator
1098:             2            416  org.springframework.beans.factory.support.DefaultListableBeanFactory
1099:            26            416  org.apache.tomcat.util.descriptor.tld.ValidatorXml
1100:            17            416  [Lorg.springframework.aop.Advisor;
1101:            26            416  java.lang.Double
1102:            13            416  org.springframework.core.SerializableTypeWrapper$MethodParameterTypeProvider
1103:            13            416  org.hibernate.dialect.lock.PessimisticReadSelectLockingStrategy
1104:            13            416  org.hibernate.dialect.lock.PessimisticWriteSelectLockingStrategy
1105:             2            416  org.springframework.beans.factory.support.DefaultListableBeanFactory
1106:            17            416  [Lcom.sun.org.apache.xerces.internal.utils.XMLSecurityPropertyManager$State;
1107:            13            416  java.awt.Color
1108:            13            416  org.hibernate.tuple.PojoInstantiator
1109:            13            416  org.springframework.core.SerializableTypeWrapper$MethodParameterTypeProvider
1110:            17            408  org.springframework.aop.framework.CglibAopProxy$ProxyCallbackFilter
1111:            17            408  sun.security.x509.AccessDescription
1112:            17            408  org.springframework.aop.framework.CglibAopProxy$ProxyCallbackFilter
1113:             4            408  [Ljava.math.BigInteger;
1114:            25            400  java.util.regex.Pattern$Ctype
1115:            10            400  org.apache.jasper.compiler.ParserController
1116:            25            400  java.lang.Float
1117:            25            400  com.sun.org.apache.xerces.internal.impl.XMLDocumentScannerImpl$XMLDeclDriver
1118:            25            400  com.sun.org.apache.xerces.internal.impl.XMLDocumentScannerImpl$PrologDriver
1119:            25            400  com.sun.org.apache.xerces.internal.impl.XMLDocumentScannerImpl$TrailingMiscDriver
1120:            10            400  org.apache.catalina.util.StandardSessionIdGenerator
1121:            25            400  [Lorg.hibernate.engine.query.spi.OrdinalParameterDescriptor;
1122:            10            400  sun.security.ssl.CipherSuite$BulkCipher
1123:             7            392  org.apache.catalina.core.ApplicationContext
1124:            16            384  sun.security.ssl.CipherSuite$KeyExchange
1125:            12            384  com.sun.jmx.mbeanserver.PerInterface
1126:             8            384  java.lang.ThreadGroup
1127:             6            384  org.springframework.util.LinkedCaseInsensitiveMap
1128:            16            384  javax.imageio.spi.DigraphNode
1129:            12            384  sun.security.ssl.SignatureAndHashAlgorithm
1130:            24            384  org.aspectj.weaver.bcel.BcelWeakClassLoaderReference
1131:            24            384  org.aspectj.apache.bcel.util.NonCachingClassLoaderRepository
1132:            16            384  com.sun.org.apache.xerces.internal.impl.XMLNSDocumentScannerImpl$NSContentDriver
1133:            24            384  org.aspectj.weaver.tools.PointcutPrimitive
1134:            12            384  org.springframework.beans.factory.config.TypedStringValue
1135:            24            384  org.hibernate.engine.query.spi.ParameterMetadata
1136:             4            384  com.sun.org.apache.xerces.internal.impl.dv.xs.AbstractDateTimeDV$DateTimeData
1137:             8            384  java.net.SocketInputStream
1138:            24            384  org.hibernate.hql.internal.ast.util.SessionFactoryHelper
1139:             8            384  java.net.SocketOutputStream
1140:            24            384  sun.reflect.generics.tree.ArrayTypeSignature
1141:            24            384  org.aspectj.weaver.tools.PointcutPrimitive
1142:            24            384  ch.qos.logback.core.pattern.LiteralConverter
1143:            24            384  ch.qos.logback.core.pattern.LiteralConverter
1144:             6            384  sun.nio.ch.EPollSelectorImpl
1145:            12            384  org.springframework.beans.factory.config.TypedStringValue
1146:             6            384  org.apache.catalina.servlets.DefaultServlet
1147:            24            384  org.aspectj.weaver.WeakClassLoaderReference
1148:            23            368  java.awt.font.TextAttribute
1149:            23            368  org.hibernate.hql.internal.ast.ParameterTranslationsImpl$ParameterInfo
1150:            15            360  org.hibernate.mapping.PrimaryKey
1151:            15            360  com.sun.org.apache.xerces.internal.jaxp.SAXParserFactoryImpl
1152:             9            360  java.io.PrintWriter
1153:             5            360  sun.net.www.protocol.jar.URLJarFile
1154:            15            360  sun.misc.URLClassPath$FileLoader
1155:             9            360  javassist.CtPrimitiveType
1156:             5            360  org.springframework.web.servlet.view.RedirectView
1157:            15            360  javax.websocket.CloseReason$CloseCodes
1158:             9            360  javassist.CtPrimitiveType
1159:             9            360  java.io.BufferedWriter
1160:             9            360  java.lang.invoke.LambdaForm
1161:            15            360  org.hibernate.cfg.Configuration$MappingsImpl$TableColumnNameBinding
1162:            22            352  java.text.ParsePosition
1163:            11            352  java.io.FileOutputStream
1164:             6            336  org.apache.catalina.mapper.Mapper$ContextVersion
1165:            21            336  antlr.ANTLRStringBuffer
1166:            21            336  org.aspectj.weaver.reflect.JavaLangTypeToResolvedTypeConverter
1167:             6            336  org.apache.catalina.webresources.DirResourceSet
1168:            14            336  java.lang.RuntimePermission
1169:             7            336  org.apache.catalina.core.NamingContextListener
1170:             3            336  [Lsun.font.EAttribute;
1171:            21            336  antlr.TreeParserSharedInputState
1172:            21            336  org.hibernate.hql.internal.ast.util.AliasGenerator
1173:             7            336  org.springframework.aop.aspectj.AspectJExpressionPointcut
1174:            14            336  org.springframework.util.MimeType
1175:             6            336  org.apache.catalina.core.DefaultInstanceManager
1176:            21            336  [Lorg.hibernate.persister.entity.Queryable;
1177:            21            336  org.hibernate.hql.internal.ast.ParameterTranslationsImpl
1178:            14            336  org.hibernate.dialect.function.NoArgSQLFunction
1179:            21            336  org.hibernate.hql.internal.ast.util.LiteralProcessor
1180:            21            336  java.lang.ProcessEnvironment$Variable
1181:            21            336  [Lorg.hibernate.hql.internal.ast.ParameterTranslationsImpl$ParameterInfo;
1182:            21            336  java.lang.ProcessEnvironment$Value
1183:            14            336  java.io.BufferedOutputStream
1184:             7            336  sun.java2d.pipe.PixelToParallelogramConverter
1185:            14            336  sun.security.x509.Extension
1186:            14            336  java.io.OutputStreamWriter
1187:             6            336  org.apache.catalina.loader.WebappLoader
1188:            14            336  org.springframework.util.MimeType
1189:            21            336  org.hibernate.engine.query.spi.ReturnMetadata
1190:            21            336  [Lorg.hibernate.hql.spi.QueryTranslator;
1191:            14            336  org.apache.catalina.LifecycleState
1192:             7            336  org.aspectj.weaver.World$TypeMap
1193:            10            320  javax.crypto.CryptoPermission
1194:             5            320  org.springframework.web.context.support.ServletRequestHandledEvent
1195:            20            320  com.sun.org.apache.xalan.internal.utils.FeatureManager
1196:             8            320  com.mysql.jdbc.StandardSocketFactory
1197:            20            320  com.sun.org.apache.xalan.internal.utils.XMLSecurityPropertyManager
1198:            20            320  java.security.spec.ECFieldFp
1199:            10            320  com.sun.org.apache.xerces.internal.impl.xpath.regex.RangeToken
1200:            10            320  java.util.LinkedList$ListItr
1201:             4            320  org.hibernate.mapping.ManyToOne
1202:             8            320  com.zaxxer.hikari.pool.PoolBagEntry
1203:            20            320  javax.el.BeanELResolver$BeanProperties
1204:            20            320  java.util.regex.Pattern$Dot
1205:            13            312  javassist.util.proxy.ProxyFactory$ProxyDetails
1206:            13            312  org.hibernate.bytecode.internal.javassist.BytecodeProviderImpl$EntityInstrumentationMetadataImpl
1207:            13            312  org.springframework.web.method.annotation.SessionAttributesHandler
1208:            13            312  org.aspectj.weaver.Shadow$Kind
1209:            13            312  org.apache.el.parser.AstNull
1210:            13            312  sun.security.x509.AuthorityInfoAccessExtension
1211:            16            312  [Ljava.lang.management.PlatformComponent;
1212:            13            312  org.hibernate.id.IdentityGenerator$GetGeneratedKeysDelegate
1213:            13            312  org.hibernate.cfg.Configuration$MappingsImpl$TableDescription
1214:             3            312  org.hibernate.loader.criteria.CriteriaLoader
1215:            13            312  org.aspectj.weaver.Shadow$Kind
1216:            13            312  javassist.util.proxy.ProxyFactory$ProxyDetails
1217:             3            312  org.hibernate.internal.CriteriaImpl
1218:            19            304  com.sun.proxy.$Proxy50
1219:            19            304  com.sun.proxy.$Proxy19
1220:             5            304  [Ljavax.el.ELResolver;
1221:            19            304  org.dom4j.tree.DefaultComment
1222:            19            304  org.springframework.transaction.interceptor.TransactionInterceptor$1
1223:             4            296  [Lsun.invoke.util.Wrapper;
1224:            12            288  org.apache.tomcat.util.descriptor.web.NameRule
1225:             6            288  org.apache.catalina.core.StandardContextValve
1226:            18            288  java.util.regex.Pattern$CharPropertyNames$4
1227:            12            288  org.apache.tomcat.util.descriptor.web.SetJspConfig
1228:            12            288  org.apache.tomcat.util.descriptor.web.SetLoginConfig
1229:             2            288  [Lorg.hibernate.internal.util.collections.BoundedConcurrentHashMap$Segment;
1230:             6            288  [Lcom.sun.org.apache.xerces.internal.impl.xs.util.SimpleLocator;
1231:            12            288  org.apache.tomcat.util.descriptor.web.SetSessionConfig
1232:             6            288  java.util.concurrent.ConcurrentSkipListMap
1233:             9            288  ch.qos.logback.core.joran.event.BodyEvent
1234:             9            288  java.util.LinkedHashMap$ValueIterator
1235:            12            288  org.springframework.core.convert.support.GenericConversionService$ConverterFactoryAdapter
1236:            18            288  org.apache.catalina.core.ApplicationContext$DispatchData
1237:             2            288  [Lorg.dom4j.tree.ConcurrentReaderHashMap$Entry;
1238:            12            288  org.hibernate.LockMode
1239:             3            288  org.springframework.beans.factory.support.GenericBeanDefinition
1240:            12            288  org.hibernate.LockMode
1241:             9            288  java.util.logging.Level
1242:            12            288  org.aspectj.apache.bcel.generic.ObjectType
1243:            18            288  org.springframework.aop.target.EmptyTargetSource
1244:             2            288  [Lorg.dom4j.tree.ConcurrentReaderHashMap$Entry;
1245:             9            288  org.aspectj.weaver.patterns.TypePatternList
1246:            18            288  org.springframework.aop.target.EmptyTargetSource
1247:             3            288  org.springframework.beans.factory.support.GenericBeanDefinition
1248:            18            288  org.springframework.beans.factory.config.BeanExpressionContext
1249:            12            288  org.hibernate.type.SetType
1250:             6            288  org.apache.catalina.startup.ContextConfig
1251:             9            288  sun.security.jca.ProviderConfig
1252:            18            288  java.text.DateFormat$Field
1253:             9            288  ch.qos.logback.core.joran.event.BodyEvent
1254:             6            288  org.apache.catalina.webresources.Cache
1255:             6            288  java.nio.DirectLongBufferU
1256:             2            288  org.springframework.web.servlet.mvc.method.annotation.RequestMappingHandlerAdapter
1257:             4            288  org.apache.juli.AsyncFileHandler
1258:            12            288  org.apache.tomcat.util.descriptor.web.SetPublicIdRule
1259:             6            288  org.apache.tomcat.util.scan.StandardJarScanFilter
1260:            12            288  org.apache.tomcat.util.descriptor.web.AbsoluteOrderingRule
1261:            12            288  org.aspectj.apache.bcel.generic.ObjectType
1262:            12            288  org.apache.tomcat.util.descriptor.web.RelativeOrderingRule
1263:             7            280  org.apache.catalina.core.ApplicationSessionCookieConfig
1264:             7            280  org.aspectj.weaver.TypeVariable
1265:            14            280  [Ljava.beans.PropertyChangeListener;
1266:             7            280  org.apache.catalina.mbeans.NamingResourcesMBean
1267:             7            280  com.sun.jmx.mbeanserver.DefaultMXBeanMappingFactory$CompositeMapping
1268:            17            272  org.springframework.cglib.transform.impl.UndeclaredThrowableStrategy
1269:            17            272  org.springframework.core.SerializableTypeWrapper$TypeProxyInvocationHandler
1270:             1            272  com.sun.org.apache.xerces.internal.impl.dtd.DTDGrammar
1271:            17            272  org.springframework.cglib.transform.impl.UndeclaredThrowableStrategy
1272:            17            272  org.springframework.aop.framework.CglibAopProxy$AdvisedDispatcher
1273:             8            272  [Ljava.lang.Boolean;
1274:            17            272  org.springframework.aop.framework.CglibAopProxy$DynamicAdvisedInterceptor
1275:            17            272  org.springframework.aop.framework.CglibAopProxy$StaticUnadvisedInterceptor
1276:            17            272  org.springframework.aop.framework.CglibAopProxy$StaticDispatcher
1277:            17            272  org.springframework.aop.framework.CglibAopProxy$EqualsInterceptor
1278:            17            272  org.springframework.aop.framework.CglibAopProxy$HashCodeInterceptor
1279:            17            272  org.springframework.core.SerializableTypeWrapper$TypeProxyInvocationHandler
1280:             3            264  org.hibernate.engine.spi.QueryParameters
1281:            11            264  org.springframework.format.support.FormattingConversionService$AnnotationPrinterConverter
1282:            11            264  org.springframework.format.support.FormattingConversionService$AnnotationParserConverter
1283:             3            264  java.beans.IndexedPropertyDescriptor
1284:            11            264  org.springframework.format.support.FormattingConversionService$AnnotationPrinterConverter
1285:            11            264  org.springframework.format.support.FormattingConversionService$AnnotationParserConverter
1286:            16            256  com.sun.org.apache.xerces.internal.util.SymbolTable
1287:             1            256  org.springframework.orm.hibernate4.LocalSessionFactoryBuilder
1288:             8            256  com.mysql.jdbc.NonRegisteringDriver$ConnectionPhantomReference
1289:            16            256  org.springframework.core.$Proxy8
1290:             8            256  java.security.MessageDigest$Delegate
1291:            16            256  com.sun.org.apache.xerces.internal.impl.validation.ValidationManager
1292:             8            256  sun.security.ssl.SignatureAndHashAlgorithm$HashAlgorithm
1293:             4            256  [Lcom.sun.org.apache.xerces.internal.impl.xs.XSElementDecl;
1294:            16            256  java.util.TreeMap$KeySet
1295:            16            256  com.sun.org.apache.xerces.internal.impl.msg.XMLMessageFormatter
1296:             4            256  org.apache.juli.DateFormatCache$Cache
1297:            16            256  java.util.concurrent.ConcurrentHashMap$Values
1298:             8            256  org.eclipse.jdt.internal.compiler.lookup.BaseTypeBinding
1299:             8            256  org.apache.tomcat.util.descriptor.web.SecurityConstraint
1300:             8            256  org.hibernate.type.AdaptedImmutableType
1301:             4            256  org.hibernate.mapping.DependantValue
1302:            32            256  org.springframework.aop.framework.DefaultAdvisorChainFactory
1303:             8            256  com.mysql.jdbc.util.ReadAheadInputStream
1304:             8            256  java.lang.ClassLoader$NativeLibrary
1305:            32            256  org.springframework.aop.framework.DefaultAopProxyFactory
1306:            16            256  org.eclipse.jdt.internal.compiler.impl.IntConstant
1307:             1            256  com.mysql.jdbc.PreparedStatement
1308:             8            256  org.apache.tomcat.util.descriptor.web.SecurityCollection
1309:             8            256  sun.misc.ProxyGenerator$PrimitiveTypeInfo
1310:            16            256  com.sun.org.apache.xerces.internal.utils.XMLSecurityPropertyManager
1311:            16            256  org.springframework.core.$Proxy42
1312:             4            256  org.springframework.util.LinkedCaseInsensitiveMap
1313:            11            256  [Lorg.apache.xmlbeans.impl.regex.RegularExpression;
1314:            15            240  org.springframework.core.SerializableTypeWrapper$2
1315:             3            240  [Lcom.sun.org.apache.xerces.internal.impl.xs.XSComplexTypeDecl;
1316:             6            240  javax.websocket.server.DefaultServerEndpointConfig
1317:             3            240  java.net.URLClassLoader
1318:             6            240  org.springframework.orm.hibernate4.HibernateTransactionManager$HibernateTransactionObject
1319:             2            240  org.apache.tomcat.util.net.NioBlockingSelector$BlockPoller
1320:            15            240  sun.nio.ch.SocketOptionRegistry$RegistryKey
1321:            10            240  java.text.CalendarBuilder
1322:            15            240  sun.nio.ch.OptionKey
1323:             6            240  org.apache.jasper.servlet.JspServlet
1324:            15            240  java.util.concurrent.ConcurrentHashMap$EntrySet
1325:            10            240  org.apache.coyote.AsyncStateMachine$AsyncState
1326:            10            240  java.util.Random
1327:             6            240  java.util.concurrent.ConcurrentHashMap$EntryIterator
1328:            10            240  org.hibernate.criterion.SimpleExpression
1329:             2            240  org.springframework.web.context.support.XmlWebApplicationContext
1330:            15            240  com.sun.org.apache.xerces.internal.parsers.AbstractSAXParser$AttributesProxy
1331:            10            240  org.apache.el.parser.AstChoice
1332:             6            240  org.apache.jasper.compiler.JspConfig
1333:             2            240  org.springframework.web.context.support.XmlWebApplicationContext
1334:            15            240  org.springframework.aop.framework.JdkDynamicAopProxy
1335:            15            240  org.springframework.core.SerializableTypeWrapper$2
1336:            15            240  org.apache.tomcat.util.net.jsse.openssl.KeyExchange
1337:            14            240  [Lcom.mysql.jdbc.Field;
1338:             5            240  sun.management.MemoryPoolImpl
1339:            10            240  org.apache.jasper.compiler.BeanRepository
1340:            15            240  org.apache.tomcat.util.net.jsse.openssl.Encryption
1341:            14            224  com.sun.proxy.$Proxy21
1342:            14            224  java.util.TreeMap$EntrySet
1343:             4            224  org.hibernate.hql.internal.ast.tree.OrderByClause
1344:             7            224  org.aspectj.weaver.internal.tools.PointcutExpressionImpl
1345:             7            224  com.sun.org.apache.xalan.internal.utils.XMLSecurityManager$Limit
1346:            14            224  javax.management.StandardMBean
1347:            14            224  org.dom4j.tree.DefaultText
1348:             7            224  javax.servlet.jsp.tagext.TagVariableInfo
1349:             7            224  [Lorg.aspectj.weaver.patterns.NamePattern;
1350:             4            224  [Ljava.text.Format;
1351:             7            224  com.sun.org.apache.xerces.internal.utils.XMLSecurityManager$Limit
1352:             2            224  org.apache.catalina.connector.Connector
1353:             2            224  ch.qos.logback.core.rolling.helper.RollingCalendar
1354:             2            224  [Lsun.nio.cs.CharsetMapping$Entry;
1355:             7            224  java.util.LinkedHashMap$EntryIterator
1356:             2            224  ch.qos.logback.core.rolling.helper.RollingCalendar
1357:             2            224  org.hibernate.loader.criteria.CriteriaJoinWalker
1358:            14            224  org.springframework.context.event.AbstractApplicationEventMulticaster$ListenerCacheKey
1359:            14            224  java.util.TreeSet
1360:            14            224  org.springframework.core.convert.support.GenericConversionService$ConverterCacheKey
1361:            14            224  com.sun.proxy.$Proxy52
1362:             9            216  com.mysql.jdbc.NetworkResources
1363:             9            216  java.net.Socket
1364:             9            216  com.sun.org.apache.xerces.internal.impl.XMLDocumentScannerImpl$ContentDriver
1365:             9            216  org.eclipse.jdt.internal.compiler.lookup.TypeConstants$CloseMethodRecord
1366:             3            216  org.aspectj.weaver.CrosscuttingMembersSet
1367:             9            216  com.sun.xml.internal.ws.org.objectweb.asm.Type
1368:             9            216  org.slf4j.helpers.FormattingTuple
1369:             9            216  com.mysql.jdbc.JDBC4DatabaseMetaData
1370:             1            216  [Lorg.dom4j.Element;
1371:             9            216  org.apache.juli.ClassLoaderLogManager$ClassLoaderLogInfo
1372:             9            216  org.springframework.web.method.annotation.SessionAttributesHandler
1373:             9            216  sun.util.logging.PlatformLogger$Level
1374:             9            216  org.apache.tomcat.util.collections.SynchronizedStack
1375:             3            216  org.aspectj.weaver.patterns.WildTypePattern
1376:             9            216  org.hibernate.engine.spi.TypedValue
1377:             9            216  sun.security.x509.NetscapeCertTypeExtension
1378:            13            208  org.springframework.core.NamedThreadLocal
1379:            13            208  [Lorg.aspectj.weaver.patterns.TypePattern;
1380:            13            208  org.springframework.core.convert.support.GenericConversionService$ConverterCacheKey
1381:             2            208  org.apache.tomcat.util.net.SocketProperties
1382:            13            208  sun.misc.MetaIndex
1383:             1            208  [Lorg.apache.poi.ss.usermodel.IndexedColors;
1384:            13            208  org.hibernate.dialect.lock.PessimisticForceIncrementLockingStrategy
1385:            13            208  org.springframework.core.NamedThreadLocal
1386:            13            208  org.hibernate.dialect.lock.OptimisticLockingStrategy
1387:            13            208  org.hibernate.dialect.lock.OptimisticForceIncrementLockingStrategy
1388:            13            208  sun.security.ssl.ExtensionType
1389:            13            208  org.hibernate.persister.walking.internal.EntityIdentifierDefinitionHelper$1
1390:            13            208  org.hibernate.engine.spi.IdentifierValue
1391:            13            208  org.hibernate.persister.walking.internal.EntityIdentifierDefinitionHelper$AttributeDefinitionAdapter
1392:             6            200  [F
1393:             5            200  java.util.Collections$SingletonMap
1394:            10            200  [Lorg.hibernate.engine.spi.TypedValue;
1395:             1            200  [Lsun.misc.FDBigInt;
1396:             5            200  sun.java2d.loops.FillParallelogram
1397:             1            200  [Lorg.apache.xmlbeans.impl.schema.SchemaTypeImpl;
1398:             5            200  sun.java2d.loops.DrawParallelogram
1399:             5            200  org.hibernate.tuple.entity.VersionProperty
1400:             5            200  org.hibernate.internal.util.collections.ConcurrentReferenceHashMap$ValueIterator
1401:             5            200  org.apache.tomcat.util.descriptor.web.ContextEnvironment
1402:             5            200  sun.management.MemoryPoolImpl$PoolSensor
1403:             5            200  sun.management.MemoryPoolImpl$CollectionSensor
1404:            25            200  org.springframework.core.convert.support.ObjectToStringConverter
1405:             3            192  [Lorg.aspectj.weaver.ResolvedMember;
1406:            12            192  org.apache.tomcat.util.descriptor.web.SetDistributableRule
1407:             6            192  org.apache.catalina.mbeans.ContextMBean
1408:            12            192  org.apache.tomcat.util.descriptor.web.SetAuthConstraintRule
1409:             3            192  org.hibernate.loader.criteria.CriteriaQueryTranslator
1410:             6            192  org.springframework.http.converter.StringHttpMessageConverter
1411:             3            192  ch.qos.logback.classic.PatternLayout
1412:            12            192  org.apache.tomcat.util.descriptor.web.ServletDefCreateRule
1413:            12            192  ch.qos.logback.core.joran.spi.HostClassAndPropertyDouble
1414:             8            192  java.math.RoundingMode
1415:             6            192  org.apache.catalina.startup.HostConfig$DeployedApplication
1416:             3            192  org.aspectj.weaver.patterns.SignaturePattern
1417:             6            192  org.apache.el.parser.AstInteger
1418:             8            192  sun.security.provider.SecureRandom
1419:             6            192  java.io.FileInputStream
1420:             2            192  sun.security.provider.Sun
1421:            12            192  com.sun.org.apache.xerces.internal.impl.xpath.regex.Token$CharToken
1422:             3            192  org.aspectj.weaver.patterns.KindedPointcut
1423:             3            192  [Lorg.hibernate.LockMode;
1424:             2            192  sun.security.jgss.SunProvider
1425:             4            192  ch.qos.logback.core.rolling.helper.DateTokenConverter
1426:             6            192  sun.security.util.MemoryCache
1427:             8            192  org.apache.tomcat.util.descriptor.web.ErrorPage
1428:             4            192  ch.qos.logback.core.rolling.helper.DateTokenConverter
1429:             2            192  [Lorg.eclipse.jdt.internal.compiler.lookup.LocalVariableBinding;
1430:             6            192  org.springframework.http.converter.xml.Jaxb2RootElementHttpMessageConverter
1431:             8            192  org.hibernate.LockOptions
1432:             4            192  com.sun.org.apache.xerces.internal.impl.xs.SchemaGrammar$BuiltinAttrDecl
1433:             8            192  org.springframework.context.event.AbstractApplicationEventMulticaster$ListenerRetriever
1434:             8            192  com.mysql.jdbc.PerConnectionLRUFactory$PerConnectionLRU
1435:             8            192  ch.qos.logback.core.util.CachingDateFormatter
1436:             3            192  ch.qos.logback.classic.PatternLayout
1437:             8            192  ch.qos.logback.core.util.CachingDateFormatter
1438:            12            192  ch.qos.logback.core.joran.spi.HostClassAndPropertyDouble
1439:             4            192  org.springframework.core.env.PropertySourcesPropertyResolver
1440:             6            192  java.util.HashMap$ValueIterator
1441:            12            192  [Lorg.apache.tomcat.websocket.pojo.PojoPathParam;
1442:             1            192  [Lorg.apache.coyote.ActionCode;
1443:            12            192  org.apache.tomcat.util.descriptor.web.SetOverrideRule
1444:            12            192  org.apache.tomcat.util.descriptor.web.ServiceQnameRule
1445:             8            192  java.util.regex.Pattern$6
1446:             2            192  org.eclipse.jdt.internal.compiler.CompilationResult
1447:            12            192  org.apache.tomcat.util.net.jsse.openssl.Authentication
1448:            12            192  java.awt.AlphaComposite
1449:            12            192  org.apache.tomcat.util.descriptor.web.SoapHeaderRule
1450:            12            192  org.apache.tomcat.util.descriptor.web.IgnoreAnnotationsRule
1451:            12            192  org.apache.tomcat.util.descriptor.web.VersionRule
1452:             8            192  org.springframework.web.method.annotation.RequestParamMethodArgumentResolver
1453:             1            192  org.hibernate.stat.internal.ConcurrentStatisticsImpl
1454:             2            184  [Ljava.text.DateFormat$Field;
1455:            11            176  java.net.StandardSocketOptions$StdSocketOption
1456:            11            176  [Ljavax.servlet.jsp.tagext.TagFileInfo;
1457:            11            176  [Ljavax.servlet.jsp.tagext.FunctionInfo;
1458:            11            176  java.text.NumberFormat$Field
1459:            11            176  com.sun.proxy.$Proxy46
1460:            11            176  sun.misc.FDBigInt
1461:             2            176  org.apache.tomcat.util.threads.ThreadPoolExecutor
1462:            11            176  org.apache.poi.hpsf.ClassID
1463:            11            176  org.apache.xmlbeans.impl.regex.Token$CharToken
1464:            11            176  com.sun.org.apache.xerces.internal.impl.xs.util.XInt
1465:            11            176  com.sun.proxy.$Proxy14
1466:             2            176  sun.nio.ch.ServerSocketChannelImpl
1467:            11            176  org.apache.poi.hpsf.ClassID
1468:             7            168  org.apache.catalina.core.ApplicationContextFacade
1469:             7            168  org.springframework.cglib.proxy.CallbackInfo
1470:             3            168  java.net.SocketPermission
1471:             7            168  java.net.NetPermission
1472:             7            168  org.springframework.cglib.proxy.CallbackInfo
1473:             1            168  org.apache.tomcat.util.descriptor.web.WebXml
1474:             2            160  ch.qos.logback.core.rolling.TimeBasedRollingPolicy
1475:             1            160  com.zaxxer.hikari.HikariDataSource
1476:            10            160  java.util.Formatter$Flags
1477:             4            160  org.apache.tomcat.websocket.pojo.PojoMethodMapping
1478:            10            160  com.skyline.action.UserAction$$FastClassBySpringCGLIB$$297ccd73
1479:             2            160  ch.qos.logback.core.rolling.TimeBasedRollingPolicy
1480:            10            160  org.springframework.core.convert.support.CollectionToArrayConverter
1481:             5            160  java.util.HashMap$EntryIterator
1482:             4            160  org.hibernate.tuple.entity.EntityBasedAssociationAttribute
1483:             2            160  org.apache.catalina.authenticator.BasicAuthenticator
1484:            10            160  com.sun.org.apache.xerces.internal.parsers.AbstractSAXParser$LocatorProxy
1485:            10            160  com.skyline.action.UserAction$$EnhancerBySpringCGLIB$$e25accf6$$FastClassBySpringCGLIB$$94a1058f
1486:            10            160  org.apache.taglibs.standard.tei.ImportTEI
1487:            10            160  org.springframework.core.convert.support.CollectionToStringConverter
1488:            10            160  org.apache.taglibs.standard.tei.ForEachTEI
1489:             4            160  [Lorg.hibernate.engine.spi.Status;
1490:             4            160  sun.security.ec.ECPublicKeyImpl
1491:            10            160  org.apache.jasper.compiler.ErrorDispatcher
1492:            10            160  com.sun.org.apache.xerces.internal.util.ErrorHandlerWrapper
1493:             5            160  org.springframework.web.servlet.mvc.method.annotation.RequestResponseBodyMethodProcessor
1494:             4            160  org.apache.tomcat.util.net.NioEndpoint$Poller
1495:             2            160  [Ljava.util.concurrent.RunnableScheduledFuture;
1496:             4            160  com.sun.xml.internal.stream.events.NamespaceImpl
1497:            10            160  org.springframework.web.servlet.mvc.method.annotation.ResponseBodyAdviceChain
1498:             1            160  org.apache.catalina.core.StandardHost
1499:            10            160  com.zaxxer.hikari.pool.HikariPool$1AddConnection
1500:             5            160  java.util.ServiceLoader$LazyIterator
1501:            10            160  java.security.CryptoPrimitive
1502:             4            160  [Lorg.hibernate.engine.spi.Status;
1503:            10            160  org.springframework.beans.factory.config.BeanExpressionContext
1504:             4            160  org.hibernate.loader.plan.exec.internal.BasicCollectionLoadQueryDetails
1505:             2            160  ch.qos.logback.core.rolling.RollingFileAppender
1506:             5            160  org.apache.catalina.mbeans.ContextEnvironmentMBean
1507:             4            160  org.hibernate.loader.plan.build.internal.spaces.CollectionQuerySpaceImpl
1508:            10            160  java.nio.file.StandardOpenOption
1509:             2            160  ch.qos.logback.core.rolling.RollingFileAppender
1510:             4            160  org.hibernate.mapping.ForeignKey
1511:             2            160  [Ljava.sql.Statement;
1512:             5            160  org.springframework.web.servlet.mvc.method.annotation.HttpEntityMethodProcessor
1513:             1            152  com.sun.org.apache.xerces.internal.parsers.DOMParser
1514:             6            144  org.apache.catalina.mapper.Mapper$MappedContext
1515:             9            144  sun.util.logging.PlatformLogger$JavaLoggerProxy
1516:             6            144  com.mysql.jdbc.RowDataStatic
1517:             9            144  com.skyline.action.PowersAction$$EnhancerBySpringCGLIB$$84c02ff9$$FastClassBySpringCGLIB$$397ab5b3
1518:             6            144  org.springframework.aop.aspectj.AspectJPointcutAdvisor
1519:             9            144  org.hibernate.internal.util.MarkerObject
1520:             9            144  org.apache.xmlbeans.impl.schema.StscComplexTypeResolver$CodeForNameEntry
1521:             2            144  org.springframework.aop.aspectj.AspectJAfterReturningAdvice
1522:             6            144  org.apache.tomcat.util.collections.SynchronizedQueue
1523:             3            144  org.springframework.aop.aspectj.AspectJExpressionPointcut
1524:             2            144  org.springframework.aop.aspectj.AspectJAfterAdvice
1525:             2            144  org.springframework.aop.aspectj.autoproxy.AspectJAwareAdvisorAutoProxyCreator
1526:             6            144  java.util.concurrent.ConcurrentSkipListMap$HeadIndex
1527:             9            144  org.hibernate.engine.internal.CascadePoint
1528:             6            144  org.springframework.http.converter.xml.SourceHttpMessageConverter
1529:             2            144  org.apache.tomcat.util.descriptor.web.ServletDef
1530:             6            144  org.apache.xmlbeans.impl.regex.Token$ClosureToken
1531:             1            144  com.zaxxer.hikari.HikariConfig
1532:             9            144  org.aspectj.weaver.MemberKind
1533:             3            144  org.aspectj.weaver.World$TypeMap
1534:             6            144  org.apache.xmlbeans.impl.schema.SchemaStringEnumEntryImpl
1535:             9            144  org.aspectj.apache.bcel.generic.BasicType
1536:             6            144  org.apache.tomcat.util.descriptor.tld.TldRuleSet$1
1537:             6            144  org.apache.tomcat.util.net.NioEndpoint$PollerEvent
1538:             9            144  org.hibernate.internal.util.MarkerObject
1539:             6            144  com.sun.org.apache.xerces.internal.util.Status
1540:             3            144  ch.qos.logback.classic.encoder.PatternLayoutEncoder
1541:             9            144  com.skyline.action.RateAction$$FastClassBySpringCGLIB$$46514ac8
1542:             6            144  java.awt.datatransfer.MimeType
1543:             6            144  com.sun.org.apache.xerces.internal.impl.xpath.regex.Token$ClosureToken
1544:             6            144  java.util.concurrent.ConcurrentSkipListMap$Node
1545:             2            144  java.util.concurrent.ScheduledThreadPoolExecutor
1546:             9            144  java.util.logging.Level$KnownLevel
1547:             3            144  ch.qos.logback.classic.pattern.DateConverter
1548:             6            144  org.springframework.context.event.AbstractApplicationEventMulticaster$ListenerRetriever
1549:             1            144  org.springframework.web.servlet.mvc.method.annotation.RequestMappingHandlerAdapter
1550:             9            144  com.sun.org.apache.xerces.internal.util.EntityResolver2Wrapper
1551:             9            144  com.skyline.action.RateAction$$EnhancerBySpringCGLIB$$fae1fcab$$FastClassBySpringCGLIB$$9e07e6f6
1552:             3            144  ch.qos.logback.classic.pattern.DateConverter
1553:             6            144  org.apache.el.parser.AstMethodParameters
1554:             6            144  java.security.AlgorithmParameters
1555:             6            144  org.apache.naming.TransactionRef
1556:             6            144  org.apache.catalina.core.StandardContext$ContextFilterMaps
1557:             9            144  org.springframework.context.support.MessageSourceAccessor
1558:             9            144  [Lorg.aspectj.weaver.patterns.TypePattern;
1559:             6            144  sun.util.LocaleServiceProviderPool
1560:             6            144  org.apache.tomcat.util.descriptor.web.WebXmlParser
1561:             6            144  java.util.concurrent.SynchronousQueue
1562:             6            144  org.apache.jasper.compiler.TagPluginManager
1563:             9            144  org.aspectj.weaver.MemberKind
1564:             9            144  com.mysql.jdbc.log.StandardLogger
1565:             6            144  [Lorg.apache.tomcat.util.descriptor.web.FilterMap;
1566:             9            144  com.skyline.action.UserAction$$FastClassBySpringCGLIB$$297ccd73
1567:             9            144  java.nio.file.attribute.PosixFilePermission
1568:             6            144  sun.security.ssl.ProtocolVersion
1569:             9            144  ch.qos.logback.core.rolling.helper.PeriodicityType
1570:             6            144  org.apache.tomcat.websocket.server.WsWriteTimeout
1571:             6            144  org.springframework.aop.config.MethodLocatingFactoryBean
1572:             9            144  org.apache.tomcat.util.net.SocketStatus
1573:             3            144  ch.qos.logback.classic.pattern.ExtendedThrowableProxyConverter
1574:             6            144  java.util.concurrent.locks.ReentrantLock$FairSync
1575:             6            144  org.apache.jasper.compiler.TldCache
1576:             9            144  ch.qos.logback.core.rolling.helper.PeriodicityType
1577:             3            144  ch.qos.logback.classic.pattern.ExtendedThrowableProxyConverter
1578:             9            144  sun.util.logging.PlatformLogger
1579:            18            144  org.springframework.web.context.request.RequestScope
1580:             9            144  com.skyline.action.UserAction$$EnhancerBySpringCGLIB$$c7a693d6$$FastClassBySpringCGLIB$$160150bb
1581:             9            144  org.aspectj.apache.bcel.generic.BasicType
1582:             2            144  org.springframework.aop.aspectj.autoproxy.AspectJAwareAdvisorAutoProxyCreator
1583:             9            144  com.skyline.action.PowersAction$$FastClassBySpringCGLIB$$c2485ef6
1584:             3            144  javax.management.openmbean.OpenMBeanOperationInfoSupport
1585:             3            144  ch.qos.logback.classic.encoder.PatternLayoutEncoder
1586:             9            144  org.hibernate.engine.internal.CascadePoint
1587:             6            144  sun.nio.ch.AllocatedNativeObject
1588:             9            144  org.hibernate.engine.spi.TypedValue$1
1589:             3            144  com.sun.org.apache.xerces.internal.impl.xs.XSDDescription
1590:             2            144  org.springframework.aop.aspectj.AspectJMethodBeforeAdvice
1591:             9            144  org.hibernate.internal.util.ValueHolder
1592:             9            144  sun.awt.SunHints$Key
1593:             2            136  [Ljava.math.BigDecimal;
1594:             1            136  org.hibernate.internal.SessionFactoryImpl
1595:            17            136  org.springframework.aop.framework.CglibAopProxy$SerializableNoOp
1596:            17            136  org.springframework.aop.framework.DefaultAdvisorChainFactory
1597:             1            136  [Lcom.sun.org.apache.xerces.internal.impl.dv.xs.TypeValidator;
1598:             1            136  java.awt.image.DirectColorModel
1599:             4            128  org.hibernate.loader.plan.build.internal.spaces.JoinImpl
1600:             4            128  org.hibernate.loader.plan.build.internal.returns.CollectionFetchableElementEntityGraph
1601:             4            128  javax.management.MBeanNotificationInfo
1602:             4            128  sun.security.ssl.CipherSuite$PRF
1603:             8            128  org.springframework.web.bind.annotation.RequestMethod
1604:            16            128  com.sun.org.apache.xerces.internal.impl.dv.dtd.DTDDVFactoryImpl
1605:             4            128  org.springframework.http.converter.xml.Jaxb2RootElementHttpMessageConverter
1606:             4            128  sun.util.locale.UnicodeLocaleExtension
1607:             8            128  java.security.AllPermission
1608:             8            128  com.skyline.action.RateAction$$EnhancerBySpringCGLIB$$e02dc38b$$FastClassBySpringCGLIB$$c1dad368
1609:             4            128  org.hibernate.loader.GeneratedCollectionAliases
1610:             1            128  org.apache.coyote.http11.Http11NioProtocol
1611:             2            128  org.springframework.context.annotation.ConfigurationClassPostProcessor
1612:             4            128  org.springframework.util.AntPathMatcher
1613:             8            128  [Lorg.aspectj.weaver.TypeVariable;
1614:             4            128  org.springframework.util.PropertyPlaceholderHelper
1615:             4            128  ch.qos.logback.core.rolling.helper.FileNamePattern
1616:             8            128  org.aspectj.bridge.IMessage$Kind
1617:             4            128  ch.qos.logback.core.rolling.helper.FileNamePattern
1618:             4            128  org.springframework.web.context.support.StandardServletEnvironment
1619:             2            128  com.sun.org.apache.xerces.internal.impl.dtd.models.DFAContentModel
1620:             6            128  [Lorg.apache.tomcat.util.descriptor.web.SecurityConstraint;
1621:             2            128  com.sun.org.apache.xerces.internal.impl.xpath.regex.RegularExpression
1622:             8            128  org.apache.tomcat.util.digester.SetPropertiesRule
1623:             4            128  org.springframework.util.AntPathMatcher
1624:             2            128  java.awt.Font
1625:             4            128  java.io.BufferedInputStream
1626:             4            128  java.lang.OutOfMemoryError
1627:             4            128  java.text.MessageFormat
1628:             2            128  ch.qos.logback.core.rolling.DefaultTimeBasedFileNamingAndTriggeringPolicy
1629:             1            128  org.apache.catalina.valves.AccessLogValve
1630:             8            128  org.aspectj.bridge.IMessage$Kind
1631:             4            128  org.springframework.http.converter.StringHttpMessageConverter
1632:             2            128  ch.qos.logback.core.rolling.DefaultTimeBasedFileNamingAndTriggeringPolicy
1633:             8            128  [Lorg.apache.tomcat.util.descriptor.web.SecurityCollection;
1634:             8            128  org.springframework.web.bind.annotation.RequestMethod
1635:             4            128  sun.nio.fs.UnixPath
1636:             8            128  org.springframework.web.util.UrlPathHelper
1637:             4            128  org.hibernate.loader.plan.build.internal.returns.CollectionReturnImpl
1638:             4            128  java.io.CharArrayWriter
1639:             4            128  org.springframework.util.PropertyPlaceholderHelper
1640:             8            128  javax.crypto.CryptoPermissionCollection
1641:             8            128  com.sun.proxy.$Proxy3
1642:             8            128  com.skyline.action.RateAction$$FastClassBySpringCGLIB$$46514ac8
1643:             8            128  java.lang.annotation.ElementType
1644:             1            128  org.hibernate.cfg.Settings
1645:             8            128  [Lorg.aspectj.weaver.tools.PointcutParameter;
1646:             8            128  java.util.regex.Pattern$CharPropertyNames$3
1647:             5            120  org.hibernate.boot.registry.classloading.internal.ClassLoaderServiceImpl$AggregatedClassLoader$1
1648:             3            120  org.hibernate.loader.ColumnEntityAliases
1649:             5            120  sun.security.ssl.SignatureAndHashAlgorithm$SignatureAlgorithm
1650:            15            120  org.springframework.core.convert.support.ObjectToStringConverter
1651:             5            120  org.hibernate.FlushMode
1652:             5            120  com.sun.org.apache.xalan.internal.utils.XMLSecurityManager$State
1653:             5            120  org.hibernate.CacheMode
1654:             5            120  org.hibernate.dialect.function.SQLFunctionTemplate
1655:             5            120  com.sun.org.apache.xerces.internal.impl.xs.traversers.LargeContainer
1656:             5            120  org.hibernate.dialect.function.TemplateRenderer
1657:             5            120  org.springframework.core.env.PropertySource$StubPropertySource
1658:             3            120  org.aspectj.weaver.TypeVariable
1659:             3            120  java.util.StringTokenizer
1660:             5            120  com.sun.org.apache.xerces.internal.utils.XMLSecurityManager$State
1661:             1            120  org.apache.catalina.core.StandardEngine
1662:             5            120  java.util.ServiceLoader
1663:             5            120  org.eclipse.jdt.internal.compiler.parser.Scanner$Goal
1664:             5            120  java.sql.SQLPermission
1665:             5            120  org.hibernate.FlushMode
1666:             5            120  org.hibernate.sql.JoinType
1667:             5            120  org.hibernate.CacheMode
1668:             3            120  org.apache.catalina.util.Extension
1669:             5            120  org.hibernate.sql.JoinType
1670:             5            120  javax.imageio.spi.SubRegistry
1671:             5            120  java.util.AbstractList$Itr
1672:             5            120  sun.security.ssl.CipherSuite$MacAlg
1673:             5            120  org.springframework.web.method.support.HandlerMethodArgumentResolverComposite
1674:             7            112  sun.security.x509.NetscapeCertTypeExtension$MapEntry
1675:             2            112  org.springframework.expression.spel.support.StandardEvaluationContext
1676:             7            112  org.aspectj.weaver.UnresolvedType$TypeKind
1677:             7            112  ch.qos.logback.classic.Level
1678:             7            112  com.skyline.action.CustomerAction$$FastClassBySpringCGLIB$$1272ae46
1679:             7            112  ch.qos.logback.classic.Level
1680:             2            112  org.dom4j.tree.ConcurrentReaderHashMap
1681:             7            112  org.hibernate.event.spi.LoadEventListener$LoadType
1682:             1            112  org.apache.catalina.core.StandardServer
1683:             7            112  com.skyline.action.CustomerAction$$EnhancerBySpringCGLIB$$cf849e69$$FastClassBySpringCGLIB$$7ca8cce1
1684:             7            112  javax.mail.Flags$Flag
1685:             2            112  org.springframework.context.annotation.CommonAnnotationBeanPostProcessor
1686:             7            112  org.hibernate.hql.internal.ast.tree.DotNode$DereferenceType
1687:             7            112  com.sun.org.apache.xerces.internal.util.FeatureState
1688:             7            112  org.aspectj.weaver.tools.DefaultMatchingContext
1689:             7            112  org.aspectj.weaver.World$AspectPrecedenceCalculator
1690:             2            112  java.io.ExpiringCache$1
1691:             7            112  org.aspectj.weaver.UnresolvedType$TypeKind
1692:             1            112  com.zaxxer.hikari.pool.HikariPool
1693:             2            112  org.springframework.core.type.classreading.CachingMetadataReaderFactory$1
1694:             7            112  org.springframework.web.util.UrlPathHelper
1695:             2            112  org.dom4j.tree.ConcurrentReaderHashMap
1696:             2            112  org.hibernate.sql.Select
1697:             7            112  sun.java2d.loops.RenderCache
1698:             2            112  com.skyline.action.RateAction
1699:             7            112  org.apache.tomcat.util.net.AbstractEndpoint$Handler$SocketState
1700:             2            112  org.springframework.context.annotation.CommonAnnotationBeanPostProcessor
1701:             7            112  org.hibernate.hql.internal.ast.tree.DotNode$DereferenceType
1702:             2            112  sun.java2d.loops.RenderLoops
1703:             2            112  [Ljava.security.CryptoPrimitive;
1704:             1            112  org.apache.xmlbeans.impl.schema.SchemaTypeSystemImpl
1705:             7            112  org.hibernate.event.spi.LoadEventListener$LoadType
1706:             2            112  org.hibernate.engine.jdbc.internal.BasicFormatterImpl$FormatProcess
1707:             7            112  java.util.concurrent.Executors$RunnableAdapter
1708:             7            112  com.skyline.action.PowersAction$$FastClassBySpringCGLIB$$c2485ef6
1709:             2            112  org.springframework.expression.spel.support.StandardEvaluationContext
1710:             7            112  org.apache.catalina.valves.AbstractAccessLogValve$StringElement
1711:             2            112  [Ljava.nio.file.StandardOpenOption;
1712:             2            112  org.apache.coyote.RequestGroupInfo
1713:             7            112  org.apache.tomcat.util.net.jsse.openssl.MessageDigest
1714:             1            112  org.springframework.web.servlet.DispatcherServlet
1715:             7            112  com.skyline.action.PowersAction$$EnhancerBySpringCGLIB$$9f746919$$FastClassBySpringCGLIB$$ab77ba18
1716:             7            112  org.springframework.aop.aspectj.AspectJExpressionPointcut$BeanNamePointcutDesignatorHandler
1717:             1            112  org.springframework.web.servlet.DispatcherServlet
1718:             7            112  org.apache.tomcat.util.net.jsse.openssl.EncryptionLevel
1719:             1            104  com.mysql.jdbc.AbandonedConnectionCleanupThread
1720:             1            104  org.apache.juli.ClassLoaderLogManager$Cleaner
1721:             1            104  java.lang.ref.Finalizer$FinalizerThread
1722:             1            104  java.awt.image.ComponentColorModel
1723:             1            104  java.util.logging.LogManager$Cleaner
1724:            13            104  org.hibernate.id.IdentityGenerator
1725:             1            104  org.apache.juli.AsyncFileHandler$LoggerThread
1726:             1            104  org.apache.catalina.realm.LockOutRealm
1727:             1            104  com.mysql.jdbc.AbandonedConnectionCleanupThread
1728:             1            104  org.apache.taglibs.standard.tlv.JstlFmtTLV
1729:             1            104  sun.misc.GC$Daemon
1730:             1            104  org.apache.catalina.startup.Catalina$CatalinaShutdownHook
1731:             1            104  java.lang.ref.Reference$ReferenceHandler
1732:             3             96  ch.qos.logback.classic.pattern.LineSeparatorConverter
1733:             1             96  sun.security.ec.ECKeyFactory$1
1734:             1             96  org.springframework.orm.hibernate4.LocalSessionFactoryBean
1735:             6             96  java.util.regex.Pattern$SliceI
1736:             6             96  org.apache.tomcat.util.descriptor.web.SetDenyUncoveredHttpMethodsRule
1737:             2             96  org.springframework.beans.factory.annotation.AutowiredAnnotationBeanPostProcessor
1738:             4             96  org.springframework.core.type.filter.AnnotationTypeFilter
1739:             4             96  org.springframework.jndi.JndiLocatorDelegate
1740:             6             96  org.springframework.http.converter.ByteArrayHttpMessageConverter
1741:             4             96  org.hibernate.metamodel.relational.Size$LobMultiplier
1742:             2             96  org.springframework.context.annotation.ConfigurationClassBeanDefinitionReader
1743:             2             96  org.springframework.core.env.PropertySourcesPropertyResolver
1744:             3             96  org.hibernate.engine.transaction.jta.platform.internal.WebSphereJtaPlatform$WebSphereEnvironment
1745:             1             96  com.sun.crypto.provider.SunJCE
1746:             6             96  org.springframework.jndi.JndiTemplate
1747:             4             96  org.hibernate.loader.plan.exec.internal.CollectionReferenceAliasesImpl
1748:             3             96  org.springframework.web.servlet.mvc.method.annotation.RequestResponseBodyMethodProcessor
1749:             3             96  org.hibernate.engine.spi.EntityEntry$BooleanState
1750:             3             96  java.lang.reflect.WeakCache$CacheKey
1751:             4             96  org.springframework.web.servlet.mvc.method.annotation.PathVariableMethodArgumentResolver
1752:             3             96  org.springframework.beans.factory.support.ManagedList
1753:             6             96  org.apache.catalina.core.StandardContext$NoPluggabilityServletContext
1754:             6             96  org.apache.coyote.http11.AbstractNioInputBuffer$HeaderParsePosition
1755:             6             96  sun.java2d.pipe.AAShapePipe
1756:             6             96  org.springframework.http.converter.ResourceHttpMessageConverter
1757:             6             96  java.nio.channels.spi.AbstractSelector$1
1758:             4             96  org.springframework.orm.hibernate4.SpringSessionSynchronization
1759:             4             96  org.hibernate.loader.plan.exec.internal.AbstractCollectionLoadQueryDetails$CollectionLoaderReaderCollectorImpl
1760:             2             96  org.springframework.orm.jpa.support.PersistenceAnnotationBeanPostProcessor
1761:             4             96  org.springframework.web.servlet.mvc.method.annotation.MatrixVariableMethodArgumentResolver
1762:             6             96  org.springframework.web.servlet.mvc.method.annotation.ResponseBodyAdviceChain
1763:             6             96  [Lorg.apache.catalina.mapper.Mapper$ContextVersion;
1764:             3             96  org.apache.poi.hssf.record.HyperlinkRecord$GUID
1765:             1             96  sun.font.AttributeValues
1766:             4             96  org.apache.juli.DateFormatCache
1767:             4             96  java.security.BasicPermissionCollection
1768:             6             96  org.apache.catalina.util.CharsetMapper
1769:             6             96  org.apache.tomcat.util.descriptor.tld.TldParser
1770:             3             96  org.apache.tomcat.util.http.HttpMessages
1771:             2             96  org.apache.tomcat.util.threads.TaskQueue
1772:             4             96  org.hibernate.loader.plan.exec.internal.AbstractCollectionLoadQueryDetails$CollectionLoaderRowReader
1773:             4             96  org.hibernate.engine.OptimisticLockStyle
1774:             1             96  com.sun.security.sasl.Provider
1775:             6             96  org.apache.tomcat.util.descriptor.tld.TldRuleSet
1776:             1             96  org.springframework.web.servlet.view.InternalResourceViewResolver
1777:             6             96  java.awt.datatransfer.MimeTypeParameterList
1778:             6             96  org.openxmlformats.schemas.spreadsheetml.x2006.main.STCellType$Enum
1779:             6             96  sun.misc.PerfCounter
1780:             6             96  org.apache.tomcat.util.descriptor.tld.TldRuleSet$ScriptVariableRule
1781:             2             96  java.lang.Class$ReflectionData
1782:             1             96  org.jcp.xml.dsig.internal.dom.XMLDSigRI
1783:             6             96  org.springframework.web.method.annotation.ModelAttributeMethodProcessor
1784:             1             96  ch.qos.logback.classic.LoggerContext
1785:             2             96  org.springframework.beans.factory.annotation.AutowiredAnnotationBeanPostProcessor
1786:             4             96  java.awt.datatransfer.DataFlavor
1787:             6             96  org.springframework.aop.support.MethodMatchers$IntersectionMethodMatcher
1788:             4             96  org.hibernate.cfg.beanvalidation.ValidationMode
1789:             1             96  sun.security.smartcardio.SunPCSC
1790:             6             96  org.apache.tomcat.util.descriptor.tld.TldRuleSet$TagAttributeRule
1791:             3             96  org.springframework.http.converter.support.AllEncompassingFormHttpMessageConverter
1792:             4             96  javax.management.StandardEmitterMBean
1793:             4             96  com.sun.org.apache.xerces.internal.impl.xpath.regex.Token$ParenToken
1794:             6             96  org.apache.tomcat.websocket.server.WsFilter
1795:             1             96  ch.qos.logback.classic.LoggerContext
1796:             6             96  org.springframework.aop.support.ComposablePointcut
1797:             6             96  org.jboss.logging.Logger$Level
1798:             6             96  org.hibernate.engine.spi.Status
1799:             4             96  org.hibernate.cache.spi.access.AccessType
1800:             2             96  com.skyline.action.SendMailAction
1801:             3             96  ch.qos.logback.classic.pattern.LevelConverter
1802:             2             96  com.zaxxer.hikari.proxy.ConnectionJavassistProxy
1803:             4             96  org.springframework.core.type.filter.AnnotationTypeFilter
1804:             4             96  org.springframework.core.env.MapPropertySource
1805:             3             96  ch.qos.logback.classic.pattern.ThreadConverter
1806:             2             96  org.springframework.orm.jpa.support.PersistenceAnnotationBeanPostProcessor
1807:             4             96  org.springframework.core.env.SystemEnvironmentPropertySource
1808:             6             96  org.apache.tomcat.websocket.server.WsServerContainer$WsThreadFactory
1809:             3             96  ch.qos.logback.classic.pattern.LoggerConverter
1810:             6             96  [Lorg.apache.tomcat.util.descriptor.web.ApplicationParameter;
1811:             1             96  [Lcom.sun.org.apache.xerces.internal.impl.xpath.regex.RegularExpression;
1812:             4             96  org.eclipse.jdt.internal.compiler.ast.NullAnnotationMatching
1813:             3             96  ch.qos.logback.classic.pattern.MessageConverter
1814:             3             96  ch.qos.logback.classic.pattern.LevelConverter
1815:             3             96  org.aspectj.weaver.internal.tools.PointcutExpressionImpl
1816:             4             96  org.springframework.jndi.JndiPropertySource
1817:             4             96  org.springframework.web.method.annotation.RequestParamMethodArgumentResolver
1818:             1             96  org.springframework.web.servlet.view.InternalResourceViewResolver
1819:             6             96  sun.reflect.generics.reflectiveObjects.GenericArrayTypeImpl
1820:             3             96  ch.qos.logback.classic.pattern.ThreadConverter
1821:             3             96  org.springframework.web.servlet.mvc.method.annotation.HttpEntityMethodProcessor
1822:             6             96  com.zaxxer.hikari.pool.PoolBagEntry$1
1823:             1             96  org.dom4j.io.SAXContentHandler
1824:             4             96  java.util.concurrent.locks.ReentrantReadWriteLock$Sync$HoldCounter
1825:             3             96  org.hibernate.engine.query.spi.sql.NativeSQLQueryRootReturn
1826:             6             96  com.skyline.action.RRateAction$$FastClassBySpringCGLIB$$7e18bbf6
1827:             1             96  [Ljava.lang.invoke.MethodType;
1828:             3             96  java.util.concurrent.atomic.AtomicReferenceFieldUpdater$AtomicReferenceFieldUpdaterImpl
1829:             3             96  ch.qos.logback.classic.pattern.LoggerConverter
1830:             4             96  org.hibernate.cfg.beanvalidation.ValidationMode
1831:             3             96  org.apache.poi.hssf.record.HyperlinkRecord$GUID
1832:             3             96  ch.qos.logback.classic.pattern.MessageConverter
1833:             1             96  sun.security.rsa.SunRsaSign
1834:             4             96  org.hibernate.engine.OptimisticLockStyle
1835:             6             96  org.jboss.logging.Logger$Level
1836:             3             96  javax.net.ssl.SSLParameters
1837:             6             96  org.springframework.core.convert.support.CollectionToArrayConverter
1838:             4             96  org.hibernate.loader.collection.plan.CollectionLoader
1839:             6             96  java.util.concurrent.SynchronousQueue$TransferStack
1840:             2             96  javax.management.openmbean.TabularType
1841:             2             96  [Ljava.nio.file.attribute.PosixFilePermission;
1842:             4             96  org.hibernate.engine.jdbc.batch.internal.BasicBatchKey
1843:             6             96  java.lang.Thread$State
1844:             4             96  org.hibernate.loader.collection.plan.CollectionLoader$Builder
1845:             2             96  sun.management.GarbageCollectorImpl
1846:             6             96  org.apache.tomcat.websocket.server.WsSessionListener
1847:             6             96  com.skyline.action.RRateAction$$EnhancerBySpringCGLIB$$35de2619$$FastClassBySpringCGLIB$$f4094f52
1848:             6             96  org.hibernate.engine.spi.Status
1849:             4             96  com.sun.jmx.mbeanserver.DefaultMXBeanMappingFactory$ArrayMapping
1850:             1             96  sun.security.ssl.SSLSessionImpl
1851:             6             96  org.hibernate.internal.util.collections.ConcurrentReferenceHashMap$Values
1852:             3             96  org.hibernate.engine.transaction.jta.platform.internal.WebSphereJtaPlatform$WebSphereEnvironment
1853:             6             96  sun.nio.ch.Util$2
1854:             6             96  org.springframework.aop.config.SimpleBeanFactoryAwareAspectInstanceFactory
1855:             4             96  org.hibernate.cache.spi.access.AccessType
1856:             4             96  com.sun.imageio.plugins.jpeg.ImageTypeProducer
1857:             4             96  javax.el.ExpressionFactory$CacheValue
1858:             2             96  ch.qos.logback.core.rolling.helper.TimeBasedArchiveRemover
1859:             6             96  sun.java2d.pipe.TextRenderer
1860:             6             96  org.springframework.core.convert.support.CollectionToStringConverter
1861:             4             96  org.apache.tomcat.util.descriptor.web.LoginConfig
1862:             6             96  java.util.concurrent.ConcurrentSkipListSet
1863:             6             96  org.springframework.context.event.AbstractApplicationEventMulticaster$ListenerCacheKey
1864:             6             96  org.apache.tomcat.util.scan.StandardJarScanner
1865:             4             96  org.springframework.http.converter.xml.SourceHttpMessageConverter
1866:             3             96  org.hibernate.engine.spi.EntityEntry$BooleanState
1867:            12             96  org.apache.el.ExpressionFactoryImpl
1868:             4             96  org.hibernate.metamodel.relational.Size$LobMultiplier
1869:             1             96  sun.security.jca.ProviderList$1
1870:             4             96  org.hibernate.mapping.Table$ForeignKeyKey
1871:             4             96  org.springframework.web.method.annotation.ExpressionValueMethodArgumentResolver
1872:             4             96  org.apache.el.parser.AstNotEqual
1873:             1             96  sun.security.ec.SunEC
1874:             6             96  [Lorg.eclipse.jdt.internal.compiler.lookup.ReferenceBinding;
1875:             3             96  [Lorg.aspectj.weaver.patterns.NamePattern;
1876:             6             96  org.springframework.context.support.MessageSourceAccessor
1877:             2             96  org.apache.tomcat.util.net.NioSelectorPool
1878:             3             96  org.apache.tomcat.util.buf.UDecoder$DecodeException
1879:             3             96  org.springframework.beans.factory.support.ManagedList
1880:             2             96  ch.qos.logback.core.rolling.helper.TimeBasedArchiveRemover
1881:             3             96  ch.qos.logback.classic.pattern.LineSeparatorConverter
1882:             4             96  org.apache.tomcat.util.net.jsse.openssl.Protocol
1883:             6             96  org.springframework.aop.aspectj.AbstractAspectJAdvice$AdviceExcludingMethodMatcher
1884:             6             96  sun.security.util.DisabledAlgorithmConstraints$KeySizeConstraint$Operator
1885:             6             96  java.util.regex.Pattern$CharPropertyNames$2
1886:             1             96  com.sun.net.ssl.internal.ssl.Provider
1887:             6             96  org.apache.catalina.core.StandardHost$MemoryLeakTrackingListener
1888:             1             88  sun.awt.X11.XToolkit
1889:             1             88  com.sun.imageio.plugins.bmp.BMPImageReaderSpi
1890:             1             88  com.sun.imageio.plugins.bmp.BMPImageWriterSpi
1891:             1             88  com.sun.imageio.plugins.wbmp.WBMPImageReaderSpi
1892:             1             88  com.sun.imageio.plugins.wbmp.WBMPImageWriterSpi
1893:             1             88  org.springframework.web.servlet.mvc.method.annotation.RequestMappingHandlerMapping
1894:             1             88  [Lsun.security.util.ObjectIdentifier;
1895:             1             88  [[Ljava.lang.Byte;
1896:             1             88  com.skyline.action.RateAction$$EnhancerBySpringCGLIB$$e02dc38b
1897:             3             88  [Lorg.springframework.util.ConcurrentReferenceHashMap$TaskOption;
1898:             1             88  org.apache.catalina.authenticator.FormAuthenticator
1899:             2             88  [Lch.qos.logback.core.rolling.helper.PeriodicityType;
1900:             1             88  org.springframework.web.servlet.mvc.method.annotation.RequestMappingHandlerMapping
1901:             2             88  [Lch.qos.logback.core.rolling.helper.PeriodicityType;
1902:             1             88  org.apache.catalina.realm.UserDatabaseRealm
1903:             5             80  org.hibernate.tuple.PropertyFactory$NonIdentifierAttributeNature
1904:             2             80  ch.qos.logback.core.recovery.ResilientFileOutputStream
1905:             1             80  sun.misc.Launcher$AppClassLoader
1906:             1             80  [Lsun.security.ssl.CipherSuite$KeyExchange;
1907:             5             80  javassist.bytecode.stackmap.TypeData$BasicType
1908:             5             80  javassist.bytecode.stackmap.TypeData$BasicType
1909:             5             80  com.sun.proxy.$Proxy18
1910:             1             80  sun.misc.Launcher$ExtClassLoader
1911:             5             80  org.apache.tomcat.util.net.NioBlockingSelector$KeyReference
1912:             5             80  ch.qos.logback.core.subst.Token$Type
1913:             2             80  sun.misc.FloatingDecimal
1914:             5             80  org.springframework.core.convert.support.EnumToStringConverter
1915:             1             80  com.sun.imageio.plugins.gif.GIFImageWriterSpi
1916:             5             80  sun.security.jca.ServiceId
1917:             1             80  org.eclipse.jdt.internal.compiler.lookup.ProblemMethodBinding
1918:             2             80  org.apache.poi.ss.SpreadsheetVersion
1919:             5             80  com.mysql.jdbc.StringUtils$SearchMode
1920:             5             80  org.springframework.core.convert.support.GenericConversionService$Converters
1921:             2             80  [Ljava.lang.ThreadGroup;
1922:             5             80  org.springframework.core.DefaultParameterNameDiscoverer
1923:             2             80  javax.activation.ActivationDataFlavor
1924:             5             80  org.hibernate.tuple.PropertyFactory$NonIdentifierAttributeNature
1925:             2             80  org.hibernate.type.descriptor.java.BooleanTypeDescriptor
1926:             1             80  com.skyline.action.SendMailAction$$EnhancerBySpringCGLIB$$79a5d6ea
1927:             5             80  com.sun.org.apache.xalan.internal.utils.FeaturePropertyBase$State
1928:             5             80  org.springframework.core.convert.support.ArrayToCollectionConverter
1929:             5             80  org.springframework.core.LocalVariableTableParameterNameDiscoverer
1930:             5             80  org.springframework.core.convert.support.ArrayToArrayConverter
1931:             5             80  org.springframework.core.convert.support.CollectionToCollectionConverter
1932:             1             80  com.sun.imageio.plugins.png.PNGImageReaderSpi
1933:             5             80  com.sun.org.apache.xerces.internal.util.PropertyState
1934:             5             80  ch.qos.logback.core.pattern.parser.TokenStream$TokenizerState
1935:             1             80  com.sun.imageio.plugins.png.PNGImageWriterSpi
1936:             5             80  org.springframework.core.convert.support.MapToMapConverter
1937:             5             80  ch.qos.logback.core.subst.Token$Type
1938:             1             80  com.sun.imageio.plugins.jpeg.JPEGImageReaderSpi
1939:             5             80  org.springframework.core.convert.support.ArrayToStringConverter
1940:             5             80  com.mysql.jdbc.StringUtils$SearchMode
1941:             2             80  org.springframework.context.event.SimpleApplicationEventMulticaster
1942:             1             80  org.aspectj.weaver.ResolvedType$Missing
1943:             5             80  com.skyline.action.CRateAction$$FastClassBySpringCGLIB$$c4b242a7
1944:             5             80  ch.qos.logback.core.pattern.parser.TokenStream$TokenizerState
1945:             5             80  java.util.logging.ErrorManager
1946:             5             80  org.springframework.core.convert.support.StringToArrayConverter
1947:             2             80  sun.nio.cs.US_ASCII$Decoder
1948:             1             80  com.sun.imageio.plugins.jpeg.JPEGImageWriterSpi
1949:             5             80  org.springframework.core.convert.support.ArrayToObjectConverter
1950:             5             80  javax.servlet.DispatcherType
1951:             5             80  org.springframework.core.convert.support.ObjectToArrayConverter
1952:             5             80  org.springframework.core.convert.support.StringToCollectionConverter
1953:            10             80  org.springframework.web.context.request.RequestScope
1954:            10             80  org.apache.jasper.compiler.DefaultErrorHandler
1955:             2             80  org.apache.poi.ss.SpreadsheetVersion
1956:             5             80  org.springframework.core.convert.support.CollectionToObjectConverter
1957:             5             80  org.hibernate.engine.transaction.spi.LocalStatus
1958:             5             80  com.skyline.action.CRateAction$$EnhancerBySpringCGLIB$$914defaa$$FastClassBySpringCGLIB$$d1fe76bb
1959:             1             80  org.apache.catalina.authenticator.NonLoginAuthenticator
1960:             2             80  org.springframework.context.event.SimpleApplicationEventMulticaster
1961:             5             80  org.springframework.core.convert.support.ObjectToCollectionConverter
1962:             2             80  com.skyline.action.CRateAction
1963:             1             80  sun.nio.cs.CharsetMapping
1964:             5             80  org.springframework.core.convert.support.ByteBufferConverter
1965:             2             80  org.hibernate.type.CustomType
1966:             1             80  org.aspectj.weaver.ResolvedType$Missing
1967:             2             80  org.hibernate.internal.SessionFactoryImpl$SessionBuilderImpl
1968:             5             80  com.sun.org.apache.xerces.internal.utils.XMLSecurityPropertyManager$State
1969:             5             80  ch.qos.logback.core.util.AggregationType
1970:             2             80  org.hibernate.internal.util.collections.BoundedConcurrentHashMap
1971:             5             80  ch.qos.logback.core.util.AggregationType
1972:             2             80  org.apache.catalina.realm.MessageDigestCredentialHandler
1973:             5             80  org.springframework.web.accept.ContentNegotiationManager
1974:             5             80  org.springframework.core.convert.support.IdToEntityConverter
1975:             1             80  [[D
1976:             1             80  [Ljava.awt.geom.AffineTransform;
1977:             2             80  ch.qos.logback.core.recovery.ResilientFileOutputStream
1978:             5             80  org.hibernate.engine.transaction.spi.LocalStatus
1979:             5             80  javax.imageio.spi.PartiallyOrderedSet
1980:             1             80  com.sun.imageio.plugins.gif.GIFImageReaderSpi
1981:             5             80  org.apache.catalina.valves.AbstractAccessLogValve$FormatType
1982:             2             80  org.hibernate.type.descriptor.java.BooleanTypeDescriptor
1983:             3             72  ch.qos.logback.core.joran.action.AppenderRefAction
1984:             1             72  org.springframework.web.servlet.handler.BeanNameUrlHandlerMapping
1985:             1             72  [Lorg.apache.catalina.valves.AbstractAccessLogValve$AccessLogElement;
1986:             3             72  org.hibernate.engine.spi.EntityEntry$EnumState
1987:             3             72  [Lcom.sun.org.apache.xerces.internal.impl.xs.XSGroupDecl;
1988:             1             72  org.springframework.web.servlet.mvc.method.annotation.ExceptionHandlerExceptionResolver
1989:             3             72  org.apache.coyote.ErrorState
1990:             3             72  org.apache.poi.ss.formula.eval.NumberEval
1991:             3             72  org.hibernate.loader.custom.RootReturn
1992:             3             72  org.hibernate.engine.spi.ExecuteUpdateResultCheckStyle
1993:             3             72  java.util.Currency
1994:             1             72  [Ljavax.imageio.ImageTypeSpecifier;
1995:             3             72  javax.el.BeanELResolver$ConcurrentCache
1996:             3             72  org.hibernate.engine.jdbc.internal.FormatStyle
1997:             1             72  org.springframework.beans.factory.support.ManagedMap
1998:             3             72  sun.security.x509.SubjectAlternativeNameExtension
1999:             3             72  org.hibernate.engine.spi.ExecuteUpdateResultCheckStyle
2000:             3             72  org.hibernate.dialect.pagination.LegacyLimitHandler
2001:             1             72  org.apache.catalina.core.StandardService
2002:             3             72  ch.qos.logback.core.joran.action.PropertyAction
2003:             1             72  [Lorg.apache.catalina.LifecycleState;
2004:             3             72  org.hibernate.LockOptions
2005:             3             72  ch.qos.logback.core.joran.action.NOPAction
2006:             3             72  sun.security.provider.PolicyFile$PolicyEntry
2007:             1             72  org.springframework.web.servlet.handler.BeanNameUrlHandlerMapping
2008:             3             72  com.sun.org.apache.xalan.internal.utils.XMLSecurityManager$NameMap
2009:             1             72  [Ljavax.management.openmbean.SimpleType;
2010:             3             72  org.hibernate.engine.query.spi.sql.NativeSQLQuerySpecification
2011:             1             72  org.springframework.web.servlet.mvc.method.annotation.ExtendedServletRequestDataBinder
2012:             1             72  org.eclipse.jdt.internal.compiler.lookup.ProblemReferenceBinding
2013:             3             72  org.hibernate.engine.jdbc.internal.FormatStyle
2014:             3             72  ch.qos.logback.core.joran.action.AppenderRefAction
2015:             3             72  org.apache.tomcat.util.http.LegacyCookieProcessor
2016:             3             72  org.springframework.web.method.support.HandlerMethodArgumentResolverComposite
2017:             1             72  java.util.logging.LogManager$RootLogger
2018:             3             72  java.security.SecurityPermission
2019:             1             72  [Ljavax.websocket.CloseReason$CloseCodes;
2020:             3             72  org.hibernate.loader.custom.sql.SQLCustomQuery
2021:             1             72  org.springframework.aop.aspectj.AspectJMethodBeforeAdvice
2022:             3             72  org.apache.poi.ss.formula.eval.NumberEval
2023:             3             72  com.sun.org.apache.xerces.internal.utils.XMLSecurityManager$NameMap
2024:             1             72  com.skyline.action.CRateAction$$EnhancerBySpringCGLIB$$7699b68a
2025:             1             72  org.springframework.web.servlet.mvc.method.annotation.ExceptionHandlerExceptionResolver
2026:             3             72  org.springframework.aop.aspectj.AspectJPointcutAdvisor
2027:             3             72  org.hibernate.engine.spi.EntityEntry$EnumState
2028:             3             72  ch.qos.logback.core.joran.action.PropertyAction
2029:             1             72  org.springframework.aop.aspectj.AspectJAfterReturningAdvice
2030:             1             72  [Lorg.apache.tomcat.util.net.jsse.openssl.KeyExchange;
2031:             1             72  org.springframework.aop.aspectj.AspectJAfterAdvice
2032:             1             72  org.eclipse.jdt.internal.compiler.flow.UnconditionalFlowInfo
2033:             3             72  org.apache.xmlbeans.impl.values.XmlStringImpl
2034:             1             72  org.springframework.web.servlet.view.RedirectView
2035:             3             72  org.hibernate.event.service.internal.PostCommitEventListenerGroupImpl
2036:             1             72  [Lorg.apache.tomcat.util.net.jsse.openssl.Encryption;
2037:             3             72  org.hibernate.engine.spi.RowSelection
2038:             1             72  org.springframework.beans.factory.support.ManagedMap
2039:             3             72  ch.qos.logback.core.joran.action.NOPAction
2040:             3             72  com.sun.jmx.mbeanserver.DefaultMXBeanMappingFactory$EnumMapping
2041:             1             64  com.skyline.action.SendRecordAction$$EnhancerBySpringCGLIB$$1ea7d244
2042:             1             64  ch.qos.logback.core.ConsoleAppender
2043:             4             64  org.hibernate.event.internal.AbstractSaveEventListener$EntityState
2044:             4             64  java.lang.Boolean
2045:             2             64  com.skyline.action.CustomerAction
2046:             4             64  ch.qos.logback.core.subst.Token
2047:             1             64  org.eclipse.jdt.internal.compiler.lookup.TypeBinding$1
2048:             4             64  sun.security.ec.ECParameters
2049:             2             64  sun.java2d.pipe.Region$ImmutableRegion
2050:             4             64  com.sun.proxy.$Proxy11
2051:             8             64  com.mysql.jdbc.PerConnectionLRUFactory
2052:             2             64  [Lorg.apache.xmlbeans.impl.schema.StscComplexTypeResolver$CodeForNameEntry;
2053:             2             64  java.util.regex.Pattern$LazyLoop
2054:             1             64  com.skyline.action.CustomerAction$$EnhancerBySpringCGLIB$$b4d06549
2055:             4             64  org.apache.catalina.startup.ClassLoaderFactory$RepositoryType
2056:             1             64  javax.mail.internet.MailDateFormat
2057:             1             64  org.eclipse.jdt.internal.compiler.lookup.ReferenceBinding$1
2058:             4             64  com.sun.image.codec.jpeg.JPEGHuffmanTable
2059:             4             64  org.hibernate.loader.plan.exec.process.internal.CollectionReturnReader
2060:             1             64  org.apache.xmlbeans.impl.regex.RegularExpression
2061:             2             64  java.util.Collections$SynchronizedSortedMap
2062:             2             64  org.springframework.context.expression.StandardBeanExpressionResolver
2063:             4             64  org.hibernate.engine.FetchStyle
2064:             4             64  org.springframework.util.AntPathMatcher$PathSeparatorPatternCache
2065:             2             64  [Lcom.mysql.jdbc.StringUtils$SearchMode;
2066:             4             64  org.hibernate.engine.jdbc.spi.TypeSearchability
2067:             4             64  org.apache.xmlbeans.impl.regex.Token$UnionToken
2068:             2             64  [[Lcom.sun.org.apache.xerces.internal.xni.QName;
2069:             1             64  java.awt.color.ICC_ColorSpace
2070:             2             64  org.springframework.jndi.support.SimpleJndiBeanFactory
2071:             4             64  org.hibernate.loader.plan.exec.process.internal.CollectionReferenceInitializerImpl
2072:             4             64  ch.qos.logback.core.pattern.parser.Token
2073:             1             64  com.skyline.action.RRateAction$$EnhancerBySpringCGLIB$$1b29ecf9
2074:             2             64  java.io.ExpiringCache
2075:             2             64  org.aspectj.weaver.patterns.EllipsisTypePattern
2076:             4             64  org.hibernate.engine.FetchStyle
2077:             2             64  com.sun.jmx.mbeanserver.DefaultMXBeanMappingFactory$CollectionMapping
2078:             4             64  org.springframework.context.annotation.ScopedProxyMode
2079:             2             64  org.apache.tomcat.util.threads.TaskThreadFactory
2080:             2             64  com.skyline.action.SendRecordAction
2081:             4             64  [Lorg.aspectj.weaver.tools.PointcutParameter;
2082:             2             64  org.springframework.jndi.support.SimpleJndiBeanFactory
2083:             2             64  sun.nio.ch.ServerSocketAdaptor
2084:             4             64  ch.qos.logback.core.pattern.parser.Token
2085:             4             64  org.hibernate.event.internal.AbstractSaveEventListener$EntityState
2086:             4             64  org.springframework.web.servlet.mvc.method.annotation.ServletModelAttributeMethodProcessor
2087:             2             64  com.skyline.action.RRateAction
2088:             4             64  ch.qos.logback.core.subst.Token
2089:             2             64  [Lorg.hibernate.criterion.Criterion;
2090:             4             64  javax.imageio.plugins.jpeg.JPEGQTable
2091:             4             64  org.hibernate.MultiTenancyStrategy
2092:             2             64  org.apache.catalina.filters.CsrfPreventionFilter
2093:             2             64  [Lcom.mysql.jdbc.StringUtils$SearchMode;
2094:             4             64  com.sun.org.apache.xerces.internal.impl.xpath.regex.Token$UnionToken
2095:             2             64  java.net.Inet6Address$Inet6AddressHolder
2096:             4             64  org.apache.catalina.WebResourceRoot$ResourceSetType
2097:             4             64  com.sun.proxy.$Proxy43
2098:             4             64  org.hibernate.engine.jdbc.internal.StatementPreparerImpl
2099:             1             64  org.apache.catalina.core.ApplicationHttpRequest
2100:             2             64  org.apache.tomcat.util.threads.LimitLatch
2101:             4             64  java.text.Normalizer$Form
2102:             2             64  org.springframework.context.annotation.ConfigurationClassParser$ImportStack
2103:             4             64  javax.imageio.plugins.jpeg.JPEGHuffmanTable
2104:             4             64  org.apache.xmlbeans.XmlOptions
2105:             4             64  org.springframework.format.annotation.DateTimeFormat$ISO
2106:             2             64  [Lorg.springframework.format.annotation.DateTimeFormat$ISO;
2107:             1             64  [Lorg.aspectj.weaver.Shadow$Kind;
2108:             2             64  org.apache.jasper.runtime.JspApplicationContextImpl
2109:             2             64  org.apache.tomcat.util.threads.LimitLatch$Sync
2110:             4             64  org.springframework.jndi.JndiTemplate
2111:             4             64  org.springframework.util.AntPathMatcher$PathSeparatorPatternCache
2112:             2             64  [Ljavax.servlet.DispatcherType;
2113:             4             64  com.skyline.action.CustomerAction$$FastClassBySpringCGLIB$$1272ae46
2114:             1             64  sun.security.ssl.SSLContextImpl$DefaultSSLContext
2115:             2             64  java.lang.VirtualMachineError
2116:             4             64  org.apache.tomcat.util.net.AbstractEndpoint$Acceptor$AcceptorState
2117:             2             64  org.apache.catalina.mbeans.ConnectorMBean
2118:             2             64  org.hibernate.engine.jdbc.internal.StatementPreparerImpl$5
2119:             2             64  java.util.concurrent.ScheduledThreadPoolExecutor$DelayedWorkQueue
2120:             4             64  org.hibernate.engine.jdbc.spi.TypeSearchability
2121:             4             64  org.springframework.format.annotation.DateTimeFormat$ISO
2122:             2             64  [Lorg.springframework.format.annotation.DateTimeFormat$ISO;
2123:             2             64  java.util.Locale$Category
2124:             4             64  org.springframework.web.context.request.SessionScope
2125:             2             64  ch.qos.logback.classic.pattern.LineOfCallerConverter
2126:             4             64  [Lorg.aspectj.weaver.TypeVariable;
2127:             4             64  org.springframework.util.ConcurrentReferenceHashMap$TaskOption
2128:             2             64  ch.qos.logback.classic.pattern.FileOfCallerConverter
2129:             2             64  [Ljava.lang.StringBuilder;
2130:             4             64  javax.el.Util$CacheValue
2131:             1             64  org.hibernate.boot.registry.classloading.internal.ClassLoaderServiceImpl$AggregatedClassLoader
2132:             1             64  org.apache.xmlbeans.impl.regex.SchemaRegularExpression$2
2133:             4             64  org.springframework.core.env.MutablePropertySources
2134:             2             64  [Lsun.security.jca.ProviderConfig;
2135:             4             64  org.springframework.context.annotation.ScopedProxyMode
2136:             1             64  org.apache.xmlbeans.impl.regex.SchemaRegularExpression$3
2137:             4             64  org.springframework.http.converter.ByteArrayHttpMessageConverter
2138:             4             64  sun.util.locale.LocaleExtensions
2139:             2             64  ch.qos.logback.classic.pattern.LineOfCallerConverter
2140:             4             64  com.skyline.action.CustomerAction$$EnhancerBySpringCGLIB$$b4d06549$$FastClassBySpringCGLIB$$aaad915
2141:             2             64  org.springframework.web.context.support.StandardServletEnvironment
2142:             2             64  ch.qos.logback.classic.pattern.FileOfCallerConverter
2143:             2             64  com.sun.jmx.mbeanserver.DefaultMXBeanMappingFactory$TabularMapping
2144:             1             64  java.awt.EventQueue
2145:             2             64  java.io.PrintStream
2146:             4             64  org.hibernate.loader.collection.plan.CollectionLoader$Builder$1
2147:             2             64  org.apache.jasper.el.JasperELResolver
2148:             4             64  [Lorg.hibernate.metamodel.relational.Size;
2149:             1             64  org.apache.jasper.compiler.Node$Scriptlet
2150:             1             64  ch.qos.logback.core.ConsoleAppender
2151:             4             64  org.springframework.http.converter.ResourceHttpMessageConverter
2152:             2             64  sun.security.provider.DSAPublicKeyImpl
2153:             4             64  org.apache.tomcat.websocket.pojo.PojoPathParam
2154:             1             64  [Lcom.sun.imageio.plugins.jpeg.ImageTypeProducer;
2155:             2             64  org.springframework.context.support.DefaultLifecycleProcessor
2156:             2             64  sun.nio.fs.NativeBuffer
2157:             4             64  java.awt.Queue
2158:             1             64  com.sun.org.apache.xerces.internal.impl.xs.SchemaGrammar$XSAnyType
2159:             4             64  org.springframework.core.DefaultParameterNameDiscoverer
2160:             1             64  [Lorg.aspectj.weaver.Shadow$Kind;
2161:             1             64  org.apache.xmlbeans.impl.regex.SchemaRegularExpression$1
2162:             1             64  org.apache.coyote.ajp.AjpNioProtocol
2163:             2             64  sun.security.x509.PrivateKeyUsageExtension
2164:             2             64  org.springframework.context.support.DefaultLifecycleProcessor
2165:             4             64  sun.java2d.StateTrackable$State
2166:             2             64  org.apache.tomcat.util.log.SystemLogHandler
2167:             4             64  org.hibernate.MultiTenancyStrategy
2168:             4             64  org.springframework.core.LocalVariableTableParameterNameDiscoverer
2169:             1             64  [Lorg.apache.tomcat.util.net.jsse.openssl.Authentication;
2170:             4             64  org.apache.tomcat.util.log.UserDataHelper$Config
2171:             4             64  org.springframework.web.context.request.SessionScope
2172:             2             64  org.springframework.context.expression.StandardBeanExpressionResolver
2173:             2             64  java.lang.NumberFormatException
2174:             1             64  org.apache.xmlbeans.impl.schema.SchemaTypeLoaderImpl
2175:             4             64  com.sun.proxy.$Proxy2
2176:             4             64  org.springframework.web.method.annotation.ModelAttributeMethodProcessor
2177:             4             64  org.springframework.util.ConcurrentReferenceHashMap$TaskOption
2178:             2             64  [Lorg.springframework.util.ConcurrentReferenceHashMap$TaskOption;
2179:             2             64  org.springframework.web.bind.support.ConfigurableWebBindingInitializer
2180:             2             64  org.aspectj.weaver.patterns.EllipsisTypePattern
2181:             2             64  org.apache.coyote.AbstractProtocol$RecycledProcessors
2182:             4             64  java.util.concurrent.atomic.AtomicReference
2183:             2             64  org.springframework.http.converter.support.AllEncompassingFormHttpMessageConverter
2184:             4             64  org.springframework.core.convert.support.DefaultConversionService
2185:             1             56  org.springframework.web.servlet.view.AbstractCachingViewResolver$2
2186:             2             56  [Lorg.apache.catalina.Container;
2187:             1             56  com.sun.jmx.mbeanserver.MBeanIntrospector$PerInterfaceMap
2188:             1             56  com.sun.jmx.mbeanserver.MBeanIntrospector$MBeanInfoMap
2189:             1             56  org.apache.jasper.compiler.JspConfig$JspProperty
2190:             1             56  org.aspectj.weaver.patterns.AnnotationPointcut
2191:             1             56  org.apache.tomcat.util.descriptor.web.JspPropertyGroup
2192:             1             56  org.apache.catalina.mbeans.MemoryUserDatabaseMBean
2193:             1             56  org.apache.juli.OneLineFormatter$1$1
2194:             1             56  org.apache.catalina.realm.LockOutRealm$1
2195:             1             56  com.skyline.action.UserAction$$EnhancerBySpringCGLIB$$c7a693d6
2196:             1             56  [Lorg.apache.coyote.AsyncStateMachine$AsyncState;
2197:             1             56  com.skyline.action.CountryCodeAction$$EnhancerBySpringCGLIB$$e2fc0aca
2198:             1             56  org.aspectj.weaver.patterns.AndPointcut
2199:             7             56  org.aspectj.weaver.reflect.ReflectionWorld$ExceptionBasedMessageHandler
2200:             1             56  java.util.logging.ConsoleHandler
2201:             1             56  [Lcom.sun.org.apache.xerces.internal.impl.xs.util.XInt;
2202:             1             56  java.text.DateFormatSymbols
2203:             1             56  com.sun.jmx.mbeanserver.DefaultMXBeanMappingFactory$Mappings
2204:             7             56  sun.security.provider.NativePRNG
2205:             1             56  sun.security.provider.NativePRNG$RandomIO
2206:             1             56  org.aspectj.weaver.patterns.AndPointcut
2207:             1             56  com.skyline.action.SysAction$$EnhancerBySpringCGLIB$$fdccc752
2208:             1             56  sun.java2d.NullSurfaceData
2209:             1             56  org.springframework.web.servlet.view.AbstractCachingViewResolver$2
2210:             1             56  org.aspectj.weaver.patterns.AnnotationPointcut
2211:             1             56  org.apache.taglibs.standard.tag.rt.fmt.FormatDateTag
2212:             1             56  com.skyline.action.EmployeeAction$$EnhancerBySpringCGLIB$$95f36619
2213:             1             56  java.util.ResourceBundle$RBClassLoader
2214:             1             56  com.skyline.action.SysAction$$EnhancerBySpringCGLIB$$6fa8f091
2215:             1             56  org.apache.juli.ClassLoaderLogManager
2216:             1             56  com.skyline.action.PowersAction$$EnhancerBySpringCGLIB$$84c02ff9
2217:             1             56  sun.awt.AppContext
2218:             1             56  [Ljava.lang.Runnable;
2219:             3             48  com.sun.proxy.$Proxy49
2220:             3             48  org.apache.tomcat.JarScanType
2221:             2             48  java.text.FieldPosition
2222:             3             48  org.springframework.core.convert.support.ByteBufferConverter
2223:             2             48  org.apache.tomcat.util.net.NioBlockingSelector
2224:             3             48  [Ljava.net.InetAddress;
2225:             3             48  ch.qos.logback.core.subst.Tokenizer$TokenizerState
2226:             2             48  ch.qos.logback.classic.joran.action.LevelAction
2227:             1             48  com.skyline.action.BaseRateAction$$EnhancerBySpringCGLIB$$ec89ff1c
2228:             3             48  org.springframework.web.method.support.HandlerMethodReturnValueHandlerComposite
2229:             1             48  org.apache.catalina.core.StandardEngineValve
2230:             2             48  java.lang.ref.ReferenceQueue$Null
2231:             1             48  [[Lsun.awt.SunHints$Value;
2232:             3             48  com.skyline.action.SysAction$$EnhancerBySpringCGLIB$$8bca1cf4$$FastClassBySpringCGLIB$$104e9430
2233:             2             48  org.dom4j.tree.QNameCache
2234:             2             48  sun.security.ssl.EphemeralKeyManager$EphemeralKeyPair
2235:             3             48  javax.el.BeanELResolver
2236:             2             48  org.aspectj.weaver.tools.Jdk14Trace
2237:             3             48  ch.qos.logback.core.spi.FilterAttachableImpl
2238:             3             48  ch.qos.logback.core.rolling.helper.CompressionMode
2239:             2             48  org.hibernate.EntityMode
2240:             2             48  org.apache.tomcat.util.buf.UEncoder$SafeCharsSet
2241:             2             48  org.springframework.beans.factory.annotation.RequiredAnnotationBeanPostProcessor
2242:             3             48  org.hibernate.internal.util.collections.BoundedConcurrentHashMap$Recency
2243:             2             48  ch.qos.logback.core.joran.spi.ConsoleTarget
2244:             3             48  org.apache.tomcat.util.http.parser.SkipResult
2245:             3             48  com.predisw.util.DateFormatUtil$1
2246:             3             48  com.sun.org.apache.xerces.internal.impl.dv.dtd.ListDatatypeValidator
2247:             2             48  com.skyline.action.CountryCodeAction
2248:             3             48  org.hibernate.engine.transaction.spi.JoinStatus
2249:             2             48  sun.security.ssl.SSLSessionContextImpl
2250:             3             48  java.util.regex.Pattern$Prolog
2251:             2             48  org.springframework.expression.spel.support.ReflectivePropertyAccessor
2252:             3             48  org.hibernate.FetchMode
2253:             1             48  [Ljava.math.RoundingMode;
2254:             3             48  org.hibernate.loader.criteria.EntityCriteriaInfoProvider
2255:             2             48  [Ljavax.persistence.SynchronizationType;
2256:             3             48  org.apache.poi.ss.usermodel.Row$MissingCellPolicy
2257:             3             48  org.springframework.expression.TypedValue
2258:             2             48  ch.qos.logback.core.rolling.helper.RenameUtil
2259:             2             48  [Lcom.skyline.pojo.Partner;
2260:             3             48  org.apache.catalina.filters.SetCharacterEncodingFilter
2261:             3             48  org.hibernate.ConnectionReleaseMode
2262:             2             48  com.skyline.pojo.Partner
2263:             2             48  org.apache.poi.hssf.record.common.UnicodeString
2264:             2             48  org.dom4j.tree.ConcurrentReaderHashMap$Entry
2265:             3             48  org.apache.poi.openxml4j.opc.PackagePartName
2266:             3             48  org.hibernate.loader.BatchFetchStyle
2267:             1             48  [Lorg.hibernate.engine.internal.CascadePoint;
2268:             3             48  org.apache.poi.openxml4j.opc.PackageAccess
2269:             1             48  [Lsun.security.ssl.SignatureAndHashAlgorithm$HashAlgorithm;
2270:             3             48  org.hibernate.engine.jdbc.spi.TypeNullability
2271:             1             48  [Lorg.eclipse.jdt.internal.compiler.lookup.TypeConstants$CloseMethodRecord;
2272:             3             48  org.hibernate.engine.FetchTiming
2273:             3             48  org.springframework.aop.aspectj.AbstractAspectJAdvice$AdviceExcludingMethodMatcher
2274:             2             48  org.dom4j.Namespace
2275:             3             48  org.hibernate.NullPrecedence
2276:             2             48  org.springframework.context.support.DelegatingMessageSource
2277:             2             48  sun.nio.cs.ext.EUC_KR
2278:             2             48  java.lang.management.ManagementPermission
2279:             1             48  org.apache.catalina.startup.HostConfig
2280:             2             48  org.springframework.expression.spel.SpelParserConfiguration
2281:             3             48  org.springframework.aop.aspectj.AspectJExpressionPointcut$BeanNamePointcutDesignatorHandler
2282:             2             48  java.awt.Toolkit$DesktopPropertyChangeSupport
2283:             3             48  com.sun.org.apache.xerces.internal.impl.dtd.DTDGrammar$QNameHashtable
2284:             2             48  ch.qos.logback.core.rolling.helper.RenameUtil
2285:             3             48  com.skyline.action.LogAction$$FastClassBySpringCGLIB$$750c14c8
2286:             3             48  org.springframework.core.convert.support.IdToEntityConverter
2287:             2             48  com.sun.org.apache.xalan.internal.utils.XMLSecurityPropertyManager$Property
2288:             1             48  org.eclipse.jdt.internal.compiler.lookup.FieldBinding
2289:             1             48  org.eclipse.jdt.internal.compiler.ast.IntLiteral
2290:             1             48  sun.security.validator.PKIXValidator
2291:             3             48  org.springframework.expression.spel.SpelCompilerMode
2292:             3             48  org.springframework.web.servlet.mvc.method.annotation.ModelAndViewMethodReturnValueHandler
2293:             1             48  ch.qos.logback.core.joran.spi.Interpreter
2294:             3             48  ch.qos.logback.core.subst.Tokenizer$TokenizerState
2295:             3             48  org.hibernate.engine.spi.CachedNaturalIdValueSource
2296:             3             48  org.hibernate.engine.FetchTiming
2297:             3             48  com.skyline.action.SendMailAction$$FastClassBySpringCGLIB$$d0848f07
2298:             2             48  org.springframework.expression.spel.support.ReflectivePropertyAccessor
2299:             3             48  org.hibernate.internal.util.collections.BoundedConcurrentHashMap$Recency
2300:             3             48  org.hibernate.persister.entity.Queryable$Declarer
2301:             2             48  com.sun.jndi.ldap.pool.Pool
2302:             2             48  org.springframework.web.context.support.ServletContextPropertySource
2303:             2             48  org.apache.el.parser.AstFalse
2304:             2             48  java.net.Inet6Address
2305:             3             48  org.springframework.core.Constants
2306:             1             48  org.dom4j.io.SAXReader
2307:             6             48  org.apache.tomcat.websocket.server.WsSci
2308:             2             48  org.hibernate.criterion.BetweenExpression
2309:             2             48  org.apache.tomcat.util.net.NioEndpoint$Acceptor
2310:             2             48  org.springframework.core.type.classreading.CachingMetadataReaderFactory
2311:             1             48  [Lorg.aspectj.bridge.IMessage$Kind;
2312:             3             48  org.hibernate.loader.plan.spi.QuerySpace$Disposition
2313:             3             48  java.net.Proxy$Type
2314:             3             48  org.hibernate.internal.util.collections.ConcurrentReferenceHashMap$ReferenceType
2315:             2             48  org.dom4j.tree.QNameCache
2316:             3             48  org.hibernate.criterion.Conjunction
2317:             1             48  org.springframework.orm.hibernate4.HibernateTransactionManager
2318:             2             48  org.springframework.beans.factory.annotation.RequiredAnnotationBeanPostProcessor
2319:             1             48  ch.qos.logback.core.joran.spi.InterpretationContext
2320:             3             48  org.hibernate.internal.CriteriaImpl$CriterionEntry
2321:             3             48  sun.security.x509.RFC822Name
2322:             3             48  com.skyline.action.LogAction$$EnhancerBySpringCGLIB$$b41d86ab$$FastClassBySpringCGLIB$$7d4e5b75
2323:             2             48  org.apache.xmlbeans.SchemaIdentityConstraint$Ref
2324:             3             48  org.springframework.aop.framework.InterceptorAndDynamicMethodMatcher
2325:             2             48  org.springframework.jndi.JndiLocatorDelegate
2326:             1             48  [Lorg.apache.tomcat.util.net.SocketStatus;
2327:             2             48  org.hibernate.type.EnumType
2328:             6             48  org.apache.jasper.servlet.JasperInitializer
2329:             1             48  com.skyline.action.ErrorAction$$EnhancerBySpringCGLIB$$8f4c614f
2330:             2             48  [Ljavax.persistence.EnumType;
2331:             2             48  org.springframework.web.method.annotation.ExpressionValueMethodArgumentResolver
2332:             1             48  [Lcom.sun.org.apache.xerces.internal.impl.dv.XSSimpleType;
2333:             1             48  java.security.cert.PKIXBuilderParameters
2334:             2             48  org.springframework.context.support.DelegatingMessageSource
2335:             1             48  org.eclipse.jdt.internal.compiler.lookup.ProblemPackageBinding
2336:             1             48  java.awt.image.PixelInterleavedSampleModel
2337:             3             48  org.springframework.core.convert.support.EnumToStringConverter
2338:             3             48  com.skyline.action.SendMailAction$$EnhancerBySpringCGLIB$$945a100a$$FastClassBySpringCGLIB$$2b40649
2339:             3             48  org.springframework.aop.config.SimpleBeanFactoryAwareAspectInstanceFactory
2340:             3             48  org.springframework.core.convert.support.GenericConversionService$Converters
2341:             2             48  com.sun.mail.util.MailLogger
2342:             2             48  org.hibernate.EntityMode
2343:             2             48  ch.qos.logback.classic.joran.action.LevelAction
2344:             2             48  ch.qos.logback.core.rolling.helper.Compressor
2345:             3             48  java.lang.InheritableThreadLocal
2346:             3             48  org.springframework.web.servlet.mvc.method.annotation.ViewNameMethodReturnValueHandler
2347:             3             48  sun.awt.AppContext$State
2348:             2             48  java.util.concurrent.CountDownLatch$Sync
2349:             3             48  org.hibernate.loader.plan.spi.LoadPlan$Disposition
2350:             2             48  [Lorg.apache.tomcat.util.net.NioEndpoint$Poller;
2351:             1             48  javassist.compiler.KeywordTable
2352:             3             48  org.hibernate.loader.plan.spi.QuerySpace$Disposition
2353:             3             48  org.hibernate.FetchMode
2354:             1             48  javassist.compiler.KeywordTable
2355:             1             48  [Ljavassist.CtClass;
2356:             1             48  org.apache.catalina.valves.ErrorReportValve
2357:             2             48  org.dom4j.tree.ConcurrentReaderHashMap$Entry
2358:             3             48  org.hibernate.ConnectionReleaseMode
2359:             3             48  org.springframework.web.accept.ContentNegotiationManager
2360:             2             48  com.skyline.pojo.Partner
2361:             3             48  org.hibernate.loader.BatchFetchStyle
2362:             3             48  org.hibernate.engine.query.spi.NativeSQLQueryPlan
2363:             2             48  org.springframework.context.annotation.ConditionEvaluator$ConditionContextImpl
2364:             1             48  com.skyline.action.PropsAction$$EnhancerBySpringCGLIB$$9d30a5b7
2365:             2             48  sun.security.jca.ProviderList
2366:             3             48  org.hibernate.NullPrecedence
2367:             2             48  org.springframework.expression.spel.SpelParserConfiguration
2368:             3             48  org.hibernate.engine.jdbc.spi.TypeNullability
2369:             3             48  java.util.regex.Pattern$Dollar
2370:             3             48  org.hibernate.loader.plan.spi.LoadPlan$Disposition
2371:             2             48  org.hibernate.cfg.MetadataSourceType
2372:             2             48  [Lorg.hibernate.cfg.MetadataSourceType;
2373:             1             48  sun.java2d.loops.Blit$GeneralMaskBlit
2374:             3             48  org.springframework.expression.spel.SpelCompilerMode
2375:             3             48  org.apache.tomcat.util.net.AbstractEndpoint$BindState
2376:             3             48  org.hibernate.engine.spi.CachedNaturalIdValueSource
2377:             3             48  org.hibernate.criterion.PropertyProjection
2378:             2             48  ch.qos.logback.core.rolling.helper.Compressor
2379:             3             48  org.springframework.core.convert.support.ArrayToCollectionConverter
2380:             2             48  sun.security.provider.DSAParameters
2381:             3             48  org.springframework.cglib.core.AbstractClassGenerator$Source
2382:             3             48  org.aspectj.weaver.World$AspectPrecedenceCalculator
2383:             3             48  sun.misc.Signal
2384:             3             48  org.aspectj.weaver.patterns.Pointcut$State
2385:             3             48  org.aspectj.weaver.tools.DefaultMatchingContext
2386:             3             48  javax.el.Util$CacheKey
2387:             3             48  org.apache.poi.ss.usermodel.Row$MissingCellPolicy
2388:             2             48  com.zaxxer.hikari.util.FastList
2389:             2             48  org.springframework.format.support.FormattingConversionService$ParserConverter
2390:             3             48  org.hibernate.persister.entity.Queryable$Declarer
2391:             3             48  [Lorg.hibernate.engine.query.spi.sql.NativeSQLQueryReturn;
2392:             3             48  org.hibernate.engine.jdbc.spi.ExtractedDatabaseMetaData$SQLStateType
2393:             2             48  org.springframework.context.annotation.ContextAnnotationAutowireCandidateResolver
2394:             3             48  org.springframework.format.annotation.NumberFormat$Style
2395:             3             48  org.springframework.core.convert.support.ArrayToArrayConverter
2396:             2             48  [Lorg.springframework.format.annotation.NumberFormat$Style;
2397:             1             48  ch.qos.logback.core.joran.spi.Interpreter
2398:             1             48  [Lorg.aspectj.bridge.IMessage$Kind;
2399:             2             48  org.springframework.web.servlet.mvc.method.annotation.PathVariableMethodArgumentResolver
2400:             3             48  org.springframework.aop.support.MethodMatchers$IntersectionMethodMatcher
2401:             3             48  ch.qos.logback.classic.pattern.TargetLengthBasedClassNameAbbreviator
2402:             2             48  org.springframework.web.servlet.mvc.method.annotation.RequestPartMethodArgumentResolver
2403:             3             48  org.springframework.core.convert.support.CollectionToCollectionConverter
2404:             2             48  com.skyline.action.PowersAction
2405:             3             48  ch.qos.logback.core.spi.FilterReply
2406:             3             48  [Lorg.hibernate.loader.criteria.CriteriaLoader;
2407:             3             48  ch.qos.logback.core.spi.FilterReply
2408:             2             48  org.springframework.web.method.annotation.RequestHeaderMethodArgumentResolver
2409:             2             48  org.springframework.format.support.FormattingConversionService$ParserConverter
2410:             3             48  java.text.AttributedCharacterIterator$Attribute
2411:             3             48  org.apache.tomcat.websocket.pojo.PojoMethodMapping$MethodType
2412:             3             48  org.hibernate.internal.util.collections.ConcurrentReferenceHashMap$ReferenceType
2413:             3             48  org.springframework.aop.support.ComposablePointcut
2414:             3             48  org.springframework.core.convert.support.MapToMapConverter
2415:             3             48  org.springframework.core.Constants
2416:             3             48  java.nio.charset.CodingErrorAction
2417:             1             48  sun.java2d.SurfaceData$PixelToPgramLoopConverter
2418:             1             48  com.sun.org.apache.xerces.internal.jaxp.DocumentBuilderImpl
2419:             2             48  org.springframework.web.servlet.mvc.method.annotation.MatrixVariableMethodArgumentResolver
2420:             2             48  org.aspectj.weaver.tools.Jdk14Trace
2421:             2             48  sun.security.ssl.SSLAlgorithmConstraints
2422:             3             48  org.springframework.core.convert.support.ArrayToStringConverter
2423:             3             48  ch.qos.logback.classic.pattern.TargetLengthBasedClassNameAbbreviator
2424:             3             48  ch.qos.logback.core.spi.FilterAttachableImpl
2425:             2             48  org.springframework.core.env.MapPropertySource
2426:             1             48  ch.qos.logback.core.joran.spi.InterpretationContext
2427:             2             48  org.apache.poi.hssf.record.common.UnicodeString
2428:             3             48  org.springframework.format.annotation.NumberFormat$Style
2429:             6             48  org.apache.tomcat.websocket.server.WsContextListener
2430:             2             48  [Lorg.springframework.format.annotation.NumberFormat$Style;
2431:             2             48  org.hibernate.cfg.MetadataSourceType
2432:             3             48  javax.el.ExpressionFactory$CacheKey
2433:             2             48  [Lorg.hibernate.cfg.MetadataSourceType;
2434:             2             48  org.springframework.aop.framework.autoproxy.AbstractAdvisorAutoProxyCreator$BeanFactoryAdvisorRetrievalHelperAdapter
2435:             1             48  com.skyline.action.LogAction$$EnhancerBySpringCGLIB$$99694d8b
2436:             2             48  [Lsun.nio.fs.NativeBuffer;
2437:             1             48  [Ljavassist.CtClass;
2438:             3             48  sun.text.normalizer.NormalizerBase$QuickCheckResult
2439:             2             48  org.springframework.web.servlet.mvc.method.annotation.ServletCookieValueMethodArgumentResolver
2440:             1             48  com.skyline.action.ExcelTpAction$$EnhancerBySpringCGLIB$$9bc11cba
2441:             2             48  org.springframework.core.env.SystemEnvironmentPropertySource
2442:             2             48  com.sun.org.apache.xerces.internal.utils.XMLSecurityPropertyManager$Property
2443:             1             48  org.apache.catalina.core.StandardHostValve
2444:             3             48  javax.servlet.SessionTrackingMode
2445:             2             48  org.springframework.aop.framework.autoproxy.AbstractAdvisorAutoProxyCreator$BeanFactoryAdvisorRetrievalHelperAdapter
2446:             3             48  org.springframework.core.convert.support.StringToArrayConverter
2447:             3             48  sun.java2d.pipe.SpanClipRenderer
2448:             2             48  com.skyline.action.UserAction
2449:             2             48  ch.qos.logback.core.joran.spi.ConsoleTarget
2450:             3             48  org.apache.tomcat.util.log.UserDataHelper$Mode
2451:             3             48  com.skyline.action.CountryCodeAction$$FastClassBySpringCGLIB$$33d1dee7
2452:             3             48  javax.el.MapELResolver
2453:             2             48  org.springframework.jndi.JndiPropertySource
2454:             3             48  org.springframework.core.convert.support.ArrayToObjectConverter
2455:             3             48  org.apache.coyote.http11.AbstractNioInputBuffer$HeaderParseStatus
2456:             3             48  javax.crypto.CryptoPermissions
2457:             2             48  java.security.CodeSigner
2458:             3             48  [Lorg.eclipse.jdt.internal.compiler.lookup.VariableBinding;
2459:             6             48  org.apache.tomcat.websocket.server.WsWriteTimeout$EndpointComparator
2460:             3             48  [Lorg.eclipse.jdt.internal.compiler.lookup.FieldBinding;
2461:             3             48  com.zaxxer.hikari.util.DefaultThreadFactory
2462:             1             48  org.apache.tomcat.util.descriptor.web.ContextResource
2463:             3             48  org.springframework.core.convert.support.ObjectToArrayConverter
2464:             1             48  org.apache.tomcat.util.descriptor.web.SessionConfig
2465:             3             48  com.sun.proxy.$Proxy1
2466:             2             48  sun.security.x509.PolicyMappingsExtension
2467:             2             48  org.hibernate.sql.ANSIJoinFragment
2468:             2             48  [Lcom.skyline.pojo.Partner;
2469:             3             48  com.skyline.action.SysAction$$FastClassBySpringCGLIB$$c81a591
2470:             2             48  sun.java2d.StateTrackableDelegate
2471:             1             48  [Lsun.util.logging.PlatformLogger$Level;
2472:             1             48  org.hibernate.service.internal.SessionFactoryServiceRegistryImpl
2473:             2             48  [Ljavax.servlet.SessionTrackingMode;
2474:             3             48  java.util.Collections$UnmodifiableCollection
2475:             2             48  com.skyline.action.SysAction
2476:             3             48  org.springframework.core.convert.support.StringToCollectionConverter
2477:             3             48  org.hibernate.engine.transaction.spi.JoinStatus
2478:             2             48  org.springframework.web.context.support.ServletContextPropertySource
2479:             3             48  javax.mail.Message$RecipientType
2480:             2             48  java.util.PropertyPermissionCollection
2481:             3             48  org.springframework.core.convert.support.CollectionToObjectConverter
2482:             2             48  org.dom4j.Namespace
2483:             3             48  org.apache.tomcat.util.descriptor.web.TaglibDescriptorImpl
2484:             3             48  org.apache.catalina.realm.RealmBase$AllRolesMode
2485:             3             48  javax.el.ListELResolver
2486:             3             48  java.lang.annotation.RetentionPolicy
2487:             3             48  org.springframework.cglib.core.AbstractClassGenerator$Source
2488:             2             48  [Ljava.lang.annotation.RetentionPolicy;
2489:             3             48  org.aspectj.weaver.patterns.Pointcut$State
2490:             1             48  [Lorg.hibernate.engine.internal.CascadePoint;
2491:             3             48  org.springframework.core.convert.support.ObjectToCollectionConverter
2492:             3             48  org.springframework.expression.TypedValue
2493:             2             48  org.springframework.context.annotation.ContextAnnotationAutowireCandidateResolver
2494:             3             48  com.skyline.action.CountryCodeAction$$EnhancerBySpringCGLIB$$fdb043ea$$FastClassBySpringCGLIB$$be3134d9
2495:             3             48  ch.qos.logback.core.rolling.helper.CompressionMode
2496:             2             48  com.skyline.action.EmployeeAction
2497:             1             48  [Ljava.beans.WeakIdentityMap$Entry;
2498:             3             48  javax.el.ArrayELResolver
2499:             3             48  org.hibernate.engine.jdbc.spi.ExtractedDatabaseMetaData$SQLStateType
2500:             1             40  com.sun.jmx.interceptor.DefaultMBeanServerInterceptor
2501:             5             40  org.springframework.core.convert.support.NumberToCharacterConverter
2502:             1             40  [Lsun.security.x509.NetscapeCertTypeExtension$MapEntry;
2503:             1             40  org.dom4j.tree.DefaultDocument
2504:             1             40  sun.util.logging.resources.logging
2505:             5             40  org.springframework.core.convert.support.CharacterToNumberFactory
2506:             5             40  org.springframework.core.convert.support.StringToBooleanConverter
2507:             1             40  org.eclipse.jdt.internal.compiler.flow.FlowContext
2508:             5             40  org.springframework.core.convert.support.StringToEnumConverterFactory
2509:             1             40  compressionFilters.CompressionFilter
2510:             1             40  com.skyline.service.imple.CustomerServiceImple
2511:             5             40  org.springframework.core.convert.support.StringToLocaleConverter
2512:             1             40  [Lorg.apache.coyote.http11.AbstractNioInputBuffer$HeaderParsePosition;
2513:             5             40  org.springframework.core.convert.support.StringToPropertiesConverter
2514:             1             40  [Lorg.apache.catalina.mapper.Mapper$MappedContext;
2515:             5             40  org.springframework.web.method.annotation.ModelMethodProcessor
2516:             1             40  org.springframework.web.servlet.mvc.annotation.ResponseStatusExceptionResolver
2517:             5             40  org.springframework.core.convert.support.PropertiesToStringConverter
2518:             1             40  org.aspectj.weaver.patterns.ExactAnnotationTypePattern
2519:             1             40  org.hibernate.cfg.annotations.reflection.XMLContext
2520:             5             40  org.springframework.web.method.annotation.MapMethodProcessor
2521:             5             40  org.springframework.core.convert.support.NumberToNumberConverterFactory
2522:             5             40  org.springframework.core.convert.support.StringToUUIDConverter
2523:             1             40  org.apache.catalina.mapper.MapperListener
2524:             1             40  sun.util.resources.TimeZoneNames
2525:             1             40  org.hibernate.boot.registry.internal.StandardServiceRegistryImpl
2526:             1             40  sun.util.resources.TimeZoneNames_en
2527:             2             40  [Ljava.security.cert.X509Certificate;
2528:             1             40  org.apache.tomcat.util.modeler.Registry
2529:             1             40  [Ljava.lang.Thread$State;
2530:             1             40  [Lorg.apache.xmlbeans.SchemaStringEnumEntry;
2531:             1             40  [Lorg.hibernate.hql.internal.ast.tree.DotNode$DereferenceType;
2532:             1             40  sun.awt.resources.awt
2533:             1             40  org.hibernate.annotations.common.reflection.java.JavaReflectionManager
2534:             1             40  [Lcom.sun.org.apache.xerces.internal.util.Status;
2535:             1             40  sun.security.util.AuthResources
2536:             1             40  org.springframework.web.accept.ContentNegotiationManagerFactoryBean
2537:             1             40  [Lorg.springframework.cglib.proxy.CallbackInfo;
2538:             1             40  [Lcom.sun.org.apache.xalan.internal.utils.XMLSecurityManager$Limit;
2539:             1             40  [Lorg.jboss.logging.Logger$Level;
2540:             2             40  [Lcom.sun.jmx.mbeanserver.ClassLoaderRepositorySupport$LoaderEntry;
2541:             1             40  org.hibernate.internal.CacheImpl
2542:             1             40  ch.qos.logback.core.BasicStatusManager
2543:             1             40  ch.qos.logback.core.joran.action.DefinePropertyAction
2544:             1             40  org.aspectj.weaver.patterns.ExactAnnotationTypePattern
2545:             1             40  ch.qos.logback.core.BasicStatusManager
2546:             1             40  [Lorg.apache.tomcat.util.net.AbstractEndpoint$Handler$SocketState;
2547:             1             40  [Lcom.sun.org.apache.xerces.internal.utils.XMLSecurityManager$Limit;
2548:             1             40  [Lorg.hibernate.hql.internal.ast.tree.DotNode$DereferenceType;
2549:             1             40  org.springframework.web.filter.CharacterEncodingFilter
2550:             1             40  org.hibernate.engine.jdbc.internal.JdbcServicesImpl
2551:             1             40  [Lorg.jboss.logging.Logger$Level;
2552:             1             40  org.springframework.core.task.SimpleAsyncTaskExecutor
2553:             1             40  sun.awt.HeadlessToolkit
2554:             1             40  java.util.concurrent.locks.ReentrantReadWriteLock$FairSync
2555:             1             40  [Lorg.springframework.cglib.proxy.CallbackInfo;
2556:             1             40  org.springframework.web.servlet.mvc.annotation.ResponseStatusExceptionResolver
2557:             1             40  java.util.regex.Pattern$GroupCurly
2558:             1             40  com.sun.org.apache.xerces.internal.util.URI
2559:             5             40  org.springframework.web.accept.HeaderContentNegotiationStrategy
2560:             1             40  sun.nio.cs.StandardCharsets$Aliases
2561:             1             40  org.apache.catalina.users.MemoryUserDatabase
2562:             5             40  org.springframework.core.convert.support.ObjectToObjectConverter
2563:             1             40  sun.nio.cs.StandardCharsets$Classes
2564:             1             40  sun.nio.cs.StandardCharsets$Cache
2565:             1             40  ch.qos.logback.core.joran.action.DefinePropertyAction
2566:             5             40  org.springframework.web.servlet.mvc.method.annotation.ServletRequestMethodArgumentResolver
2567:             1             40  java.util.Hashtable$Enumerator
2568:             1             40  [Ljava.io.InputStream;
2569:             5             40  org.springframework.core.convert.support.StringToNumberConverterFactory
2570:             1             40  org.springframework.orm.hibernate4.support.OpenSessionInViewFilter
2571:             1             40  [Lorg.apache.tomcat.util.net.jsse.openssl.MessageDigest;
2572:             5             40  org.springframework.core.convert.support.FallbackObjectToStringConverter
2573:             5             40  org.springframework.web.servlet.mvc.method.annotation.ServletResponseMethodArgumentResolver
2574:             1             40  [Ljava.util.concurrent.TimeUnit;
2575:             1             40  org.hibernate.engine.jdbc.internal.JdbcServicesImpl$ExtractedDatabaseMetaDataImpl
2576:             5             40  org.apache.juli.OneLineFormatter
2577:             1             40  [Lsun.security.util.DisabledAlgorithmConstraints$KeySizeConstraint$Operator;
2578:             5             40  sun.net.www.protocol.jar.Handler
2579:             1             40  com.sun.jmx.mbeanserver.MBeanServerDelegateImpl
2580:             1             40  [Lorg.apache.tomcat.util.net.jsse.openssl.EncryptionLevel;
2581:             1             40  java.beans.WeakIdentityMap$Entry
2582:             5             40  org.springframework.core.convert.support.StringToCharacterConverter
2583:             1             32  ch.qos.logback.classic.joran.action.LoggerAction
2584:             2             32  org.hibernate.type.BasicTypeRegistry
2585:             1             32  org.apache.catalina.mapper.Mapper$MappedHost
2586:             1             32  [Lorg.hibernate.tuple.PropertyFactory$NonIdentifierAttributeNature;
2587:             1             32  ch.qos.logback.core.joran.action.AppenderAction
2588:             1             32  org.xml.sax.InputSource
2589:             2             32  com.sun.proxy.$Proxy4
2590:             1             32  org.aspectj.weaver.patterns.NoTypePattern
2591:             2             32  org.springframework.aop.framework.adapter.AfterReturningAdviceInterceptor
2592:             2             32  org.springframework.web.context.support.ServletContextResourcePatternResolver
2593:             1             32  com.sun.org.apache.xerces.internal.impl.XMLEntityScanner$1
2594:             1             32  org.aspectj.weaver.patterns.BasicToken
2595:             2             32  org.springframework.context.expression.StandardBeanExpressionResolver$1
2596:             2             32  org.springframework.util.ConcurrentReferenceHashMap$ReferenceType
2597:             2             32  org.springframework.web.bind.support.DefaultSessionAttributeStore
2598:             2             32  ch.qos.logback.core.spi.AppenderAttachableImpl
2599:             2             32  sun.management.ManagementFactoryHelper$1
2600:             1             32  [Lorg.hibernate.event.internal.AbstractSaveEventListener$EntityState;
2601:             2             32  org.aspectj.weaver.patterns.TypePattern$MatchKind
2602:             2             32  com.sun.proxy.$Proxy5
2603:             2             32  org.springframework.web.servlet.mvc.method.annotation.ViewNameMethodReturnValueHandler
2604:             1             32  ch.qos.logback.classic.joran.action.RootLoggerAction
2605:             1             32  [Lorg.hibernate.metamodel.relational.Size$LobMultiplier;
2606:             1             32  [Lsun.security.ssl.CipherSuite$PRF;
2607:             4             32  org.springframework.web.method.annotation.RequestParamMapMethodArgumentResolver
2608:             1             32  org.springframework.web.servlet.view.DefaultRequestToViewNameTranslator
2609:             2             32  com.sun.proxy.$Proxy6
2610:             2             32  org.springframework.aop.framework.InterceptorAndDynamicMethodMatcher
2611:             2             32  sun.security.ssl.SessionId
2612:             2             32  org.springframework.core.convert.support.GenericConversionService$NoOpConverter
2613:             1             32  java.security.KeyFactory
2614:             1             32  javax.crypto.CryptoAllPermission
2615:             2             32  org.hibernate.cfg.EJB3DTDEntityResolver
2616:             2             32  com.sun.image.codec.jpeg.JPEGQTable
2617:             1             32  [Lch.qos.logback.core.subst.Token$Type;
2618:             1             32  org.springframework.core.convert.Property
2619:             2             32  org.springframework.expression.spel.standard.SpelExpressionParser
2620:             2             32  org.aspectj.bridge.MessageWriter
2621:             1             32  org.hibernate.boot.registry.internal.BootstrapServiceRegistryImpl
2622:             1             32  java.util.regex.Pattern$Loop
2623:             1             32  [Lorg.eclipse.jdt.internal.compiler.ast.ExpressionContext;
2624:             2             32  org.springframework.context.support.PostProcessorRegistrationDelegate$BeanPostProcessorChecker
2625:             1             32  [Lsun.security.jca.ServiceId;
2626:             2             32  [[Lorg.aspectj.weaver.ResolvedType;
2627:             4             32  org.springframework.web.servlet.mvc.method.annotation.PathVariableMapMethodArgumentResolver
2628:             1             32  java.awt.color.ICC_ProfileRGB
2629:             2             32  org.eclipse.jdt.internal.compiler.impl.LongConstant
2630:             1             32  [Lorg.apache.catalina.startup.ClassLoaderFactory$RepositoryType;
2631:             1             32  org.aspectj.weaver.patterns.ModifiersPattern
2632:             2             32  com.sun.jmx.mbeanserver.WeakIdentityHashMap
2633:             2             32  com.sun.org.apache.xerces.internal.impl.xpath.regex.Token
2634:             2             32  java.nio.charset.CoderResult
2635:             2             32  org.springframework.context.support.PostProcessorRegistrationDelegate$ApplicationListenerDetector
2636:             1             32  org.apache.jsp.WEB_002dINF.jsp.user.addUser_jsp
2637:             2             32  org.apache.xmlbeans.impl.regex.Token
2638:             1             32  org.dom4j.tree.DefaultDocumentType
2639:             1             32  org.apache.jsp.WEB_002dINF.jsp.sys.onliner_jsp
2640:             2             32  ch.qos.logback.core.spi.AppenderAttachableImpl
2641:             1             32  com.sun.org.apache.xerces.internal.impl.xs.XSModelGroupImpl
2642:             2             32  com.skyline.action.PropsAction
2643:             2             32  org.hibernate.dialect.TypeNames
2644:             2             32  [Lorg.aspectj.apache.bcel.classfile.Field;
2645:             2             32  org.springframework.web.method.annotation.ExceptionHandlerMethodResolver
2646:             2             32  [Lorg.aspectj.weaver.UnresolvedType;
2647:             1             32  org.apache.coyote.http11.Http11NioProtocol$Http11ConnectionHandler
2648:             1             32  [Lorg.hibernate.engine.FetchStyle;
2649:             2             32  org.hibernate.exception.internal.SQLStateConversionDelegate
2650:             2             32  java.util.AbstractMap$1
2651:             2             32  org.springframework.context.support.PostProcessorRegistrationDelegate$BeanPostProcessorChecker
2652:             1             32  [Lorg.hibernate.tuple.PropertyFactory$NonIdentifierAttributeNature;
2653:             1             32  [Lorg.hibernate.engine.jdbc.spi.TypeSearchability;
2654:             1             32  org.springframework.transaction.interceptor.TransactionInterceptor
2655:             1             32  ch.qos.logback.classic.joran.action.ConfigurationAction
2656:             2             32  java.net.StandardProtocolFamily
2657:             1             32  [[Lcom.sun.org.apache.xerces.internal.impl.dtd.models.ContentModelValidator;
2658:             1             32  java.text.DontCareFieldPosition
2659:             4             32  org.springframework.web.servlet.mvc.method.annotation.MatrixVariableMapMethodArgumentResolver
2660:             1             32  [Lorg.hibernate.cache.spi.access.AccessType;
2661:             2             32  com.skyline.action.SendMailAction$$FastClassBySpringCGLIB$$d0848f07
2662:             2             32  com.skyline.action.LogAction
2663:             1             32  org.springframework.web.accept.ServletPathExtensionContentNegotiationStrategy
2664:             2             32  com.sun.proxy.$Proxy17
2665:             2             32  ch.qos.logback.core.subst.Node$Type
2666:             2             32  org.apache.poi.poifs.common.POIFSBigBlockSize
2667:             2             32  org.springframework.core.NamedInheritableThreadLocal
2668:             1             32  [[[Ljava.lang.String;
2669:             2             32  sun.java2d.pipe.SpanShapeRenderer$Composite
2670:             2             32  [Lorg.aspectj.apache.bcel.classfile.Method;
2671:             1             32  org.springframework.web.servlet.mvc.support.DefaultHandlerExceptionResolver
2672:             2             32  com.skyline.action.ExcelTpAction
2673:             1             32  javax.imageio.ImageTypeSpecifier$Interleaved
2674:             1             32  org.eclipse.jdt.internal.compiler.lookup.NullTypeBinding
2675:             1             32  [[Lcom.sun.org.apache.xerces.internal.impl.dv.DatatypeValidator;
2676:             1             32  [Lsun.security.ssl.SignatureAndHashAlgorithm$SignatureAlgorithm;
2677:             1             32  org.springframework.cglib.core.ClassNameReader$EarlyExitException
2678:             2             32  org.springframework.context.expression.BeanFactoryResolver
2679:             1             32  ch.qos.logback.core.joran.action.IncludeAction
2680:             1             32  [Lorg.hibernate.engine.FetchStyle;
2681:             1             32  [Lorg.springframework.context.annotation.ScopedProxyMode;
2682:             1             32  java.lang.ArrayIndexOutOfBoundsException
2683:             1             32  ch.qos.logback.classic.joran.action.LoggerContextListenerAction
2684:             1             32  org.apache.jsp.index_jsp
2685:             1             32  org.springframework.format.support.DefaultFormattingConversionService
2686:             1             32  [Lorg.hibernate.engine.OptimisticLockStyle;
2687:             2             32  org.springframework.core.convert.support.DefaultConversionService
2688:             2             32  [Ljavax.servlet.jsp.tagext.VariableInfo;
2689:             1             32  org.apache.jsp.WEB_002dINF.jsp.rate.addCus_jsp
2690:             2             32  java.util.TreeMap$Values
2691:             2             32  org.springframework.expression.spel.support.StandardTypeLocator
2692:             2             32  org.springframework.web.context.support.ServletContextResourcePatternResolver
2693:             1             32  org.aspectj.weaver.patterns.AnyTypePattern
2694:             2             32  org.hibernate.service.internal.ConcurrentServiceBinding
2695:             2             32  org.springframework.core.io.DefaultResourceLoader
2696:             1             32  org.apache.jsp.WEB_002dINF.jsp.powers.powers_jsp
2697:             2             32  com.skyline.action.BaseRateAction
2698:             2             32  org.springframework.context.expression.StandardBeanExpressionResolver$1
2699:             2             32  org.springframework.beans.support.ResourceEditorRegistrar
2700:             1             32  ch.qos.logback.classic.joran.action.ReceiverAction
2701:             2             32  java.lang.invoke.MethodHandles$Lookup
2702:             1             32  [Lorg.hibernate.event.internal.AbstractSaveEventListener$EntityState;
2703:             1             32  org.springframework.web.servlet.view.DefaultRequestToViewNameTranslator
2704:             2             32  org.dom4j.util.SimpleSingleton
2705:             2             32  javax.persistence.SynchronizationType
2706:             1             32  org.aspectj.weaver.patterns.NoTypePattern
2707:             1             32  [Lch.qos.logback.core.pattern.parser.TokenStream$TokenizerState;
2708:             1             32  ch.qos.logback.classic.joran.action.EvaluatorAction
2709:             2             32  org.springframework.context.support.ApplicationContextAwareProcessor
2710:             1             32  sun.security.ssl.CipherBox
2711:             2             32  org.springframework.context.support.PostProcessorRegistrationDelegate$ApplicationListenerDetector
2712:             2             32  com.skyline.action.SendMailAction$$EnhancerBySpringCGLIB$$79a5d6ea$$FastClassBySpringCGLIB$$843151d6
2713:             1             32  [Lorg.hibernate.cfg.beanvalidation.ValidationMode;
2714:             1             32  org.openxmlformats.schemas.spreadsheetml.x2006.main.impl.STCellTypeImpl
2715:             2             32  org.aspectj.weaver.patterns.TypePattern$MatchKind
2716:             1             32  [Lch.qos.logback.core.subst.Token$Type;
2717:             2             32  org.hibernate.criterion.Junction$Nature
2718:             2             32  org.springframework.core.convert.support.GenericConversionService$NoOpConverter
2719:             2             32  org.springframework.web.servlet.mvc.method.annotation.AsyncTaskMethodReturnValueHandler
2720:             1             32  org.apache.catalina.mbeans.ContextResourceMBean
2721:             2             32  org.springframework.expression.spel.standard.SpelExpressionParser
2722:             2             32  org.hibernate.criterion.Junction$Nature
2723:             2             32  org.apache.poi.openxml4j.opc.TargetMode
2724:             1             32  [Lorg.hibernate.MultiTenancyStrategy;
2725:             1             32  org.hibernate.engine.jdbc.internal.ResultSetReturnImpl
2726:             2             32  com.skyline.action.RRateAction$$FastClassBySpringCGLIB$$7e18bbf6
2727:             2             32  org.apache.poi.ss.formula.atp.ParityFunction
2728:             1             32  org.apache.jsp.WEB_002dINF.jsp.customer.addCustomer_jsp
2729:             1             32  ch.qos.logback.core.joran.spi.ConfigurationWatchList
2730:             2             32  com.sun.jmx.mbeanserver.ClassLoaderRepositorySupport$LoaderEntry
2731:             1             32  org.apache.catalina.startup.ContextConfig$DefaultWebXmlCacheEntry
2732:             1             32  [Lorg.hibernate.FlushMode;
2733:             1             32  ch.qos.logback.core.joran.action.ShutdownHookAction
2734:             2             32  javax.persistence.EnumType
2735:             1             32  sun.security.validator.SimpleValidator
2736:             2             32  java.io.File$PathStatus
2737:             1             32  ch.qos.logback.classic.joran.action.LoggerAction
2738:             1             32  [Lorg.apache.catalina.WebResourceRoot$ResourceSetType;
2739:             1             32  [Lch.qos.logback.core.pattern.parser.TokenStream$TokenizerState;
2740:             2             32  [Lorg.aspectj.apache.bcel.classfile.Attribute;
2741:             1             32  sun.misc.SoftCache
2742:             1             32  [Lcom.sun.org.apache.xerces.internal.impl.dv.xs.AbstractDateTimeDV$DateTimeData;
2743:             1             32  [Lorg.hibernate.cache.spi.access.AccessType;
2744:             2             32  java.util.concurrent.CountDownLatch
2745:             2             32  org.springframework.context.expression.BeanFactoryResolver
2746:             1             32  [Lorg.hibernate.CacheMode;
2747:             1             32  sun.security.ssl.ProtocolList
2748:             1             32  [Ljava.text.Normalizer$Form;
2749:             2             32  org.springframework.context.annotation.ConfigurationClassPostProcessor$1
2750:             2             32  org.springframework.context.annotation.ConditionEvaluator
2751:             1             32  sun.java2d.loops.RenderCache$Entry
2752:             2             32  [Lorg.apache.tomcat.util.net.AbstractEndpoint$Acceptor;
2753:             1             32  java.lang.ClassCastException
2754:             1             32  org.dom4j.tree.NamespaceStack
2755:             2             32  org.springframework.expression.spel.support.StandardTypeLocator
2756:             1             32  ch.qos.logback.classic.joran.action.RootLoggerAction
2757:             1             32  [[Ljava.lang.invoke.LambdaForm$Name;
2758:             2             32  org.springframework.web.context.support.ServletContextAwareProcessor
2759:             2             32  sun.security.validator.EndEntityChecker
2760:             1             32  ch.qos.logback.core.helpers.CyclicBuffer
2761:             2             32  com.sun.imageio.plugins.jpeg.JPEGImageReader$CallBackLock$State
2762:             2             32  java.util.WeakHashMap$KeySet
2763:             1             32  [Lorg.apache.tomcat.util.net.AbstractEndpoint$Acceptor$AcceptorState;
2764:             2             32  ch.qos.logback.core.subst.Node$Type
2765:             1             32  org.springframework.web.bind.support.ConfigurableWebBindingInitializer
2766:             2             32  [Ljava.net.InetSocketAddress;
2767:             1             32  org.eclipse.jdt.internal.compiler.lookup.VoidTypeBinding
2768:             2             32  org.springframework.format.support.FormattingConversionService$AnnotationConverterKey
2769:             1             32  ch.qos.logback.core.joran.action.StatusListenerAction
2770:             1             32  org.apache.jsp.WEB_002dINF.jsp.powers.userRole_jsp
2771:             2             32  com.skyline.action.SysAction$$FastClassBySpringCGLIB$$c81a591
2772:             2             32  com.skyline.action.RRateAction$$EnhancerBySpringCGLIB$$1b29ecf9$$FastClassBySpringCGLIB$$1918e50c
2773:             1             32  org.hibernate.dialect.MySQLDialect
2774:             1             32  [Lorg.hibernate.engine.jdbc.spi.TypeSearchability;
2775:             1             32  org.springframework.aop.support.DefaultBeanFactoryPointcutAdvisor
2776:             1             32  ch.qos.logback.core.joran.action.AppenderAction
2777:             1             32  java.lang.invoke.MethodType$WeakInternSet
2778:             2             32  org.hibernate.type.EnumType$NamedEnumValueMapper
2779:             2             32  org.eclipse.jdt.internal.compiler.impl.BooleanConstant
2780:             2             32  javax.mail.Provider$Type
2781:             2             32  org.springframework.util.ConcurrentReferenceHashMap$Restructure
2782:             1             32  com.zaxxer.hikari.util.Java6ConcurrentBag
2783:             1             32  [Lorg.hibernate.engine.transaction.spi.LocalStatus;
2784:             2             32  org.springframework.web.method.annotation.ExceptionHandlerMethodResolver
2785:             1             32  ch.qos.logback.core.helpers.CyclicBuffer
2786:             2             32  org.aspectj.weaver.ast.Literal
2787:             1             32  org.hibernate.engine.spi.LoadQueryInfluencers
2788:             2             32  [Lorg.aspectj.apache.bcel.classfile.Field;
2789:             1             32  org.hibernate.type.SerializableType
2790:             1             32  org.springframework.format.datetime.DateFormatter
2791:             1             32  org.aspectj.weaver.patterns.ThrowsPattern
2792:             1             32  org.apache.catalina.startup.Catalina
2793:             2             32  com.skyline.action.CRateAction$$FastClassBySpringCGLIB$$c4b242a7
2794:             1             32  [Lorg.hibernate.cfg.beanvalidation.ValidationMode;
2795:             2             32  org.springframework.web.context.support.ServletContextScope
2796:             1             32  javax.servlet.MultipartConfigElement
2797:             2             32  com.skyline.action.BaseRateAction$$FastClassBySpringCGLIB$$9beb8379
2798:             1             32  javax.management.MBeanConstructorInfo
2799:             1             32  org.springframework.web.accept.ServletPathExtensionContentNegotiationStrategy
2800:             1             32  com.sun.org.apache.xerces.internal.jaxp.DocumentBuilderFactoryImpl
2801:             2             32  org.springframework.format.support.FormattingConversionService$AnnotationConverterKey
2802:             2             32  org.springframework.context.annotation.ConfigurationClassPostProcessor$ImportAwareBeanPostProcessor
2803:             2             32  org.springframework.beans.support.ResourceEditorRegistrar
2804:             1             32  [Lorg.hibernate.engine.OptimisticLockStyle;
2805:             2             32  com.skyline.action.BaseRateAction$$FastClassBySpringCGLIB$$9beb8379
2806:             2             32  sun.misc.NativeSignalHandler
2807:             1             32  sun.management.MemoryManagerImpl
2808:             1             32  [Lorg.springframework.context.annotation.ScopedProxyMode;
2809:             1             32  [Lsun.java2d.loops.RenderLoops;
2810:             2             32  org.springframework.context.annotation.ConfigurationClassPostProcessor$EnhancedConfigurationBeanPostProcessor
2811:             2             32  org.springframework.cglib.proxy.DispatcherGenerator
2812:             1             32  [Lsun.java2d.loops.SurfaceType;
2813:             1             32  org.apache.jsp.WEB_002dINF.jsp.cRate.rateRecord_jsp
2814:             2             32  org.springframework.web.method.support.HandlerMethodReturnValueHandlerComposite
2815:             2             32  org.springframework.context.support.ApplicationContextAwareProcessor$EmbeddedValueResolver
2816:             2             32  org.springframework.context.support.ApplicationContextAwareProcessor
2817:             1             32  sun.nio.cs.ext.ExtendedCharsets
2818:             1             32  org.apache.xmlbeans.impl.schema.BuiltinSchemaTypeSystem
2819:             2             32  com.sun.beans.WeakCache
2820:             2             32  [Lorg.aspectj.apache.bcel.classfile.Method;
2821:             2             32  sun.java2d.pipe.PixelToShapeConverter
2822:             2             32  com.sun.org.apache.xerces.internal.util.EntityResolverWrapper
2823:             2             32  java.sql.DriverInfo
2824:             2             32  com.skyline.action.SysAction$$EnhancerBySpringCGLIB$$fdccc752$$FastClassBySpringCGLIB$$24c35937
2825:             1             32  org.aspectj.weaver.patterns.BasicToken
2826:             1             32  org.springframework.format.datetime.DateFormatter
2827:             1             32  com.zaxxer.hikari.util.Java6ConcurrentBag$Synchronizer
2828:             1             32  org.hibernate.internal.TransactionEnvironmentImpl
2829:             2             32  com.zaxxer.hikari.pool.BaseHikariPool$1
2830:             1             32  org.apache.jsp.WEB_002dINF.jsp.powers.role_jsp
2831:             1             32  ch.qos.logback.core.joran.action.IncludeAction
2832:             1             32  sun.security.ssl.X509TrustManagerImpl
2833:             1             32  com.zaxxer.hikari.pool.LeakTask$1
2834:             2             32  sun.security.provider.certpath.X509CertPath
2835:             2             32  org.apache.poi.poifs.common.POIFSBigBlockSize
2836:             2             32  java.nio.file.attribute.PosixFilePermissions$1
2837:             2             32  com.skyline.action.BaseRateAction$$EnhancerBySpringCGLIB$$ec89ff1c$$FastClassBySpringCGLIB$$cf1d3f91
2838:             2             32  org.hibernate.engine.jdbc.spi.SqlExceptionHelper
2839:             2             32  com.skyline.action.CRateAction$$EnhancerBySpringCGLIB$$7699b68a$$FastClassBySpringCGLIB$$10e3776e
2840:             1             32  [Ljava.lang.management.MemoryPoolMXBean;
2841:             1             32  org.apache.jsp.WEB_002dINF.jsp.rRate.RRateRecord_jsp
2842:             1             32  org.springframework.util.ConcurrentReferenceHashMap$1
2843:             2             32  java.nio.ByteOrder
2844:             2             32  com.skyline.action.BaseRateAction$$EnhancerBySpringCGLIB$$73e383c$$FastClassBySpringCGLIB$$98f6945e
2845:             1             32  ch.qos.logback.classic.joran.action.ReceiverAction
2846:             1             32  [Lorg.hibernate.FlushMode;
2847:             1             32  java.lang.reflect.WeakCache
2848:             2             32  org.springframework.context.annotation.ConfigurationCondition$ConfigurationPhase
2849:             1             32  ch.qos.logback.classic.joran.action.ConfigurationAction
2850:             1             32  [Lorg.eclipse.jdt.internal.compiler.codegen.ExceptionLabel;
2851:             1             32  [Lorg.eclipse.jdt.internal.compiler.codegen.BranchLabel;
2852:             1             32  [Lorg.hibernate.sql.JoinType;
2853:             2             32  org.apache.catalina.connector.CoyoteAdapter
2854:             1             32  [Ljava.awt.Queue;
2855:             1             32  [Lch.qos.logback.core.util.AggregationType;
2856:             2             32  org.springframework.web.context.support.ServletContextAwareProcessor
2857:             2             32  sun.nio.fs.NativeBuffer$Deallocator
2858:             2             32  sun.awt.MostRecentKeyValue
2859:             2             32  org.aspectj.bridge.MessageWriter
2860:             2             32  org.springframework.util.ConcurrentReferenceHashMap$ReferenceType
2861:             1             32  [Lorg.hibernate.CacheMode;
2862:             1             32  org.hibernate.type.SerializableType
2863:             1             32  java.awt.BasicStroke
2864:             2             32  org.springframework.context.annotation.ConfigurationCondition$ConfigurationPhase
2865:             1             32  org.aspectj.weaver.patterns.ModifiersPattern
2866:             1             32  com.sun.jmx.mbeanserver.JmxMBeanServer
2867:             2             32  sun.security.jca.ProviderList$3
2868:             2             32  java.util.Hashtable$KeySet
2869:             1             32  ch.qos.logback.classic.joran.action.LoggerContextListenerAction
2870:             1             32  sun.security.provider.PolicyFile
2871:             2             32  [[Lorg.aspectj.weaver.ResolvedType;
2872:             1             32  [Lorg.hibernate.metamodel.relational.Size$LobMultiplier;
2873:             1             32  [Lch.qos.logback.core.util.AggregationType;
2874:             2             32  com.skyline.action.ErrorAction
2875:             2             32  org.springframework.context.annotation.ConfigurationClassPostProcessor$ImportAwareBeanPostProcessor
2876:             2             32  org.hibernate.internal.DynamicFilterAliasGenerator
2877:             2             32  org.hibernate.type.TypeResolver
2878:             1             32  [Lsun.java2d.StateTrackable$State;
2879:             2             32  java.util.Collections$UnmodifiableMap$UnmodifiableEntrySet
2880:             2             32  [Lorg.aspectj.apache.bcel.classfile.Attribute;
2881:             1             32  org.springframework.web.servlet.mvc.support.DefaultHandlerExceptionResolver
2882:             1             32  org.apache.jsp.WEB_002dINF.jsp.rate.addRate_jsp
2883:             2             32  [Lorg.eclipse.jdt.internal.compiler.lookup.TypeBinding;
2884:             1             32  [Lorg.hibernate.MultiTenancyStrategy;
2885:             1             32  org.springframework.format.support.FormattingConversionServiceFactoryBean
2886:             1             32  ch.qos.logback.core.joran.spi.ConfigurationWatchList
2887:             1             32  ch.qos.logback.core.joran.action.ShutdownHookAction
2888:             2             32  org.springframework.context.annotation.ConfigurationClassPostProcessor$EnhancedConfigurationBeanPostProcessor
2889:             2             32  javax.servlet.jsp.jstl.core.LoopTagSupport$1Status
2890:             1             32  java.util.ResourceBundle$1
2891:             2             32  [Lorg.apache.xmlbeans.SchemaType;
2892:             2             32  org.springframework.web.servlet.mvc.method.annotation.ModelAndViewMethodReturnValueHandler
2893:             2             32  org.springframework.util.ConcurrentReferenceHashMap$Restructure
2894:             1             32  java.lang.NullPointerException
2895:             2             32  [Lorg.eclipse.jdt.internal.compiler.lookup.MethodBinding;
2896:             2             32  java.net.SocketPermissionCollection
2897:             1             32  [Lorg.apache.tomcat.util.log.UserDataHelper$Config;
2898:             1             32  java.lang.ArithmeticException
2899:             1             32  com.sun.org.apache.xerces.internal.impl.xs.XSParticleDecl
2900:             2             32  [Lorg.aspectj.weaver.UnresolvedType;
2901:             1             32  [Lorg.hibernate.sql.JoinType;
2902:             2             32  org.hibernate.hql.internal.ast.util.ASTPrinter
2903:             2             32  java.net.InetAddress$Cache
2904:             1             32  org.springframework.format.support.DefaultFormattingConversionService
2905:             1             32  java.beans.ThreadGroupContext
2906:             2             32  org.springframework.core.NamedInheritableThreadLocal
2907:             2             32  org.springframework.web.servlet.mvc.method.annotation.ServletModelAttributeMethodProcessor
2908:             1             32  org.apache.catalina.mbeans.ServiceMBean
2909:             2             32  org.springframework.beans.factory.parsing.FailFastProblemReporter
2910:             1             32  org.apache.coyote.ajp.AjpNioProtocol$AjpConnectionHandler
2911:             1             32  sun.security.provider.PolicyFile$PolicyInfo
2912:             1             32  ch.qos.logback.classic.joran.action.EvaluatorAction
2913:             2             32  org.springframework.web.context.support.ServletContextScope
2914:             2             32  [Lorg.apache.xmlbeans.SchemaGlobalElement;
2915:             2             32  sun.security.util.DisabledAlgorithmConstraints$KeySizeConstraints
2916:             2             32  java.net.InetAddress$Cache$Type
2917:             2             32  org.aspectj.weaver.ast.Literal
2918:             2             32  sun.security.x509.CertificatePolicyMap
2919:             1             32  org.springframework.util.ConcurrentReferenceHashMap$Segment$1
2920:             1             32  [Ljava.lang.OutOfMemoryError;
2921:             1             32  [Lorg.hibernate.engine.transaction.spi.LocalStatus;
2922:             1             32  org.springframework.cglib.core.ClassNameReader$EarlyExitException
2923:             2             32  [Lorg.apache.xmlbeans.SchemaGlobalAttribute;
2924:             2             32  org.springframework.core.env.MutablePropertySources
2925:             1             32  org.aspectj.weaver.patterns.ThrowsPattern
2926:             2             32  [Lorg.apache.xmlbeans.SchemaModelGroup;
2927:             2             32  org.apache.poi.ss.formula.atp.ParityFunction
2928:             1             32  com.zaxxer.hikari.pool.LeakTask$1
2929:             1             32  [Lorg.apache.tomcat.util.net.jsse.openssl.Protocol;
2930:             2             32  [Lorg.apache.xmlbeans.SchemaAttributeGroup;
2931:             2             32  org.springframework.context.support.ApplicationContextAwareProcessor$EmbeddedValueResolver
2932:             2             32  [Lorg.eclipse.jdt.internal.compiler.ast.Argument;
2933:             1             32  org.aspectj.weaver.patterns.AnyTypePattern
2934:             1             32  ch.qos.logback.core.joran.action.StatusListenerAction
2935:             2             32  [Lorg.apache.xmlbeans.SchemaAnnotation;
2936:             1             32  org.hibernate.cfg.Configuration$MetadataSourceQueue
2937:             1             32  [Lorg.apache.catalina.valves.AbstractAccessLogValve$FormatType;
2938:             2             32  org.springframework.cglib.proxy.DispatcherGenerator
2939:             2             32  org.dom4j.util.SimpleSingleton
2940:             2             32  [Lorg.springframework.web.context.request.async.CallableProcessingInterceptor;
2941:             2             32  [Lorg.springframework.web.context.request.async.DeferredResultProcessingInterceptor;
2942:             1             24  [Lorg.hibernate.engine.jdbc.spi.ExtractedDatabaseMetaData$SQLStateType;
2943:             1             24  sun.nio.cs.UTF_16
2944:             1             24  sun.nio.cs.ext.MacArabic
2945:             1             24  [Lorg.apache.tomcat.JarScanType;
2946:             1             24  sun.nio.cs.ext.IBM935
2947:             1             24  sun.nio.cs.ext.IBM277
2948:             1             24  org.hibernate.type.ClobType
2949:             1             24  org.hibernate.type.descriptor.java.CharacterArrayTypeDescriptor
2950:             1             24  sun.nio.cs.ext.EUC_JP_LINUX
2951:             1             24  org.hibernate.type.DoubleType
2952:             1             24  org.hibernate.type.LongType
2953:             1             24  sun.nio.cs.MS1253
2954:             1             24  org.springframework.core.io.ClassPathResource
2955:             1             24  [Lorg.springframework.util.ConcurrentReferenceHashMap$ReferenceType;
2956:             1             24  com.skyline.service.imple.EmployeeServiceImple
2957:             1             24  [Lch.qos.logback.core.subst.Tokenizer$TokenizerState;
2958:             1             24  sun.nio.cs.ext.EUC_CN
2959:             1             24  org.hibernate.type.ObjectType
2960:             1             24  sun.nio.cs.ext.MacCroatian
2961:             1             24  org.hibernate.type.TextType
2962:             1             24  sun.nio.cs.ext.EUC_TW
2963:             1             24  sun.awt.X11GraphicsEnvironment
2964:             1             24  sun.nio.cs.UTF_32BE
2965:             1             24  org.slf4j.impl.StaticLoggerBinder
2966:             1             24  com.sun.beans.finder.BeanInfoFinder
2967:             1             24  [Lorg.hibernate.tuple.GenerationTiming;
2968:             1             24  sun.nio.cs.ext.IBM278
2969:             1             24  org.hibernate.cfg.annotations.reflection.JPAMetadataProvider
2970:             1             24  org.hibernate.type.descriptor.java.SerializableTypeDescriptor
2971:             1             24  sun.nio.cs.ext.EUC_JP
2972:             1             24  org.apache.jsp.index_jsp
2973:             1             24  [Lsun.security.ssl.EphemeralKeyManager$EphemeralKeyPair;
2974:             1             24  ch.qos.logback.core.joran.action.NewRuleAction
2975:             1             24  org.hibernate.type.descriptor.java.CalendarTypeDescriptor
2976:             1             24  [Lorg.hibernate.engine.transaction.jta.platform.internal.WebSphereJtaPlatform$WebSphereEnvironment;
2977:             1             24  sun.nio.cs.ext.MacCyrillic
2978:             1             24  org.aspectj.weaver.patterns.AnyAnnotationTypePattern
2979:             1             24  sun.nio.cs.ext.IBM1006
2980:             1             24  org.hibernate.type.descriptor.java.UUIDTypeDescriptor
2981:             1             24  org.hibernate.type.NTextType
2982:             1             24  sun.nio.cs.MS1254
2983:             1             24  [Lcom.sun.activation.registries.MailcapFile;
2984:             1             24  sun.nio.cs.ext.IBM280
2985:             1             24  sun.nio.cs.ext.EUC_JP_Open
2986:             1             24  com.skyline.service.imple.SendMailServiceImple
2987:             1             24  sun.nio.cs.ext.IBM937
2988:             1             24  org.hibernate.type.descriptor.java.DoubleTypeDescriptor
2989:             1             24  ch.qos.logback.core.joran.action.ParamAction
2990:             1             24  [Lorg.hibernate.EntityMode;
2991:             1             24  org.hibernate.type.descriptor.java.LongTypeDescriptor
2992:             1             24  [Lorg.apache.tomcat.util.buf.UEncoder$SafeCharsSet;
2993:             1             24  sun.nio.cs.ext.MacDingbat
2994:             1             24  org.aspectj.weaver.patterns.EllipsisAnnotationTypePattern
2995:             1             24  org.hibernate.type.UUIDCharType
2996:             1             24  [Lorg.hibernate.internal.util.collections.BoundedConcurrentHashMap$Recency;
2997:             1             24  ch.qos.logback.core.joran.conditional.IfAction
2998:             1             24  sun.nio.cs.ext.IBM1025
2999:             1             24  sun.java2d.cmm.ProfileDeferralInfo
3000:             1             24  sun.nio.cs.ISO_8859_4
3001:             1             24  [Ljava.lang.ClassLoader;
3002:             1             24  sun.nio.cs.ext.IBM284
3003:             1             24  [Lorg.hibernate.engine.spi.EntityEntry$BooleanState;
3004:             1             24  org.hibernate.type.descriptor.java.JdbcTimeTypeDescriptor
3005:             1             24  org.hibernate.type.BigDecimalType
3006:             1             24  org.hibernate.type.BlobType
3007:             1             24  [Lorg.apache.tomcat.util.http.parser.SkipResult;
3008:             1             24  org.slf4j.impl.StaticLoggerBinder
3009:             1             24  org.hibernate.type.PostgresUUIDType
3010:             1             24  org.hibernate.type.NumericBooleanType
3011:             1             24  com.sun.jmx.mbeanserver.MXBeanLookup
3012:             1             24  sun.nio.cs.ext.MacGreek
3013:             1             24  org.hibernate.type.FloatType
3014:             1             24  [Lorg.springframework.core.type.filter.TypeFilter;
3015:             1             24  sun.nio.cs.ext.IBM1046
3016:             1             24  org.hibernate.type.descriptor.sql.BooleanTypeDescriptor$1
3017:             1             24  [Lorg.hibernate.engine.transaction.spi.JoinStatus;
3018:             1             24  [Lch.qos.logback.core.rolling.helper.CompressionMode;
3019:             1             24  sun.nio.cs.ISO_8859_5
3020:             1             24  sun.management.VMManagementImpl
3021:             1             24  sun.nio.cs.ext.IBM285
3022:             1             24  org.springframework.core.SerializableTypeWrapper$MethodInvokeTypeProvider
3023:             1             24  org.springframework.orm.hibernate4.SpringSessionContext
3024:             1             24  ch.qos.logback.core.joran.conditional.ThenAction
3025:             1             24  sun.nio.cs.ext.IBM939
3026:             1             24  org.apache.el.util.ConcurrentCache
3027:             1             24  ch.qos.logback.core.joran.action.NestedComplexPropertyIA
3028:             1             24  org.hibernate.type.descriptor.java.CalendarDateTypeDescriptor
3029:             1             24  com.sun.org.apache.xerces.internal.impl.dtd.models.MixedContentModel
3030:             1             24  [Lorg.apache.poi.ss.SpreadsheetVersion;
3031:             1             24  [Lorg.hibernate.FetchMode;
3032:             1             24  ch.qos.logback.core.joran.conditional.ElseAction
3033:             1             24  [Lch.qos.logback.core.joran.spi.ConsoleTarget;
3034:             1             24  sun.nio.cs.ext.MacHebrew
3035:             1             24  sun.nio.cs.ext.IBM1097
3036:             1             24  sun.nio.cs.IBM874
3037:             1             24  org.springframework.web.servlet.support.SessionFlashMapManager
3038:             1             24  [Lorg.apache.coyote.ErrorState;
3039:             1             24  org.hibernate.type.LocaleType
3040:             1             24  ch.qos.logback.core.joran.action.NestedBasicPropertyIA
3041:             1             24  org.springframework.cglib.core.MethodWrapper$MethodWrapperKey$$KeyFactoryByCGLIB$$552be97a
3042:             1             24  ch.qos.logback.classic.joran.action.JMXConfiguratorAction
3043:             1             24  org.hibernate.type.TrueFalseType
3044:             1             24  sun.nio.cs.ext.MacIceland
3045:             1             24  [Lorg.hibernate.ConnectionReleaseMode;
3046:             1             24  sun.nio.cs.ext.IBM1098
3047:             1             24  sun.nio.cs.ext.IBM290
3048:             1             24  [Lorg.hibernate.engine.spi.ExecuteUpdateResultCheckStyle;
3049:             1             24  sun.nio.cs.IBM737
3050:             1             24  sun.nio.cs.ext.GB18030
3051:             1             24  sun.net.sdp.SdpProvider
3052:             1             24  sun.nio.cs.ext.IBM942
3053:             3             24  ch.qos.logback.classic.pattern.EnsureExceptionHandling
3054:             1             24  org.hibernate.type.descriptor.java.BigDecimalTypeDescriptor
3055:             1             24  sun.management.RuntimeImpl
3056:             1             24  org.hibernate.type.descriptor.java.PrimitiveByteArrayTypeDescriptor
3057:             1             24  java.io.UnixFileSystem
3058:             1             24  org.hibernate.type.descriptor.java.FloatTypeDescriptor
3059:             1             24  [Lch.qos.logback.core.spi.FilterReply;
3060:             1             24  sun.nio.cs.ext.MacRomania
3061:             1             24  sun.nio.cs.ext.IBM1112
3062:             1             24  sun.nio.cs.ext.IBM297
3063:             1             24  [Lorg.hibernate.loader.BatchFetchStyle;
3064:             1             24  org.hibernate.type.descriptor.java.ClobTypeDescriptor
3065:             1             24  sun.nio.cs.IBM775
3066:             1             24  org.hibernate.type.descriptor.java.LocaleTypeDescriptor
3067:             1             24  [Lorg.apache.poi.openxml4j.opc.PackageAccess;
3068:             1             24  sun.nio.cs.ext.IBM942C
3069:             1             24  ch.qos.logback.core.joran.spi.SimpleRuleStore
3070:             1             24  org.springframework.aop.interceptor.ExposeInvocationInterceptor$1
3071:             1             24  com.sun.org.apache.xalan.internal.utils.FeatureManager$Feature
3072:             1             24  [Ljava.net.StandardProtocolFamily;
3073:             3             24  org.springframework.core.convert.support.ObjectToObjectConverter
3074:             1             24  org.eclipse.jdt.internal.compiler.util.HashtableOfInt
3075:             1             24  [Lch.qos.logback.core.rolling.helper.CompressionMode;
3076:             1             24  org.hibernate.type.BigIntegerType
3077:             1             24  com.sun.security.auth.PolicyFile
3078:             3             24  org.springframework.core.convert.support.StringToNumberConverterFactory
3079:             1             24  ch.qos.logback.classic.joran.JoranConfigurator
3080:             1             24  [Lorg.hibernate.engine.jdbc.spi.TypeNullability;
3081:             1             24  sun.nio.cs.UTF_8
3082:             1             24  sun.nio.cs.ext.MacSymbol
3083:             1             24  ch.qos.logback.classic.joran.action.ContextNameAction
3084:             1             24  org.hibernate.type.DoubleType
3085:             1             24  sun.nio.cs.ext.IBM1122
3086:             1             24  sun.nio.cs.ext.IBM420
3087:             1             24  [Lch.qos.logback.core.subst.Node$Type;
3088:             1             24  [Lorg.hibernate.engine.FetchTiming;
3089:             1             24  org.hibernate.type.WrapperBinaryType
3090:             1             24  [Lorg.hibernate.NullPrecedence;
3091:             1             24  org.hibernate.type.CurrencyType
3092:             1             24  sun.nio.cs.IBM855
3093:             1             24  org.springframework.web.servlet.mvc.method.annotation.RequestPartMethodArgumentResolver
3094:             1             24  org.hibernate.type.YesNoType
3095:             1             24  org.hibernate.type.descriptor.java.JdbcTimestampTypeDescriptor
3096:             1             24  org.hibernate.event.spi.LoadEvent$1
3097:             1             24  sun.nio.cs.ext.MacThai
3098:             1             24  [Lorg.springframework.core.type.filter.TypeFilter;
3099:             1             24  sun.nio.cs.ext.IBM1123
3100:             1             24  sun.nio.cs.ext.IBM424
3101:             1             24  org.springframework.aop.interceptor.ExposeInvocationInterceptor$1
3102:             1             24  [Lcom.sun.org.apache.xalan.internal.utils.XMLSecurityPropertyManager$Property;
3103:             1             24  sun.nio.cs.ISO_8859_15
3104:             3             24  ch.qos.logback.classic.pattern.EnsureExceptionHandling
3105:             1             24  [Lorg.springframework.expression.spel.SpelCompilerMode;
3106:             1             24  java.util.logging.LogManager$LoggerContext
3107:             1             24  ch.qos.logback.classic.joran.action.ConsolePluginAction
3108:             1             24  sun.nio.cs.MS1252
3109:             1             24  [Lch.qos.logback.core.subst.Tokenizer$TokenizerState;
3110:             1             24  org.hibernate.type.descriptor.java.CurrencyTypeDescriptor
3111:             1             24  java.util.logging.LogManager$SystemLoggerContext
3112:             1             24  org.hibernate.type.descriptor.java.BigIntegerTypeDescriptor
3113:             1             24  org.hibernate.internal.SessionFactoryRegistry
3114:             1             24  java.net.ServerSocket
3115:             1             24  org.springframework.web.method.annotation.RequestHeaderMethodArgumentResolver
3116:             1             24  org.apache.el.parser.AstNegative
3117:             1             24  ch.qos.logback.classic.joran.action.InsertFromJNDIAction
3118:             1             24  [Lorg.hibernate.engine.spi.CachedNaturalIdValueSource;
3119:             3             24  org.springframework.core.convert.support.FallbackObjectToStringConverter
3120:             3             24  org.springframework.core.convert.support.StringToCharacterConverter
3121:             1             24  sun.nio.cs.ext.MacTurkish
3122:             1             24  com.sun.org.apache.xerces.internal.impl.dtd.XMLContentSpec
3123:             1             24  sun.nio.cs.ext.IBM1124
3124:             1             24  sun.nio.cs.ext.IBM500
3125:             3             24  org.springframework.web.servlet.mvc.method.annotation.ViewMethodReturnValueHandler
3126:             1             24  org.hibernate.type.NClobType
3127:             1             24  [Lorg.hibernate.engine.FetchTiming;
3128:             1             24  sun.nio.cs.IBM858
3129:             1             24  org.hibernate.type.descriptor.java.DoubleTypeDescriptor
3130:             1             24  ch.qos.logback.core.joran.spi.CAI_WithLocatorSupport
3131:             1             24  org.apache.el.parser.AstGreaterThan
3132:             1             24  org.hibernate.type.ByteType
3133:             3             24  org.springframework.core.convert.support.NumberToCharacterConverter
3134:             1             24  org.hibernate.internal.SessionFactoryRegistry
3135:             1             24  sun.net.spi.DefaultProxySelector$2
3136:             1             24  org.hibernate.type.TimeZoneType
3137:             1             24  javax.imageio.ImageIO$CacheInfo
3138:             1             24  org.hibernate.type.descriptor.java.ByteArrayTypeDescriptor
3139:             1             24  org.hibernate.type.NumericBooleanType
3140:             1             24  org.hibernate.type.DateType
3141:             1             24  sun.management.MemoryImpl
3142:             1             24  sun.nio.cs.ext.MacUkraine
3143:             1             24  org.hibernate.type.StringType
3144:             1             24  java.util.logging.LoggingPermission
3145:             1             24  [Lorg.hibernate.internal.util.collections.BoundedConcurrentHashMap$Recency;
3146:             1             24  sun.nio.cs.ext.IBM860
3147:             1             24  sun.nio.cs.ext.IBM943C
3148:             1             24  org.hibernate.type.BigDecimalType
3149:             1             24  [Lcom.sun.jndi.ldap.pool.Pool;
3150:             1             24  sun.nio.cs.ISO_8859_2
3151:             1             24  sun.nio.cs.IBM857
3152:             1             24  org.hibernate.type.ImageType
3153:             1             24  sun.nio.cs.ext.MS932_0213
3154:             3             24  org.springframework.core.convert.support.CharacterToNumberFactory
3155:             1             24  org.springframework.web.context.support.ServletConfigPropertySource
3156:             1             24  org.hibernate.type.TimeType
3157:             1             24  org.apache.catalina.startup.Bootstrap
3158:             1             24  org.hibernate.type.descriptor.java.TimeZoneTypeDescriptor
3159:             1             24  sun.nio.cs.UTF_32LE_BOM
3160:             1             24  org.hibernate.type.descriptor.java.BlobTypeDescriptor
3161:             1             24  sun.nio.cs.ext.IBM861
3162:             1             24  [Lorg.hibernate.engine.jdbc.internal.FormatStyle;
3163:             1             24  org.hibernate.internal.NamedQueryRepository
3164:             1             24  sun.nio.cs.ext.MS950_HKSCS
3165:             1             24  [Lorg.hibernate.loader.plan.spi.QuerySpace$Disposition;
3166:             1             24  [Lorg.hibernate.criterion.Junction$Nature;
3167:             1             24  sun.nio.cs.ext.IBM1364
3168:             1             24  sun.nio.cs.ISO_8859_7
3169:             3             24  org.springframework.core.convert.support.StringToBooleanConverter
3170:             1             24  org.hibernate.type.descriptor.java.StringTypeDescriptor
3171:             1             24  ch.qos.logback.classic.sift.SiftAction
3172:             1             24  [Ljava.net.Proxy$Type;
3173:             1             24  sun.nio.cs.UTF_16LE_BOM
3174:             1             24  org.springframework.web.servlet.mvc.method.annotation.ServletCookieValueMethodArgumentResolver
3175:             1             24  org.hibernate.type.CharArrayType
3176:             1             24  java.lang.reflect.ReflectPermission
3177:             1             24  org.hibernate.type.ClassType
3178:             1             24  ch.qos.logback.core.joran.action.TimestampAction
3179:             1             24  [Lorg.hibernate.internal.util.collections.ConcurrentReferenceHashMap$ReferenceType;
3180:             1             24  [Lorg.springframework.validation.DefaultMessageCodesResolver$Format;
3181:             1             24  org.hibernate.type.TrueFalseType
3182:             1             24  org.hibernate.type.descriptor.java.ByteTypeDescriptor
3183:             1             24  sun.nio.cs.ext.MS950_HKSCS_XP
3184:             1             24  com.sun.jmx.mbeanserver.ClassLoaderRepositorySupport
3185:             1             24  sun.nio.cs.ext.IBM863
3186:             1             24  com.skyline.service.imple.BaseServiceImple
3187:             1             24  sun.nio.cs.UTF_32BE_BOM
3188:             1             24  [Lch.qos.logback.core.spi.FilterReply;
3189:             1             24  [Lorg.hibernate.criterion.Junction$Nature;
3190:             1             24  [Lorg.apache.poi.openxml4j.opc.TargetMode;
3191:             1             24  sun.nio.cs.ext.IBM948
3192:             1             24  sun.nio.cs.ISO_8859_13
3193:             1             24  [Lorg.hibernate.hql.internal.ast.util.LiteralProcessor$DecimalLiteralFormat;
3194:             3             24  org.springframework.core.convert.support.StringToEnumConverterFactory
3195:             1             24  sun.security.ssl.MAC
3196:             1             24  org.hibernate.type.MaterializedBlobType
3197:             1             24  org.hibernate.type.StringNVarcharType
3198:             1             24  org.hibernate.type.TimestampType
3199:             1             24  org.hibernate.type.descriptor.java.ClassTypeDescriptor
3200:             1             24  org.hibernate.type.ObjectType
3201:             1             24  sun.nio.cs.ext.IBM864
3202:             1             24  sun.nio.cs.KOI8_U
3203:             1             24  org.hibernate.type.descriptor.java.BigDecimalTypeDescriptor
3204:             1             24  org.hibernate.type.CharacterType
3205:             1             24  [Ljava.io.File$PathStatus;
3206:             1             24  java.util.Collections$SynchronizedList
3207:             1             24  sun.nio.cs.ext.ISO_8859_8
3208:             1             24  org.hibernate.type.descriptor.java.PrimitiveCharacterArrayTypeDescriptor
3209:             1             24  sun.nio.cs.ext.IBM1381
3210:             1             24  org.springframework.cglib.core.EmitUtils$ArrayDelimiters
3211:             1             24  org.hibernate.type.ClobType
3212:             1             24  org.hibernate.type.UUIDBinaryType
3213:             3             24  org.springframework.core.convert.support.StringToLocaleConverter
3214:             1             24  org.apache.xmlbeans.impl.regex.Token$ParenToken
3215:             1             24  [Lcom.sun.org.apache.xalan.internal.utils.XMLSecurityManager$NameMap;
3216:             1             24  sun.nio.cs.UTF_32LE
3217:             1             24  ch.qos.logback.core.joran.spi.EventPlayer
3218:             1             24  sun.nio.cs.ext.IBM865
3219:             1             24  sun.nio.cs.ext.MS936
3220:             3             24  org.springframework.web.accept.HeaderContentNegotiationStrategy
3221:             1             24  [Lorg.hibernate.EntityMode;
3222:             1             24  sun.nio.fs.LinuxFileSystem
3223:             1             24  ch.qos.logback.core.joran.action.ContextPropertyAction
3224:             1             24  org.hibernate.type.CharacterArrayType
3225:             1             24  org.hibernate.type.YesNoType
3226:             3             24  org.springframework.core.convert.support.StringToPropertiesConverter
3227:             1             24  org.hibernate.type.BigIntegerType
3228:             1             24  [Lsun.awt.AppContext$State;
3229:             1             24  com.sun.imageio.spi.FileImageInputStreamSpi
3230:             3             24  org.springframework.web.servlet.mvc.method.annotation.ServletRequestMethodArgumentResolver
3231:             1             24  org.apache.xmlbeans.impl.regex.Token$ConcatToken
3232:             1             24  sun.nio.cs.ISO_8859_9
3233:             1             24  sun.misc.PerformanceLogger$TimeData
3234:             1             24  [Lorg.hibernate.loader.plan.spi.LoadPlan$Disposition;
3235:             1             24  sun.nio.cs.ext.IBM949
3236:             1             24  ch.qos.logback.core.pattern.FormatInfo
3237:             1             24  org.hibernate.type.DbTimestampType
3238:             1             24  [Lorg.hibernate.loader.plan.spi.QuerySpace$Disposition;
3239:             1             24  org.apache.jsp.login_jsp
3240:             1             24  com.skyline.service.imple.RRateServiceImple
3241:             1             24  org.hibernate.type.descriptor.java.CharacterTypeDescriptor
3242:             1             24  org.hibernate.cfg.naming.LegacyNamingStrategyDelegator
3243:             1             24  org.hibernate.type.CharacterNCharType
3244:             3             24  org.springframework.core.convert.support.NumberToNumberConverterFactory
3245:             1             24  sun.nio.cs.ext.PCK
3246:             1             24  org.hibernate.type.descriptor.java.NClobTypeDescriptor
3247:             3             24  org.springframework.core.convert.support.PropertiesToStringConverter
3248:             1             24  com.sun.imageio.spi.FileImageOutputStreamSpi
3249:             1             24  sun.nio.cs.ext.IBM868
3250:             1             24  ch.qos.logback.core.joran.action.ConversionRuleAction
3251:             1             24  sun.security.x509.IssuerAlternativeNameExtension
3252:             1             24  [Lorg.hibernate.ConnectionReleaseMode;
3253:             1             24  sun.nio.cs.ext.Big5_HKSCS
3254:             3             24  org.springframework.web.servlet.mvc.method.annotation.ServletResponseMethodArgumentResolver
3255:             1             24  org.springframework.ui.context.support.ResourceBundleThemeSource
3256:             1             24  sun.nio.cs.ext.IBM949C
3257:             1             24  sun.nio.cs.IBM850
3258:             3             24  org.springframework.core.convert.support.StringToUUIDConverter
3259:             1             24  [Lcom.sun.imageio.plugins.jpeg.JPEGImageReader$CallBackLock$State;
3260:             1             24  sun.nio.cs.ext.SJIS_0213
3261:             3             24  ch.qos.logback.core.spi.LogbackLock
3262:             1             24  sun.nio.cs.ext.IBM1383
3263:             1             24  com.sun.imageio.spi.InputStreamImageInputStreamSpi
3264:             1             24  org.hibernate.type.CalendarType
3265:             1             24  [Lch.qos.logback.core.subst.Node$Type;
3266:             1             24  sun.nio.cs.ext.IBM869
3267:             1             24  org.hibernate.type.descriptor.java.BigIntegerTypeDescriptor
3268:             1             24  org.hibernate.type.ByteType
3269:             1             24  sun.nio.cs.ext.IBM838
3270:             1             24  [Lorg.hibernate.loader.BatchFetchStyle;
3271:             1             24  ch.qos.logback.core.joran.conditional.IfAction
3272:             1             24  org.hibernate.type.descriptor.java.UUIDTypeDescriptor
3273:             1             24  org.hibernate.type.CalendarDateType
3274:             1             24  org.hibernate.type.descriptor.java.CharacterArrayTypeDescriptor
3275:             1             24  com.sun.imageio.spi.OutputStreamImageOutputStreamSpi
3276:             1             24  org.hibernate.type.ShortType
3277:             1             24  java.lang.StringCoding$StringDecoder
3278:             1             24  sun.nio.cs.IBM437
3279:             1             24  org.hibernate.type.DateType
3280:             1             24  org.hibernate.type.UrlType
3281:             1             24  org.hibernate.type.MaterializedClobType
3282:             1             24  org.dom4j.io.ElementStack
3283:             1             24  org.springframework.web.servlet.handler.MappedInterceptor
3284:             1             24  [Lorg.apache.poi.ss.SpreadsheetVersion;
3285:             1             24  com.sun.imageio.spi.RAFImageInputStreamSpi
3286:             1             24  sun.nio.cs.ext.IBM870
3287:             1             24  org.hibernate.type.TextType
3288:             1             24  org.hibernate.type.UUIDCharType
3289:             1             24  sun.nio.cs.ext.IBM1140
3290:             1             24  [Lorg.hibernate.NullPrecedence;
3291:             1             24  org.hibernate.type.BinaryType
3292:             1             24  org.hibernate.type.MaterializedNClobType
3293:             1             24  sun.nio.cs.IBM852
3294:             1             24  [Ljava.util.Locale$Category;
3295:             1             24  ch.qos.logback.core.pattern.FormatInfo
3296:             1             24  ch.qos.logback.classic.spi.LoggerContextVO
3297:             1             24  org.hibernate.type.TimeType
3298:             1             24  org.hibernate.type.StringType
3299:             1             24  [Lorg.springframework.util.ConcurrentReferenceHashMap$Restructure;
3300:             1             24  sun.nio.cs.ext.IBM300
3301:             1             24  javax.net.ssl.SSLContext
3302:             1             24  sun.nio.cs.ext.IBM950
3303:             1             24  ch.qos.logback.core.joran.conditional.ThenAction
3304:             1             24  org.springframework.web.bind.ServletRequestParameterPropertyValues
3305:             1             24  [Lorg.hibernate.engine.jdbc.spi.TypeNullability;
3306:             1             24  org.hibernate.type.PostgresUUIDType
3307:             1             24  [Lorg.hibernate.loader.plan.spi.LoadPlan$Disposition;
3308:             1             24  org.hibernate.type.descriptor.java.CalendarTypeDescriptor
3309:             3             24  ch.qos.logback.core.spi.LogbackLock
3310:             1             24  org.hibernate.type.descriptor.java.UrlTypeDescriptor
3311:             1             24  sun.nio.cs.ext.IBM871
3312:             1             24  java.math.MutableBigInteger
3313:             1             24  [Ljava.lang.management.MemoryManagerMXBean;
3314:             1             24  ch.qos.logback.core.joran.conditional.ElseAction
3315:             1             24  java.net.InetAddress$CacheEntry
3316:             1             24  org.hibernate.type.NTextType
3317:             1             24  [Lorg.springframework.expression.spel.SpelCompilerMode;
3318:             1             24  sun.nio.cs.ext.IBM1141
3319:             1             24  [Lorg.apache.tomcat.util.net.AbstractEndpoint$BindState;
3320:             1             24  sun.nio.cs.IBM866
3321:             1             24  [Lorg.hibernate.engine.spi.CachedNaturalIdValueSource;
3322:             1             24  sun.nio.cs.StandardCharsets
3323:             1             24  org.hibernate.type.descriptor.java.ByteTypeDescriptor
3324:             1             24  org.hibernate.type.descriptor.java.ShortTypeDescriptor
3325:             1             24  [Lorg.apache.catalina.connector.Connector;
3326:             1             24  sun.jdbc.odbc.JdbcOdbcDriver
3327:             1             24  ch.qos.logback.core.joran.action.NewRuleAction
3328:             1             24  sun.nio.cs.ext.IBM33722
3329:             1             24  org.hibernate.type.descriptor.java.StringTypeDescriptor
3330:             1             24  sun.nio.cs.ext.IBM918
3331:             1             24  ch.qos.logback.classic.joran.action.JMXConfiguratorAction
3332:             1             24  sun.nio.cs.ext.IBM964
3333:             1             24  sun.nio.cs.ext.IBM1142
3334:             1             24  sun.security.ssl.CipherSuiteList
3335:             1             24  sun.nio.cs.KOI8_R
3336:             1             24  org.hibernate.type.TimestampType
3337:             3             24  org.aspectj.weaver.reflect.ReflectionWorld$ExceptionBasedMessageHandler
3338:             1             24  org.hibernate.type.BlobType
3339:             1             24  org.hibernate.type.descriptor.java.SerializableTypeDescriptor
3340:             1             24  java.net.URI$Parser
3341:             1             24  ch.qos.logback.core.joran.action.ParamAction
3342:             1             24  sun.nio.cs.ext.ISO2022_CN
3343:             1             24  ch.qos.logback.classic.spi.LoggerContextVO
3344:             1             24  [Lorg.hibernate.engine.jdbc.spi.ExtractedDatabaseMetaData$SQLStateType;
3345:             1             24  com.sun.jmx.mbeanserver.Repository
3346:             1             24  com.zaxxer.hikari.pool.PoolUtilities
3347:             1             24  org.hibernate.engine.query.spi.QueryPlanCache
3348:             1             24  sun.nio.cs.ext.IBM1143
3349:             1             24  java.util.concurrent.Executors$DefaultThreadFactory
3350:             1             24  org.hibernate.type.StringNVarcharType
3351:             1             24  org.hibernate.engine.spi.ActionQueue$InsertActionSorter
3352:             1             24  org.hibernate.type.CharacterType
3353:             1             24  org.hibernate.type.descriptor.java.ClobTypeDescriptor
3354:             1             24  sun.nio.cs.ext.TIS_620
3355:             1             24  org.hibernate.type.IntegerType
3356:             1             24  sun.nio.cs.ext.IBM833
3357:             1             24  org.hibernate.type.descriptor.java.CalendarDateTypeDescriptor
3358:             1             24  [Lorg.hibernate.internal.util.collections.BoundedConcurrentHashMap$Eviction;
3359:             1             24  [Lorg.hibernate.engine.jdbc.internal.FormatStyle;
3360:             1             24  org.hibernate.type.descriptor.java.PrimitiveByteArrayTypeDescriptor
3361:             1             24  org.hibernate.type.descriptor.java.JdbcDateTypeDescriptor
3362:             1             24  ch.qos.logback.classic.joran.JoranConfigurator
3363:             1             24  org.hibernate.type.BooleanType
3364:             1             24  sun.nio.cs.ext.ISO2022_JP
3365:             1             24  sun.nio.cs.ext.IBM834
3366:             1             24  sun.nio.cs.ext.IBM970
3367:             1             24  org.hibernate.type.DbTimestampType
3368:             1             24  com.skyline.dao.imple.SysDaoImple
3369:             1             24  [Lorg.hibernate.tuple.GenerationTiming;
3370:             1             24  sun.nio.cs.ext.IBM1144
3371:             1             24  ch.qos.logback.core.joran.spi.CAI_WithLocatorSupport
3372:             1             24  sun.nio.cs.MS1250
3373:             1             24  org.springframework.ui.context.support.ResourceBundleThemeSource
3374:             1             24  ch.qos.logback.core.joran.action.NestedComplexPropertyIA
3375:             1             24  org.hibernate.type.LocaleType
3376:             1             24  sun.nio.cs.ext.ISO2022_JP_2
3377:             1             24  org.hibernate.type.descriptor.java.CharacterTypeDescriptor
3378:             1             24  org.springframework.core.task.SimpleAsyncTaskExecutor$ConcurrencyThrottleAdapter
3379:             1             24  com.sun.imageio.spi.RAFImageOutputStreamSpi
3380:             1             24  sun.nio.cs.ext.IBM856
3381:             1             24  org.hibernate.type.descriptor.java.IntegerTypeDescriptor
3382:             1             24  [Lorg.hibernate.hql.internal.ast.util.LiteralProcessor$DecimalLiteralFormat;
3383:             1             24  org.hibernate.type.CharacterNCharType
3384:             1             24  org.hibernate.type.WrapperBinaryType
3385:             1             24  [Lcom.sun.org.apache.xerces.internal.utils.XMLSecurityManager$NameMap;
3386:             1             24  org.hibernate.type.NClobType
3387:             1             24  sun.nio.cs.ext.IBM1145
3388:             1             24  org.aspectj.weaver.patterns.AnyAnnotationTypePattern
3389:             1             24  org.hibernate.type.CalendarType
3390:             1             24  sun.nio.cs.MS1251
3391:             1             24  ch.qos.logback.core.joran.action.NestedBasicPropertyIA
3392:             1             24  ch.qos.logback.classic.joran.action.ConsolePluginAction
3393:             1             24  sun.nio.cs.ext.MS50220
3394:             1             24  [Lorg.apache.tomcat.websocket.pojo.PojoMethodMapping$MethodType;
3395:             3             24  org.springframework.web.method.annotation.ModelMethodProcessor
3396:             1             24  java.lang.ProcessEnvironment$StringEnvironment
3397:             1             24  [Lorg.hibernate.internal.util.collections.ConcurrentReferenceHashMap$ReferenceType;
3398:             1             24  sun.nio.cs.ext.Big5
3399:             1             24  [Lorg.hibernate.engine.transaction.jta.platform.internal.WebSphereJtaPlatform$WebSphereEnvironment;
3400:             1             24  sun.nio.cs.ext.ISO2022_KR
3401:             1             24  org.hibernate.type.CalendarDateType
3402:             1             24  com.skyline.service.imple.BaseRateServiceImple
3403:             1             24  sun.nio.cs.ext.IBM875
3404:             1             24  org.apache.xmlbeans.impl.schema.SchemaTypeSystemImpl$HandlePool
3405:             1             24  org.hibernate.type.descriptor.java.LocaleTypeDescriptor
3406:             1             24  org.aspectj.weaver.patterns.EllipsisAnnotationTypePattern
3407:             1             24  sun.nio.cs.ext.IBM1146
3408:             1             24  sun.nio.cs.ext.MS1256
3409:             1             24  org.hibernate.type.ShortType
3410:             1             24  org.slf4j.helpers.FormattingTuple
3411:             1             24  sun.nio.cs.ext.ISCII91
3412:             3             24  org.springframework.web.method.annotation.MapMethodProcessor
3413:             1             24  sun.nio.cs.ext.MS50221
3414:             1             24  org.hibernate.type.LongType
3415:             1             24  org.hibernate.type.UrlType
3416:             1             24  sun.nio.cs.ext.ISO_8859_3
3417:             1             24  javax.crypto.spec.RC5ParameterSpec
3418:             1             24  sun.nio.cs.ext.IBM921
3419:             1             24  org.hibernate.type.BinaryType
3420:             1             24  org.hibernate.type.CurrencyType
3421:             1             24  [Lorg.springframework.context.annotation.ConfigurationCondition$ConfigurationPhase;
3422:             1             24  sun.misc.GC$LatencyRequest
3423:             1             24  sun.nio.cs.ext.ISO2022_CN_CNS
3424:             1             24  org.springframework.cglib.core.EmitUtils$ArrayDelimiters
3425:             1             24  sun.nio.cs.ext.IBM1147
3426:             1             24  org.hibernate.engine.spi.BatchFetchQueue
3427:             1             24  sun.nio.cs.MS1257
3428:             3             24  javax.el.StaticFieldELResolver
3429:             1             24  sun.nio.cs.ext.MS874
3430:             1             24  org.hibernate.type.descriptor.java.ByteArrayTypeDescriptor
3431:             1             24  ch.qos.logback.classic.joran.action.ContextNameAction
3432:             1             24  [Lorg.springframework.util.ConcurrentReferenceHashMap$ReferenceType;
3433:             1             24  sun.nio.cs.ext.ISO2022_CN_GB
3434:             1             24  sun.nio.cs.ext.ISO_8859_6
3435:             1             24  sun.nio.cs.ext.IBM922
3436:             1             24  org.springframework.core.SerializableTypeWrapper$MethodInvokeTypeProvider
3437:             1             24  sun.nio.cs.ext.GBK
3438:             1             24  [Lorg.springframework.context.annotation.ConfigurationCondition$ConfigurationPhase;
3439:             1             24  com.skyline.service.imple.RateServiceImple
3440:             1             24  org.hibernate.type.descriptor.java.JdbcTimeTypeDescriptor
3441:             1             24  [Lcom.sun.org.apache.xerces.internal.utils.XMLSecurityPropertyManager$Property;
3442:             1             24  sun.awt.PostEventQueue
3443:             1             24  sun.nio.cs.ext.IBM1148
3444:             1             24  org.apache.catalina.core.JreMemoryLeakPreventionListener
3445:             1             24  org.hibernate.type.ImageType
3446:             1             24  org.springframework.core.env.PropertySource$StubPropertySource
3447:             1             24  org.hibernate.type.descriptor.java.UrlTypeDescriptor
3448:             1             24  org.hibernate.type.descriptor.java.CurrencyTypeDescriptor
3449:             1             24  sun.nio.cs.ext.MacRoman
3450:             1             24  [Lorg.hibernate.engine.spi.EntityEntry$BooleanState;
3451:             1             24  sun.nio.cs.ext.JIS_X_0201
3452:             1             24  ch.qos.logback.core.joran.action.TimestampAction
3453:             1             24  ch.qos.logback.core.joran.spi.EventPlayer
3454:             1             24  org.hibernate.type.descriptor.java.ShortTypeDescriptor
3455:             1             24  sun.nio.cs.ext.ISO_8859_11
3456:             1             24  org.springframework.cglib.core.MethodWrapper$MethodWrapperKey$$KeyFactoryByCGLIB$$552be97a
3457:             1             24  sun.nio.cs.ext.SJIS
3458:             1             24  org.hibernate.internal.SessionFactoryImpl$1
3459:             1             24  [Lorg.apache.tomcat.util.log.UserDataHelper$Mode;
3460:             1             24  sun.nio.cs.ext.JIS_X_0212
3461:             1             24  org.hibernate.event.spi.LoadEvent$1
3462:             1             24  org.hibernate.type.descriptor.java.LongTypeDescriptor
3463:             1             24  com.zaxxer.hikari.util.DriverDataSource
3464:             1             24  ch.qos.logback.core.joran.spi.SimpleRuleStore
3465:             1             24  sun.nio.cs.ext.IBM1149
3466:             1             24  org.hibernate.type.TimeZoneType
3467:             1             24  sun.nio.cs.ext.MacCentralEurope
3468:             1             24  sun.nio.cs.ext.JIS_X_0208
3469:             1             24  ch.qos.logback.classic.joran.action.InsertFromJNDIAction
3470:             1             24  org.hibernate.type.CharArrayType
3471:             1             24  org.springframework.web.servlet.config.AnnotationDrivenBeanDefinitionParser$CompositeUriComponentsContributorFactoryBean
3472:             1             24  org.eclipse.jdt.internal.compiler.classfmt.TypeAnnotationWalker$1
3473:             1             24  com.sun.org.apache.xerces.internal.util.SecurityManager
3474:             1             24  [Lorg.apache.coyote.http11.AbstractNioInputBuffer$HeaderParseStatus;
3475:             1             24  org.hibernate.cfg.naming.LegacyNamingStrategyDelegator
3476:             1             24  sun.nio.cs.ext.MS949
3477:             1             24  org.apache.catalina.util.ConcurrentDateFormat
3478:             1             24  sun.nio.cs.ext.IBM930
3479:             1             24  [Lorg.springframework.util.ConcurrentReferenceHashMap$Restructure;
3480:             1             24  sun.nio.cs.UTF_32
3481:             1             24  [Lch.qos.logback.core.joran.spi.ConsoleTarget;
3482:             1             24  sun.nio.cs.ext.MS1255
3483:             1             24  com.zaxxer.hikari.proxy.PreparedStatementJavassistProxy
3484:             3             24  javax.el.ResourceBundleELResolver
3485:             1             24  sun.nio.cs.ext.IBM037
3486:             1             24  org.apache.jsp.WEB_002dINF.jsp.error.jspException_jsp
3487:             1             24  org.hibernate.type.FloatType
3488:             1             24  org.apache.tomcat.util.collections.ConcurrentCache
3489:             1             24  org.hibernate.service.internal.ConcurrentServiceBinding$Node
3490:             1             24  org.hibernate.type.descriptor.java.TimeZoneTypeDescriptor
3491:             1             24  sun.nio.cs.ext.JISAutoDetect
3492:             1             24  org.hibernate.type.BooleanType
3493:             1             24  sun.nio.cs.ext.IBM943
3494:             1             24  java.security.cert.CertificateFactory
3495:             1             24  org.hibernate.type.descriptor.java.BlobTypeDescriptor
3496:             1             24  org.hibernate.type.IntegerType
3497:             1             24  org.hibernate.type.descriptor.java.NClobTypeDescriptor
3498:             1             24  org.apache.catalina.mapper.Mapper
3499:             1             24  org.springframework.web.servlet.support.SessionFlashMapManager
3500:             1             24  sun.nio.cs.ext.MS1258
3501:             1             24  ch.qos.logback.core.joran.action.ContextPropertyAction
3502:             1             24  [Lorg.springframework.validation.DefaultMessageCodesResolver$Format;
3503:             1             24  sun.nio.cs.ext.IBM1026
3504:             1             24  org.hibernate.type.ClassType
3505:             1             24  org.hibernate.type.descriptor.java.PrimitiveCharacterArrayTypeDescriptor
3506:             1             24  [Ljava.net.InetAddress$Cache$Type;
3507:             1             24  [Lorg.hibernate.internal.util.collections.BoundedConcurrentHashMap$Eviction;
3508:             1             24  [Lorg.hibernate.engine.transaction.spi.JoinStatus;
3509:             1             24  com.sun.org.apache.xerces.internal.impl.xs.util.ShortListImpl
3510:             1             24  sun.nio.cs.US_ASCII
3511:             1             24  org.hibernate.service.internal.ConcurrentServiceBinding$Entry
3512:             1             24  java.util.Collections$SynchronizedRandomAccessList
3513:             1             24  sun.nio.cs.ext.Big5_HKSCS_2001
3514:             1             24  org.hibernate.type.descriptor.java.JdbcDateTypeDescriptor
3515:             1             24  org.springframework.web.context.support.ServletConfigPropertySource
3516:             1             24  org.hibernate.type.descriptor.java.JdbcTimestampTypeDescriptor
3517:             1             24  ch.qos.logback.core.joran.action.ConversionRuleAction
3518:             1             24  sun.nio.cs.ext.MS950
3519:             1             24  org.hibernate.type.CharacterArrayType
3520:             1             24  ch.qos.logback.classic.sift.SiftAction
3521:             1             24  org.apache.catalina.valves.AbstractAccessLogValve$DateAndTimeElement
3522:             1             24  sun.nio.cs.ext.IBM933
3523:             3             24  org.apache.el.stream.StreamELResolverImpl
3524:             1             24  sun.nio.cs.ext.IBM1047
3525:             1             24  sun.nio.cs.ISO_8859_1
3526:             1             24  java.beans.ThreadGroupContext$1
3527:             1             24  com.sun.activation.registries.MailcapFile
3528:             1             24  org.springframework.web.servlet.handler.MappedInterceptor
3529:             1             24  org.springframework.core.io.ClassPathResource
3530:             1             24  org.hibernate.type.descriptor.java.IntegerTypeDescriptor
3531:             1             24  org.hibernate.type.MaterializedClobType
3532:             1             24  org.hibernate.type.descriptor.java.ClassTypeDescriptor
3533:             1             24  sun.nio.cs.ext.MS932
3534:             1             24  com.sun.org.apache.xerces.internal.impl.xs.util.XSObjectListImpl
3535:             1             24  sun.nio.cs.UTF_16BE
3536:             1             24  sun.nio.cs.ext.Johab
3537:             1             24  sun.nio.cs.ext.Big5_Solaris
3538:             1             24  sun.nio.cs.ext.MSISO2022JP
3539:             1             24  org.hibernate.type.descriptor.java.FloatTypeDescriptor
3540:             1             24  sun.nio.cs.ext.IBM273
3541:             1             24  org.hibernate.type.MaterializedNClobType
3542:             1             24  org.hibernate.type.MaterializedBlobType
3543:             1             24  sun.nio.cs.UTF_16LE
3544:             1             24  org.hibernate.type.UUIDBinaryType
3545:             1             24  sun.nio.cs.IBM862
3546:             1             24  sun.security.util.DisabledAlgorithmConstraints$KeySizeConstraint
3547:             1             24  sun.nio.cs.ext.COMPOUND_TEXT
3548:             1             16  org.apache.poi.ss.formula.atp.NetworkdaysFunction
3549:             1             16  [Lorg.eclipse.jdt.internal.compiler.lookup.InferenceVariable;
3550:             1             16  [Lorg.aspectj.weaver.JoinPointSignature;
3551:             1             16  java.nio.Bits$1$1
3552:             1             16  org.apache.xmlbeans.impl.schema.SchemaTypeLoaderImpl$SchemaTypeLoaderCache
3553:             1             16  org.hibernate.tuple.GenerationTiming$1
3554:             1             16  org.springframework.web.servlet.theme.FixedThemeResolver
3555:             1             16  [Ljava.text.FieldPosition;
3556:             1             16  org.aspectj.weaver.patterns.Bindings
3557:             1             16  sun.awt.image.PixelConverter$UshortGray
3558:             2             16  org.springframework.web.servlet.mvc.method.annotation.RedirectAttributesMethodArgumentResolver
3559:             1             16  org.hibernate.engine.spi.IdentifierValue$4
3560:             1             16  org.hibernate.cfg.naming.LegacyHbmNamingStrategyDelegate
3561:             1             16  [Lorg.aspectj.weaver.patterns.BindingPattern;
3562:             1             16  org.hibernate.exception.internal.StandardSQLExceptionConverter
3563:             1             16  java.util.regex.Pattern$CharPropertyNames$6
3564:             1             16  org.hibernate.tuple.GenerationTiming$2
3565:             1             16  sun.awt.image.PixelConverter$Rgbx
3566:             1             16  org.hibernate.id.factory.internal.DefaultIdentifierGeneratorFactory
3567:             1             16  org.hibernate.tuple.GenerationTiming$3
3568:             1             16  sun.security.ssl.EphemeralKeyManager
3569:             1             16  org.apache.catalina.valves.AbstractAccessLogValve$ByteSentElement
3570:             1             16  com.sun.jmx.mbeanserver.MXBeanIntrospector
3571:             1             16  [Lorg.aspectj.weaver.ReferenceType;
3572:             1             16  sun.awt.image.PixelConverter$Bgrx
3573:             2             16  org.springframework.web.context.support.WebApplicationContextUtils$WebRequestObjectFactory
3574:             1             16  java.util.regex.Pattern$CharPropertyNames$7
3575:             1             16  [Lorg.apache.xmlbeans.InterfaceExtension;
3576:             1             16  sun.awt.SunHints$LCDContrastKey
3577:             1             16  org.hibernate.dialect.MySQLDialect$1
3578:             1             16  com.zaxxer.hikari.pool.HikariPool$1
3579:             1             16  sun.awt.image.PixelConverter$ArgbBm
3580:             1             16  org.hibernate.dialect.function.StandardAnsiSqlAggregationFunctions$CountFunction
3581:             1             16  org.slf4j.helpers.SubstituteLoggerFactory
3582:             1             16  java.util.regex.Pattern$CharPropertyNames$8
3583:             1             16  org.hibernate.cfg.naming.LegacyJpaNamingStrategyDelegate
3584:             1             16  org.springframework.format.number.NumberFormatAnnotationFormatterFactory
3585:             1             16  [Lorg.apache.xmlbeans.SchemaTypeLoader;
3586:             1             16  org.springframework.ui.context.support.DelegatingThemeSource
3587:             1             16  [Lorg.apache.xmlbeans.PrePostExtension;
3588:             1             16  [Lorg.eclipse.jdt.internal.compiler.lookup.TypeBound;
3589:             1             16  ch.qos.logback.classic.util.ContextSelectorStaticBinder
3590:             1             16  java.util.regex.Pattern$CharPropertyNames$9
3591:             1             16  [Lorg.apache.catalina.mapper.Mapper$MappedHost;
3592:             1             16  org.hibernate.dialect.function.StandardAnsiSqlAggregationFunctions$MaxFunction
3593:             1             16  org.dom4j.DocumentFactory
3594:             1             16  org.hibernate.type.descriptor.java.SerializableTypeDescriptor$SerializableMutabilityPlan
3595:             1             16  org.eclipse.jdt.internal.compiler.ast.ExpressionContext$1
3596:             1             16  org.springframework.context.event.SourceFilteringListener
3597:             1             16  org.eclipse.jdt.internal.compiler.impl.DoubleConstant
3598:             1             16  [Lorg.apache.xmlbeans.UserType;
3599:             1             16  com.skyline.action.SendRecordAction$$FastClassBySpringCGLIB$$fe62f3a1
3600:             2             16  org.springframework.expression.spel.support.StandardTypeComparator
3601:             1             16  java.util.regex.Pattern$CharPropertyNames$10
3602:             1             16  org.hibernate.dialect.function.StandardAnsiSqlAggregationFunctions$MinFunction
3603:             1             16  org.hibernate.type.descriptor.java.JavaTypeDescriptorRegistry
3604:             1             16  com.zaxxer.hikari.pool.GlobalPoolLock$1
3605:             1             16  org.hibernate.id.UUIDGenerator
3606:             1             16  org.eclipse.jdt.internal.compiler.ast.ExpressionContext$2
3607:             1             16  com.sun.proxy.$Proxy44
3608:             1             16  org.springframework.web.context.ContextLoaderListener
3609:             1             16  java.util.regex.Pattern$CharPropertyNames$11
3610:             1             16  com.sun.proxy.$Proxy57
3611:             1             16  org.springframework.web.servlet.FrameworkServlet$ContextRefreshListener
3612:             1             16  org.apache.juli.OneLineFormatter$1
3613:             1             16  org.apache.catalina.startup.EngineConfig
3614:             1             16  org.eclipse.jdt.internal.compiler.ast.ExpressionContext$3
3615:             1             16  java.util.regex.Pattern$CharPropertyNames$12
3616:             1             16  org.hibernate.exception.internal.SQLExceptionTypeDelegate
3617:             1             16  sun.net.ProgressMonitor
3618:             1             16  java.util.Locale$Cache
3619:             1             16  org.hibernate.dialect.function.StandardAnsiSqlAggregationFunctions$SumFunction
3620:             1             16  com.sun.management.UnixOperatingSystem
3621:             2             16  javax.servlet.jsp.el.ScopedAttributeELResolver
3622:             1             16  [Lorg.aspectj.weaver.patterns.AnnotationTypePattern;
3623:             1             16  org.eclipse.jdt.internal.compiler.ast.ExpressionContext$4
3624:             1             16  org.springframework.format.datetime.DateTimeFormatAnnotationFormatterFactory
3625:             1             16  org.apache.juli.OneLineFormatter$2
3626:             1             16  com.sun.proxy.$Proxy67
3627:             1             16  java.util.regex.Pattern$CharPropertyNames$13
3628:             1             16  org.apache.catalina.core.ContainerBase$ContainerBackgroundProcessor
3629:             1             16  org.springframework.context.event.GenericApplicationListenerAdapter
3630:             2             16  org.springframework.expression.spel.support.StandardOperatorOverloader
3631:             1             16  java.util.regex.Pattern$CharPropertyNames$14
3632:             2             16  com.sun.org.apache.xerces.internal.impl.dv.dtd.ENTITYDatatypeValidator
3633:             2             16  org.springframework.beans.factory.support.CglibSubclassingInstantiationStrategy
3634:             1             16  org.apache.catalina.mbeans.MBeanFactory
3635:             1             16  sun.misc.FloatingDecimal$1
3636:             1             16  java.util.regex.Pattern$CharPropertyNames$15
3637:             1             16  sun.awt.SunDisplayChanger
3638:             1             16  ch.qos.logback.classic.util.ContextSelectorStaticBinder
3639:             1             16  [Lorg.aspectj.weaver.ast.Expr;
3640:             1             16  [Lorg.aspectj.weaver.ast.Var;
3641:             1             16  org.apache.catalina.mapper.Mapper$ContextList
3642:             1             16  java.util.regex.Pattern$CharPropertyNames$16
3643:             1             16  java.net.SocksSocketImpl$3
3644:             1             16  org.hibernate.tuple.entity.EntityMetamodel$GenerationStrategyPair
3645:             1             16  org.springframework.core.$Proxy22
3646:             2             16  org.hibernate.property.BasicPropertyAccessor
3647:             1             16  java.util.regex.Pattern$CharPropertyNames$17
3648:             1             16  java.awt.color.ICC_Profile$1
3649:             2             16  org.dom4j.tree.ConcurrentReaderHashMap$BarrierLock
3650:             1             16  sun.management.ClassLoadingImpl
3651:             1             16  org.hibernate.boot.registry.selector.internal.StrategySelectorImpl
3652:             1             16  org.hibernate.internal.util.xml.ErrorLogger
3653:             1             16  java.util.regex.Pattern$CharPropertyNames$18
3654:             1             16  com.sun.proxy.$Proxy54
3655:             1             16  sun.launcher.LauncherHelper
3656:             2             16  org.springframework.context.expression.BeanFactoryAccessor
3657:             1             16  [Lorg.hibernate.type.Type;
3658:             2             16  org.springframework.context.expression.BeanExpressionContextAccessor
3659:             1             16  java.util.regex.Pattern$CharPropertyNames$19
3660:             1             16  sun.util.CoreResourceBundleControl
3661:             1             16  org.apache.poi.ss.formula.udf.AggregatingUDFFinder
3662:             1             16  com.skyline.service.imple.PowersServiceImple
3663:             1             16  com.skyline.util.PoiExcel
3664:             1             16  [Lorg.springframework.core.io.Resource;
3665:             1             16  ch.qos.logback.classic.selector.DefaultContextSelector
3666:             1             16  java.nio.charset.CoderResult$1
3667:             1             16  sun.util.locale.BaseLocale$Cache
3668:             1             16  java.util.regex.Pattern$CharPropertyNames$20
3669:             1             16  org.hibernate.cfg.HbmBinder$CollectionType$1
3670:             1             16  [Lsun.launcher.LauncherHelper;
3671:             2             16  org.apache.catalina.realm.X509SubjectDnRetriever
3672:             2             16  org.springframework.context.expression.MapAccessor
3673:             1             16  org.apache.poi.ss.formula.atp.WorkdayFunction
3674:             1             16  java.util.regex.Pattern$CharPropertyNames$21
3675:             1             16  java.nio.charset.CoderResult$2
3676:             2             16  org.springframework.web.method.annotation.ErrorsMethodArgumentResolver
3677:             1             16  [Lorg.aspectj.apache.bcel.classfile.annotation.ElementValue;
3678:             1             16  org.hibernate.cfg.HbmBinder$CollectionType$2
3679:             1             16  org.hibernate.hql.internal.HolderInstantiator
3680:             1             16  sun.management.CompilationImpl
3681:             1             16  java.util.regex.Pattern$CharPropertyNames$22
3682:             1             16  javax.mail.Flags
3683:             1             16  com.skyline.action.SendRecordAction$$EnhancerBySpringCGLIB$$395c0b64$$FastClassBySpringCGLIB$$4fa2aedc
3684:             2             16  org.hibernate.property.DirectPropertyAccessor
3685:             1             16  org.hibernate.cfg.HbmBinder$CollectionType$3
3686:             1             16  org.springframework.context.annotation.AnnotationScopeMetadataResolver
3687:             2             16  org.springframework.web.method.annotation.SessionStatusMethodArgumentResolver
3688:             1             16  [Lcom.sun.org.apache.xerces.internal.xs.XSObject;
3689:             1             16  java.util.regex.Pattern$CharPropertyNames$23
3690:             1             16  [Lcom.sun.org.apache.xalan.internal.utils.FeatureManager$Feature;
3691:             1             16  org.jboss.logging.Slf4jLoggerProvider
3692:             1             16  org.hibernate.cfg.HbmBinder$CollectionType$4
3693:             1             16  org.hibernate.exception.internal.SQLStateConverter
3694:             1             16  org.hibernate.sql.Alias
3695:             2             16  org.springframework.context.expression.EnvironmentAccessor
3696:             1             16  [Lorg.aspectj.weaver.Member;
3697:             2             16  org.springframework.web.servlet.mvc.method.annotation.UriComponentsBuilderMethodArgumentResolver
3698:             1             16  org.apache.xmlbeans.impl.common.Mutex
3699:             1             16  [Lorg.hibernate.loader.plan.spi.Fetch;
3700:             1             16  java.text.MessageFormat$Field
3701:             1             16  javax.servlet.http.NetscapeValidator
3702:             1             16  org.hibernate.cfg.HbmBinder$CollectionType$5
3703:             1             16  java.text.DontCareFieldPosition$1
3704:             1             16  org.hibernate.engine.spi.VersionValue$1
3705:             1             16  org.hibernate.dialect.function.StandardAnsiSqlAggregationFunctions$AvgFunction
3706:             1             16  [Lcom.sun.org.apache.xerces.internal.impl.xs.SubstitutionGroupHandler$OneSubGroup;
3707:             1             16  [Lorg.hibernate.loader.plan.spi.BidirectionalEntityReference;
3708:             1             16  org.hibernate.type.AbstractStandardBasicType$1
3709:             1             16  org.springframework.web.servlet.theme.FixedThemeResolver
3710:             1             16  org.apache.catalina.filters.RequestDumperFilter$1
3711:             1             16  org.hibernate.exception.internal.SQLStateConverter$1
3712:             1             16  sun.security.provider.NativeSeedGenerator
3713:             1             16  org.hibernate.cfg.HbmBinder$CollectionType$6
3714:             1             16  com.sun.org.apache.xerces.internal.jaxp.DefaultValidationErrorHandler
3715:             1             16  java.awt.ImageCapabilities
3716:             1             16  [[Lorg.aspectj.weaver.AnnotationAJ;
3717:             1             16  com.sun.proxy.$Proxy61
3718:             1             16  org.hibernate.engine.spi.VersionValue$2
3719:             1             16  org.apache.poi.hssf.record.RecordFactory$ReflectionMethodRecordCreator
3720:             1             16  org.apache.poi.ss.formula.atp.AnalysisToolPak
3721:             1             16  org.springframework.beans.factory.config.RuntimeBeanNameReference
3722:             1             16  org.hibernate.engine.jdbc.spi.SqlExceptionHelper
3723:             2             16  java.util.concurrent.ThreadPoolExecutor$DiscardPolicy
3724:             1             16  [Lorg.apache.poi.poifs.storage.DocumentBlock;
3725:             1             16  org.hibernate.cfg.HbmBinder$CollectionType$7
3726:             1             16  org.hibernate.type.descriptor.java.JavaTypeDescriptorRegistry
3727:             1             16  com.skyline.service.imple.JavaMailServiceImple
3728:             1             16  org.hibernate.engine.spi.VersionValue$3
3729:             1             16  sun.awt.SunToolkit$ModalityListenerList
3730:             1             16  sun.nio.fs.LinuxFileSystemProvider
3731:             1             16  org.hibernate.engine.jdbc.spi.SqlExceptionHelper$StandardWarningHandler
3732:             1             16  [Lorg.aspectj.apache.bcel.classfile.CodeException;
3733:             1             16  filters.ExampleFilter
3734:             1             16  org.apache.xmlbeans.impl.store.Locale$1
3735:             1             16  [Ljava.util.logging.Handler;
3736:             1             16  [Lorg.aspectj.bridge.IMessage;
3737:             2             16  org.springframework.web.servlet.mvc.method.annotation.HttpHeadersReturnValueHandler
3738:             1             16  org.aspectj.weaver.patterns.Bindings
3739:             1             16  [Lorg.aspectj.apache.bcel.classfile.annotation.AnnotationGen;
3740:             1             16  org.hibernate.tuple.entity.EntityTuplizerFactory
3741:             1             16  [[Lorg.aspectj.apache.bcel.classfile.annotation.AnnotationGen;
3742:             1             16  com.skyline.util.SingletonProps
3743:             1             16  [Lorg.aspectj.weaver.patterns.BindingPattern;
3744:             1             16  [Ljava.awt.datatransfer.DataFlavor;
3745:             1             16  org.hibernate.internal.SessionFactoryRegistry$1
3746:             1             16  com.sun.org.apache.xerces.internal.impl.XMLDocumentScannerImpl$DTDDriver
3747:             2             16  org.springframework.web.servlet.mvc.method.annotation.CallableMethodReturnValueHandler
3748:             1             16  ch.qos.logback.classic.selector.DefaultContextSelector
3749:             1             16  org.hibernate.internal.SessionFactoryRegistry$1
3750:             1             16  [Lorg.hibernate.loader.plan.spi.Fetch;
3751:             1             16  java.net.Proxy
3752:             1             16  [Lorg.apache.poi.hssf.record.NoteRecord;
3753:             1             16  org.springframework.validation.DefaultMessageCodesResolver$Format$1
3754:             1             16  [Lorg.hibernate.loader.plan.spi.BidirectionalEntityReference;
3755:             2             16  org.springframework.web.servlet.mvc.method.annotation.DeferredResultMethodReturnValueHandler
3756:             2             16  org.springframework.context.expression.BeanFactoryAccessor
3757:             1             16  org.hibernate.tuple.entity.EntityMetamodel$GenerationStrategyPair
3758:             1             16  java.math.BigDecimal$1
3759:             1             16  org.hibernate.engine.spi.VersionValue$1
3760:             1             16  org.springframework.validation.DefaultMessageCodesResolver$Format$2
3761:             1             16  sun.font.FontConfigManager
3762:             1             16  java.net.InetAddress
3763:             1             16  org.apache.xmlbeans.impl.piccolo.xml.UTF8XMLDecoder
3764:             1             16  org.hibernate.dialect.function.StandardAnsiSqlAggregationFunctions$CountFunction
3765:             1             16  org.hibernate.hql.internal.ast.util.LiteralProcessor$DecimalLiteralFormat$1
3766:             1             16  java.util.concurrent.ThreadLocalRandom$1
3767:             1             16  org.hibernate.engine.spi.VersionValue$2
3768:             1             16  [Lorg.apache.poi.poifs.storage.SmallDocumentBlock;
3769:             1             16  org.hibernate.hql.internal.ast.util.LiteralProcessor$DecimalLiteralFormat$2
3770:             1             16  sun.java2d.HeadlessGraphicsEnvironment
3771:             1             16  org.hibernate.dialect.function.StandardAnsiSqlAggregationFunctions$MaxFunction
3772:             2             16  org.springframework.context.expression.MapAccessor
3773:             2             16  org.apache.tomcat.util.threads.ThreadPoolExecutor$RejectHandler
3774:             1             16  sun.font.FontConfigManager$FontConfigInfo
3775:             1             16  com.skyline.action.ErrorAction$$FastClassBySpringCGLIB$$f8804d0c
3776:             1             16  com.zaxxer.hikari.metrics.MetricsTracker
3777:             1             16  java.net.Socket$2
3778:             1             16  org.springframework.format.datetime.DateTimeFormatAnnotationFormatterFactory
3779:             1             16  org.apache.xmlbeans.StringEnumAbstractBase$Table
3780:             1             16  org.hibernate.dialect.function.StandardAnsiSqlAggregationFunctions$MinFunction
3781:             2             16  org.springframework.web.servlet.mvc.method.annotation.ListenableFutureReturnValueHandler
3782:             1             16  org.hibernate.engine.spi.VersionValue$3
3783:             1             16  org.aspectj.apache.bcel.generic.Type$1
3784:             1             16  org.springframework.ui.context.support.DelegatingThemeSource
3785:             1             16  org.apache.xmlbeans.impl.piccolo.xml.ASCIIXMLDecoder
3786:             1             16  com.skyline.listener.SessionListener
3787:             1             16  com.sun.proxy.$Proxy62
3788:             1             16  [Lorg.apache.catalina.Service;
3789:             1             16  org.aspectj.apache.bcel.generic.Type$2
3790:             1             16  ch.qos.logback.core.joran.spi.DefaultNestedComponentRegistry
3791:             1             16  org.hibernate.engine.jndi.internal.JndiServiceImpl
3792:             1             16  [Ljava.lang.Enum;
3793:             1             16  org.hibernate.dialect.function.StandardAnsiSqlAggregationFunctions$SumFunction
3794:             2             16  org.springframework.context.expression.EnvironmentAccessor
3795:             1             16  org.apache.naming.StringManager
3796:             1             16  com.skyline.service.imple.SendRecordServiceImple
3797:             1             16  org.apache.poi.hssf.usermodel.HSSFCellStyle$1
3798:             1             16  [Lorg.eclipse.jdt.internal.compiler.ast.MemberValuePair;
3799:             1             16  com.skyline.action.ExcelTpAction$$FastClassBySpringCGLIB$$57f97ed7
3800:             2             16  org.springframework.beans.factory.parsing.PassThroughSourceExtractor
3801:             1             16  org.jboss.logging.Slf4jLoggerProvider
3802:             1             16  javax.activation.MimetypesFileTypeMap
3803:             1             16  com.sun.proxy.$Proxy41
3804:             2             16  java.lang.Shutdown$Lock
3805:             2             16  org.dom4j.tree.ConcurrentReaderHashMap$BarrierLock
3806:             1             16  antlr.Token
3807:             1             16  org.apache.poi.ss.formula.atp.NetworkdaysFunction
3808:             1             16  com.sun.proxy.$Proxy37
3809:             1             16  org.apache.xmlbeans.impl.piccolo.xml.ISO8859_1XMLDecoder
3810:             1             16  org.apache.juli.logging.LogFactory
3811:             1             16  org.hibernate.cfg.Configuration$2
3812:             1             16  [Ljava.nio.file.attribute.FileAttribute;
3813:             1             16  org.apache.catalina.security.SecurityConfig
3814:             1             16  com.skyline.dao.imple.EmployeeDaoImple
3815:             1             16  com.sun.proxy.$Proxy34
3816:             1             16  java.net.Socket$3
3817:             1             16  [Lorg.springframework.http.MediaType;
3818:             1             16  javassist.util.proxy.ProxyFactory$2
3819:             1             16  sun.management.ThreadImpl
3820:             1             16  org.apache.xmlbeans.XmlBeans$1
3821:             1             16  javax.crypto.JceSecurityManager
3822:             1             16  org.apache.jasper.runtime.JspFactoryImpl
3823:             1             16  ch.qos.logback.classic.util.LogbackMDCAdapter
3824:             1             16  org.springframework.transaction.interceptor.NameMatchTransactionAttributeSource
3825:             1             16  com.sun.proxy.$Proxy70
3826:             1             16  [Lorg.apache.tomcat.util.IntrospectionUtils$PropertySource;
3827:             1             16  com.skyline.dao.imple.UserDaoImple
3828:             1             16  org.apache.xmlbeans.impl.piccolo.xml.UnicodeBigXMLDecoder
3829:             1             16  [Lorg.apache.catalina.core.DefaultInstanceManager$AnnotationCacheEntry;
3830:             1             16  javax.mail.internet.HeaderTokenizer$Token
3831:             1             16  [Lorg.hibernate.engine.query.spi.OrdinalParameterDescriptor;
3832:             1             16  org.apache.catalina.startup.VersionLoggerListener
3833:             1             16  [Lcom.sun.activation.registries.MimeTypeFile;
3834:             1             16  com.skyline.action.ErrorAction$$EnhancerBySpringCGLIB$$8f4c614f$$FastClassBySpringCGLIB$$b6c6e337
3835:             1             16  java.util.regex.Pattern$Node
3836:             1             16  org.springframework.web.servlet.handler.ConversionServiceExposingInterceptor
3837:             1             16  com.sun.jmx.mbeanserver.MBeanInstantiator
3838:             1             16  java.util.regex.Pattern$4
3839:             1             16  com.mysql.jdbc.SingleByteCharsetConverter
3840:             1             16  com.sun.jmx.mbeanserver.DescriptorCache
3841:             1             16  sun.util.calendar.Gregorian
3842:             1             16  com.skyline.service.imple.SysServiceImple
3843:             1             16  ch.qos.logback.classic.spi.TurboFilterList
3844:             1             16  java.util.regex.Pattern$LastNode
3845:             2             16  org.hibernate.dialect.function.CastFunction
3846:             1             16  com.sun.proxy.$Proxy58
3847:             1             16  org.apache.xmlbeans.impl.piccolo.xml.UnicodeLittleXMLDecoder
3848:             1             16  com.skyline.action.ErrorAction$$FastClassBySpringCGLIB$$f8804d0c
3849:             1             16  java.security.AllPermissionCollection
3850:             1             16  com.sun.jmx.mbeanserver.SecureClassLoaderRepository
3851:             1             16  org.hibernate.internal.SessionFactoryImpl$1IntegratorObserver
3852:             1             16  org.hibernate.boot.registry.classloading.internal.ClassLoaderServiceImpl
3853:             1             16  [Lorg.aspectj.weaver.ast.Expr;
3854:             1             16  com.sun.jmx.remote.util.ClassLogger
3855:             1             16  [Lorg.aspectj.weaver.ast.Var;
3856:             1             16  org.hibernate.dialect.function.SQLFunctionRegistry
3857:             1             16  com.skyline.dao.imple.BaseRateDaoImple
3858:             1             16  com.skyline.action.ExcelTpAction$$EnhancerBySpringCGLIB$$b67555da$$FastClassBySpringCGLIB$$99848851
3859:             2             16  org.springframework.context.annotation.AnnotationBeanNameGenerator
3860:             1             16  com.sun.proxy.$Proxy63
3861:             1             16  com.sun.proxy.$Proxy68
3862:             1             16  org.aspectj.weaver.reflect.JoinPointMatchImpl
3863:             1             16  org.apache.tomcat.websocket.WsExtension
3864:             1             16  [Lorg.aspectj.weaver.Member;
3865:             1             16  java.security.Policy$UnsupportedEmptyCollection
3866:             1             16  sun.nio.cs.ThreadLocalCoders$1
3867:             1             16  org.springframework.beans.factory.config.RuntimeBeanNameReference
3868:             1             16  org.springframework.context.event.SourceFilteringListener
3869:             1             16  com.skyline.service.imple.CountryCodeServiceImple
3870:             2             16  sun.net.www.protocol.file.Handler
3871:             1             16  org.hibernate.sql.Alias
3872:             1             16  java.security.Policy$PolicyInfo
3873:             1             16  java.util.concurrent.TimeUnit$1
3874:             1             16  com.sun.proxy.$Proxy39
3875:             1             16  org.apache.catalina.valves.AbstractAccessLogValve$1
3876:             1             16  org.hibernate.dialect.unique.DefaultUniqueDelegate
3877:             1             16  org.hibernate.jdbc.Expectations$BasicExpectation
3878:             1             16  org.springframework.context.annotation.AnnotationScopeMetadataResolver
3879:             1             16  sun.util.locale.InternalLocaleBuilder$CaseInsensitiveChar
3880:             1             16  [Lch.qos.logback.classic.spi.ThrowableProxy;
3881:             1             16  org.hibernate.internal.SessionFactoryImpl$3
3882:             1             16  org.hibernate.internal.TypeLocatorImpl
3883:             1             16  sun.nio.cs.ThreadLocalCoders$2
3884:             1             16  org.apache.tomcat.util.http.LegacyCookieProcessor$1
3885:             1             16  com.sun.org.apache.xerces.internal.impl.Constants$ArrayEnumeration
3886:             2             16  com.skyline.util.IOhelp
3887:             1             16  org.springframework.web.servlet.FrameworkServlet$ContextRefreshListener
3888:             1             16  [[Lorg.aspectj.weaver.AnnotationAJ;
3889:             1             16  ch.qos.logback.classic.spi.TurboFilterList
3890:             1             16  org.apache.catalina.valves.AbstractAccessLogValve$2
3891:             1             16  org.hibernate.internal.util.collections.BoundedConcurrentHashMap$Eviction$1
3892:             1             16  javax.websocket.CloseReason
3893:             1             16  [Lorg.aspectj.bridge.IMessage;
3894:             1             16  org.hibernate.internal.util.collections.BoundedConcurrentHashMap$Eviction$2
3895:             2             16  org.springframework.web.method.annotation.RequestParamMapMethodArgumentResolver
3896:             1             16  [Lorg.aspectj.weaver.JoinPointSignature;
3897:             1             16  [Lorg.apache.xmlbeans.SchemaProperty;
3898:             1             16  com.skyline.dao.imple.CountryCodeDaoImple
3899:             2             16  org.springframework.web.context.support.WebApplicationContextUtils$RequestObjectFactory
3900:             1             16  org.hibernate.cfg.naming.LegacyHbmNamingStrategyDelegate
3901:             1             16  org.springframework.context.event.GenericApplicationListenerAdapter
3902:             1             16  org.springframework.util.ConcurrentReferenceHashMap$Entry
3903:             1             16  javax.imageio.spi.IIORegistry
3904:             1             16  org.hibernate.internal.util.collections.BoundedConcurrentHashMap$Eviction$3
3905:             1             16  org.hibernate.engine.config.internal.ConfigurationServiceImpl
3906:             1             16  sun.security.ssl.SunX509KeyManagerImpl
3907:             1             16  org.hibernate.jdbc.Expectations$BasicParamExpectation
3908:             2             16  org.springframework.web.context.support.WebApplicationContextUtils$ResponseObjectFactory
3909:             1             16  java.util.concurrent.TimeUnit$2
3910:             1             16  com.skyline.service.imple.LogServiceImple
3911:             1             16  [Ljava.lang.management.LockInfo;
3912:             1             16  org.hibernate.tuple.GenerationTiming$1
3913:             1             16  org.apache.poi.ss.formula.udf.AggregatingUDFFinder
3914:             1             16  sun.jdbc.odbc.JdbcOdbcTracer
3915:             1             16  com.skyline.action.ErrorAction$$EnhancerBySpringCGLIB$$aa009a6f$$FastClassBySpringCGLIB$$47b7eb05
3916:             1             16  [Ljava.lang.management.MonitorInfo;
3917:             1             16  org.hibernate.type.descriptor.java.SerializableTypeDescriptor$SerializableMutabilityPlan
3918:             1             16  sun.text.normalizer.NormalizerBase$Mode
3919:             1             16  com.mysql.jdbc.SingleByteCharsetConverter
3920:             1             16  org.hibernate.integrator.internal.IntegratorServiceImpl
3921:             1             16  sun.nio.ch.Util$1
3922:             1             16  sun.java2d.SurfaceData$PixelToShapeLoopConverter
3923:             1             16  org.hibernate.type.TypeFactory
3924:             1             16  org.hibernate.engine.jdbc.internal.LobCreatorBuilder
3925:             1             16  org.hibernate.event.internal.DefaultMergeEventListener
3926:             1             16  org.hibernate.cfg.naming.LegacyJpaNamingStrategyDelegate
3927:             1             16  org.hibernate.tuple.GenerationTiming$2
3928:             1             16  org.apache.poi.ss.formula.atp.WorkdayFunction
3929:             1             16  javassist.util.proxy.ProxyFactory$2
3930:             1             16  org.hibernate.internal.util.xml.MappingReader
3931:             1             16  org.hibernate.tuple.GenerationTiming$3
3932:             1             16  org.apache.poi.hssf.record.RecordFactory$ReflectionMethodRecordCreator
3933:             1             16  org.hibernate.hql.internal.ast.util.LiteralProcessor$DecimalLiteralFormat$1
3934:             1             16  [Lorg.aspectj.apache.bcel.classfile.annotation.ElementValue;
3935:             1             16  org.hibernate.jdbc.Expectations$BasicExpectation
3936:             1             16  com.sun.proxy.$Proxy71
3937:             1             16  org.hibernate.persister.internal.PersisterFactoryImpl
3938:             1             16  ch.qos.logback.classic.util.LogbackMDCAdapter
3939:             1             16  sun.text.normalizer.NormalizerBase$NFDMode
3940:             1             16  [Lorg.eclipse.jdt.internal.compiler.classfmt.ElementValuePairInfo;
3941:             1             16  [Lorg.aspectj.weaver.ReferenceType;
3942:             1             16  java.util.ResourceBundle$Control$CandidateListCache
3943:             1             16  org.hibernate.id.UUIDGenerator
3944:             1             16  org.hibernate.hql.internal.ast.util.LiteralProcessor$DecimalLiteralFormat$2
3945:             1             16  com.skyline.filter.PowersCheck
3946:             1             16  org.apache.catalina.core.AccessLogAdapter
3947:             1             16  javax.el.CompositeELResolver
3948:             1             16  org.hibernate.engine.jdbc.batch.internal.BatchBuilderImpl
3949:             1             16  [Lch.qos.logback.classic.spi.StackTraceElementProxy;
3950:             1             16  org.hibernate.cfg.EJB3DTDEntityResolver
3951:             1             16  com.sun.proxy.$Proxy69
3952:             2             16  org.springframework.web.context.support.WebApplicationContextUtils$SessionObjectFactory
3953:             2             16  org.springframework.web.servlet.mvc.method.annotation.PathVariableMapMethodArgumentResolver
3954:             1             16  org.dom4j.DocumentFactory
3955:             1             16  [Lorg.apache.catalina.AccessLog;
3956:             1             16  org.hibernate.internal.util.xml.XMLHelper
3957:             1             16  org.apache.commons.logging.impl.SLF4JLogFactory
3958:             1             16  com.zaxxer.hikari.HikariDataSource$MultiPoolKey
3959:             1             16  com.zaxxer.hikari.AbstractHikariConfig$1
3960:             1             16  org.springframework.aop.aspectj.autoproxy.AspectJPrecedenceComparator
3961:             1             16  [Lorg.springframework.web.context.request.async.CallableProcessingInterceptor;
3962:             1             16  com.sun.proxy.$Proxy59
3963:             1             16  [Lorg.springframework.web.context.request.async.DeferredResultProcessingInterceptor;
3964:             1             16  sun.text.normalizer.NormalizerBase$NFKDMode
3965:             1             16  [Ljavax.net.ssl.KeyManager;
3966:             1             16  com.zaxxer.hikari.pool.GlobalPoolLock$1
3967:             2             16  javax.servlet.jsp.el.ImplicitObjectELResolver
3968:             1             16  [Lorg.eclipse.jdt.internal.compiler.ast.TypeReference;
3969:             1             16  com.skyline.filter.SessionCheck
3970:             1             16  java.util.concurrent.TimeUnit$3
3971:             1             16  org.hibernate.engine.spi.IdentifierValue$1
3972:             1             16  [Lch.qos.logback.classic.spi.ThrowableProxy;
3973:             1             16  javax.crypto.spec.RC2ParameterSpec
3974:             1             16  org.springframework.format.number.NumberFormatter
3975:             1             16  [Ljavax.net.ssl.TrustManager;
3976:             2             16  org.springframework.beans.factory.support.CglibSubclassingInstantiationStrategy
3977:             1             16  org.apache.poi.ss.formula.atp.AnalysisToolPak
3978:             1             16  org.hibernate.jdbc.Expectations$BasicParamExpectation
3979:             1             16  [Lorg.aspectj.apache.bcel.classfile.annotation.AnnotationGen;
3980:             1             16  org.hibernate.event.service.internal.EventListenerRegistryImpl
3981:             1             16  [Lorg.apache.xmlbeans.SchemaIdentityConstraint;
3982:             1             16  org.springframework.web.bind.support.DefaultSessionAttributeStore
3983:             1             16  com.skyline.dao.imple.RateDaoImple
3984:             1             16  [[Lorg.aspectj.apache.bcel.classfile.annotation.AnnotationGen;
3985:             1             16  com.sun.proxy.$Proxy12
3986:             1             16  org.springframework.format.number.NumberFormatAnnotationFormatterFactory
3987:             1             16  sun.text.normalizer.NormalizerBase$NFCMode
3988:             2             16  org.springframework.web.method.annotation.RequestHeaderMapMethodArgumentResolver
3989:             1             16  org.apache.xmlbeans.impl.schema.SchemaTypeLoaderImpl$SchemaTypeLoaderCache$1
3990:             1             16  org.hibernate.engine.spi.IdentifierValue$2
3991:             1             16  org.springframework.aop.framework.adapter.DefaultAdvisorAdapterRegistry
3992:             1             16  com.sun.proxy.$Proxy64
3993:             1             16  com.sun.proxy.$Proxy55
3994:             2             16  org.springframework.web.context.support.WebApplicationContextUtils$WebRequestObjectFactory
3995:             1             16  java.util.Collections$EmptyList
3996:             1             16  [Lorg.apache.poi.hssf.record.NoteRecord;
3997:             1             16  org.hibernate.engine.jdbc.spi.SqlStatementLogger
3998:             1             16  [Lorg.aspectj.weaver.patterns.AnnotationTypePattern;
3999:             1             16  sun.management.ManagementFactoryHelper$PlatformLoggingImpl
4000:             1             16  org.hibernate.engine.jdbc.dialect.internal.DialectFactoryImpl
4001:             1             16  com.predisw.util.DateFormatUtil$1
4002:             1             16  org.hibernate.internal.util.xml.MappingReader
4003:             1             16  org.hibernate.engine.spi.IdentifierValue$3
4004:             1             16  java.util.concurrent.TimeUnit$4
4005:             1             16  [Lorg.aspectj.apache.bcel.classfile.CodeException;
4006:             1             16  org.apache.commons.logging.impl.SLF4JLogFactory
4007:             1             16  sun.text.normalizer.NormalizerBase$NFKCMode
4008:             2             16  org.springframework.web.servlet.mvc.method.annotation.MatrixVariableMapMethodArgumentResolver
4009:             1             16  sun.awt.image.PixelConverter
4010:             1             16  com.skyline.util.SingletonProps
4011:             1             16  org.hibernate.engine.spi.IdentifierValue$4
4012:             1             16  [Ljava.security.Provider;
4013:             1             16  ch.qos.logback.core.joran.spi.DefaultNestedComponentRegistry
4014:             1             16  [Lorg.springframework.http.MediaType;
4015:             1             16  java.util.Collections$EmptyMap
4016:             1             16  [Lorg.apache.poi.poifs.storage.DocumentBlock;
4017:             1             16  org.hibernate.engine.jdbc.dialect.internal.DialectResolverSet
4018:             1             16  sun.awt.image.PixelConverter$Xrgb
4019:             1             16  org.hibernate.internal.SessionFactoryObserverChain
4020:             2             16  com.sun.org.apache.xerces.internal.impl.dv.xs.QNameDV
4021:             1             16  org.springframework.aop.aspectj.autoproxy.AspectJPrecedenceComparator
4022:             2             16  org.hibernate.property.BasicPropertyAccessor
4023:             1             16  com.sun.proxy.$Proxy40
4024:             1             16  com.sun.proxy.$Proxy51
4025:             1             16  sun.misc.Launcher
4026:             1             16  org.hibernate.type.TypeFactory$TypeScopeImpl
4027:             1             16  org.hibernate.cfg.BaselineSessionEventsListenerBuilder
4028:             1             16  sun.awt.image.PixelConverter$Argb
4029:             1             16  javax.activation.MailcapCommandMap
4030:             1             16  org.apache.catalina.connector.CoyoteAdapter$1
4031:             1             16  com.sun.proxy.$Proxy65
4032:             1             16  java.util.concurrent.TimeUnit$5
4033:             1             16  sun.security.util.DisabledAlgorithmConstraints
4034:             1             16  com.skyline.dao.imple.BaseDaoImple
4035:             1             16  java.util.Collections$SynchronizedCollection
4036:             1             16  sun.net.www.protocol.http.Handler
4037:             1             16  org.apache.poi.hssf.usermodel.HSSFCellStyle$1
4038:             1             16  org.hibernate.exception.internal.SQLStateConversionDelegate
4039:             1             16  sun.awt.image.PixelConverter$ArgbPre
4040:             1             16  org.hibernate.cfg.HbmBinder$CollectionType$1
4041:             1             16  [Lch.qos.logback.classic.spi.StackTraceElementProxy;
4042:             1             16  [Ljava.beans.EventSetDescriptor;
4043:             1             16  sun.security.ssl.SSLAlgorithmConstraints$TLSDisabledAlgConstraints
4044:             1             16  sun.security.ssl.SupportedEllipticCurvesExtension
4045:             1             16  org.hibernate.internal.util.collections.BoundedConcurrentHashMap$Eviction$1
4046:             1             16  org.hibernate.cfg.Configuration$3
4047:             1             16  org.apache.xmlbeans.impl.schema.ClassLoaderResourceLoader
4048:             1             16  [Lorg.apache.poi.poifs.storage.SmallDocumentBlock;
4049:             1             16  org.apache.catalina.valves.AbstractAccessLogValve$HostElement
4050:             1             16  org.apache.tomcat.util.http.parser.MediaTypeCache
4051:             1             16  org.apache.catalina.core.ThreadLocalLeakPreventionListener
4052:             1             16  org.hibernate.service.internal.SessionFactoryServiceRegistryFactoryImpl
4053:             1             16  sun.awt.image.PixelConverter$Xbgr
4054:             1             16  com.sun.proxy.$Proxy60
4055:             1             16  org.springframework.aop.framework.adapter.DefaultAdvisorAdapterRegistry
4056:             1             16  org.hibernate.cfg.Configuration$ObjectNameNormalizerImpl
4057:             1             16  [Lorg.eclipse.jdt.internal.compiler.env.IBinaryAnnotation;
4058:             1             16  org.hibernate.cfg.HbmBinder$CollectionType$2
4059:             1             16  org.hibernate.collection.internal.AbstractPersistentCollection$IteratorProxy
4060:             1             16  org.hibernate.internal.util.collections.BoundedConcurrentHashMap$Eviction$2
4061:             1             16  com.skyline.aop.LogAop
4062:             1             16  [Lorg.eclipse.jdt.internal.compiler.lookup.TypeVariableBinding;
4063:             1             16  org.springframework.format.number.NumberFormatter
4064:             1             16  [Lorg.eclipse.jdt.internal.compiler.env.IBinaryTypeAnnotation;
4065:             1             16  [Lorg.eclipse.jdt.internal.compiler.lookup.AnnotationBinding;
4066:             2             16  org.springframework.expression.spel.support.StandardTypeComparator
4067:             1             16  sun.awt.image.PixelConverter$Rgba
4068:             1             16  java.util.concurrent.TimeUnit$6
4069:             1             16  org.springframework.validation.DefaultMessageCodesResolver$Format$1
4070:             1             16  org.hibernate.cfg.HbmBinder$CollectionType$3
4071:             1             16  com.skyline.dao.imple.LogDaoImple
4072:             1             16  org.hibernate.internal.util.collections.BoundedConcurrentHashMap$Eviction$3
4073:             2             16  org.springframework.web.servlet.mvc.method.annotation.ViewMethodReturnValueHandler
4074:             1             16  com.zaxxer.hikari.hibernate.HikariConnectionProvider
4075:             1             16  org.apache.xmlbeans.impl.store.CharUtil$1
4076:             1             16  org.apache.tomcat.util.descriptor.web.JspPropertyGroupDescriptorImpl
4077:             1             16  com.zaxxer.hikari.pool.HikariPool$HouseKeeper
4078:             1             16  listeners.ContextListener
4079:             1             16  com.sun.proxy.$Proxy56
4080:             1             16  org.apache.catalina.mbeans.GlobalResourcesLifecycleListener
4081:             1             16  org.springframework.validation.DefaultMessageCodesResolver$Format$2
4082:             1             16  org.hibernate.exception.internal.SQLStateConverter
4083:             1             16  sun.awt.image.PixelConverter$RgbaPre
4084:             1             16  org.hibernate.cfg.HbmBinder$CollectionType$4
4085:             1             16  org.springframework.web.method.support.CompositeUriComponentsContributor
4086:             1             16  [Ljava.lang.Throwable;
4087:             2             16  org.hibernate.property.DirectPropertyAccessor
4088:             1             16  com.skyline.dao.imple.CustomerDaoImple
4089:             1             16  sun.net.www.MimeTable
4090:             1             16  [Lorg.apache.xmlbeans.SchemaLocalAttribute;
4091:             1             16  org.hibernate.cfg.HbmBinder$CollectionType$5
4092:             1             16  org.springframework.web.servlet.handler.ConversionServiceExposingInterceptor
4093:             1             16  sun.awt.image.PixelConverter$Ushort565Rgb
4094:             1             16  org.hibernate.exception.internal.SQLStateConverter$1
4095:             1             16  [Lorg.eclipse.jdt.internal.compiler.lookup.ElementValuePair;
4096:             1             16  org.hibernate.dialect.function.StandardAnsiSqlAggregationFunctions$AvgFunction
4097:             1             16  sun.security.ssl.SupportedEllipticPointFormatsExtension
4098:             1             16  sun.security.ssl.SSLAlgorithmConstraints$X509DisabledAlgConstraints
4099:             2             16  org.springframework.expression.spel.support.StandardOperatorOverloader
4100:             1             16  org.hibernate.cfg.HbmBinder$CollectionType$6
4101:             2             16  sun.nio.ch.SocketDispatcher
4102:             2             16  org.springframework.web.context.support.WebApplicationContextUtils$RequestObjectFactory
4103:             1             16  sun.awt.image.PixelConverter$Ushort555Rgb
4104:             1             16  java.math.BigDecimal$StringBuilderHelper
4105:             2             16  org.hibernate.internal.util.collections.BoundedConcurrentHashMap$NullEvictionListener
4106:             1             16  javax.mail.internet.MimeMessage$RecipientType
4107:             1             16  listeners.SessionListener
4108:             1             16  org.apache.catalina.webresources.TomcatURLStreamHandlerFactory
4109:             1             16  com.skyline.dao.imple.SendRecordDaoImple
4110:             1             16  java.util.concurrent.TimeUnit$7
4111:             1             16  org.hibernate.cfg.HbmBinder$CollectionType$7
4112:             1             16  antlr.Token
4113:             1             16  [Lsun.misc.JavaSecurityProtectionDomainAccess$ProtectionDomainCache;
4114:             1             16  org.hibernate.hql.internal.HolderInstantiator
4115:             1             16  org.hibernate.engine.spi.IdentifierValue$1
4116:             1             16  org.apache.tomcat.util.descriptor.web.JspConfigDescriptorImpl
4117:             1             16  sun.awt.image.PixelConverter$Ushort555Rgbx
4118:             2             16  org.springframework.web.context.support.WebApplicationContextUtils$ResponseObjectFactory
4119:             1             16  [Lorg.eclipse.jdt.internal.compiler.env.IBinaryMethod;
4120:             1             16  [Lorg.eclipse.jdt.internal.compiler.ast.LocalDeclaration;
4121:             1             16  com.skyline.schedule.DoSchedule
4122:             1             16  org.apache.catalina.util.URLEncoder
4123:             1             16  com.sun.proxy.$Proxy66
4124:             1             16  org.hibernate.engine.jdbc.spi.SqlExceptionHelper$StandardWarningHandler
4125:             1             16  org.springframework.core.$Proxy53
4126:             1             16  java.security.ProtectionDomain$3$1
4127:             1             16  org.aspectj.weaver.reflect.JoinPointMatchImpl
4128:             1             16  sun.awt.image.PixelConverter$Ushort4444Argb
4129:             1             16  org.hibernate.engine.spi.IdentifierValue$2
4130:             1             16  org.springframework.web.servlet.mvc.method.annotation.AsyncTaskMethodReturnValueHandler
4131:             1             16  org.aspectj.apache.bcel.generic.Type$1
4132:             2             16  org.springframework.web.context.support.WebApplicationContextUtils$SessionObjectFactory
4133:             1             16  org.slf4j.helpers.SubstituteLoggerFactory
4134:             1             16  java.net.Inet6AddressImpl
4135:             1             16  org.aspectj.apache.bcel.generic.Type$2
4136:             1             16  com.skyline.service.imple.UserServiceImple
4137:             1             16  sun.awt.image.PixelConverter$ByteGray
4138:             1             16  [Lorg.apache.xmlbeans.XmlObject;
4139:             1             16  org.hibernate.engine.spi.IdentifierValue$3
4140:             2             16  org.springframework.context.expression.BeanExpressionContextAccessor
4141:             1              8  org.slf4j.helpers.NOPLoggerFactory
4142:             1              8  sun.reflect.GeneratedMethodAccessor293
4143:             1              8  sun.reflect.GeneratedMethodAccessor118
4144:             1              8  org.springframework.web.servlet.mvc.method.annotation.ListenableFutureReturnValueHandler
4145:             1              8  org.hibernate.engine.transaction.synchronization.internal.SynchronizationCallbackCoordinatorNonTrackingImpl$1
4146:             1              8  org.apache.catalina.valves.AbstractAccessLogValve$RequestElement
4147:             1              8  sun.reflect.GeneratedMethodAccessor672
4148:             1              8  com.sun.org.apache.xerces.internal.impl.dv.xs.AnyAtomicDV
4149:             1              8  com.sun.org.apache.xerces.internal.impl.dv.xs.DoubleDV
4150:             1              8  org.springframework.cglib.core.SpringNamingPolicy
4151:             1              8  sun.reflect.GeneratedMethodAccessor527
4152:             1              8  sun.reflect.GeneratedConstructorAccessor266
4153:             1              8  com.sun.org.apache.xerces.internal.impl.xs.util.XSObjectListImpl$1
4154:             1              8  org.hibernate.engine.query.spi.NativeQueryInterpreterInitiator
4155:             1              8  sun.reflect.GeneratedConstructorAccessor27
4156:             1              8  org.hibernate.event.internal.DefaultRefreshEventListener
4157:             1              8  sun.reflect.GeneratedConstructorAccessor36
4158:             1              8  sun.reflect.GeneratedMethodAccessor281
4159:             1              8  sun.reflect.GeneratedMethodAccessor741
4160:             1              8  sun.reflect.GeneratedMethodAccessor159
4161:             1              8  sun.reflect.GeneratedConstructorAccessor116
4162:             1              8  org.hibernate.internal.util.ValueHolder$1
4163:             1              8  sun.reflect.GeneratedMethodAccessor215
4164:             1              8  org.springframework.format.datetime.DateFormatterRegistrar$DateToCalendarConverter
4165:             1              8  org.hibernate.tool.hbm2ddl.ImportSqlCommandExtractorInitiator
4166:             1              8  sun.reflect.GeneratedMethodAccessor198
4167:             1              8  sun.reflect.GeneratedMethodAccessor294
4168:             1              8  java.awt.Toolkit$3
4169:             1              8  sun.reflect.GeneratedConstructorAccessor170
4170:             1              8  com.zaxxer.hikari.proxy.ClosedConnection$1
4171:             1              8  java.net.InetAddress$1
4172:             1              8  org.hibernate.engine.transaction.jta.platform.internal.StandardJtaPlatformResolver
4173:             1              8  org.apache.catalina.valves.AbstractAccessLogValve$HttpStatusCodeElement
4174:             1              8  org.hibernate.engine.transaction.synchronization.internal.SynchronizationCallbackCoordinatorNonTrackingImpl$2
4175:             1              8  sun.reflect.GeneratedMethodAccessor119
4176:             1              8  org.springframework.web.context.request.async.TimeoutCallableProcessingInterceptor
4177:             1              8  sun.reflect.GeneratedMethodAccessor673
4178:             1              8  org.hibernate.type.descriptor.java.JdbcDateTypeDescriptor$DateMutabilityPlan
4179:             1              8  org.hibernate.type.descriptor.sql.VarbinaryTypeDescriptor
4180:             1              8  sun.reflect.GeneratedConstructorAccessor267
4181:             1              8  sun.reflect.GeneratedMethodAccessor199
4182:             1              8  org.springframework.cglib.proxy.FixedValueGenerator
4183:             1              8  sun.reflect.GeneratedMethodAccessor661
4184:             1              8  sun.reflect.GeneratedMethodAccessor773
4185:             1              8  org.hibernate.cache.internal.NoCachingRegionFactory
4186:             1              8  java.security.cert.CertPathHelperImpl
4187:             1              8  sun.reflect.GeneratedMethodAccessor295
4188:             1              8  org.hibernate.type.descriptor.sql.BinaryTypeDescriptor
4189:             1              8  org.springframework.format.datetime.DateFormatterRegistrar$CalendarToDateConverter
4190:             1              8  sun.reflect.GeneratedMethodAccessor742
4191:             1              8  sun.reflect.GeneratedMethodAccessor160
4192:             1              8  sun.reflect.GeneratedConstructorAccessor117
4193:             1              8  sun.reflect.GeneratedMethodAccessor282
4194:             1              8  org.hibernate.engine.transaction.synchronization.internal.SynchronizationCallbackCoordinatorNonTrackingImpl$3
4195:             1              8  org.hibernate.engine.jdbc.connections.internal.MultiTenantConnectionProviderInitiator
4196:             1              8  sun.reflect.GeneratedMethodAccessor216
4197:             1              8  com.sun.org.apache.xerces.internal.impl.dv.xs.XSSimpleTypeDecl$1
4198:             1              8  org.apache.poi.ss.formula.atp.ArgumentsEvaluator
4199:             1              8  sun.reflect.GeneratedMethodAccessor52
4200:             1              8  org.apache.poi.ss.formula.functions.Dec2Bin
4201:             1              8  org.apache.jasper.compiler.ELInterpreterFactory$DefaultELInterpreter
4202:             1              8  org.hibernate.type.descriptor.java.ImmutableMutabilityPlan
4203:             1              8  sun.reflect.GeneratedMethodAccessor296
4204:             1              8  sun.reflect.GeneratedMethodAccessor120
4205:             1              8  org.hibernate.secure.internal.DisabledJaccServiceImpl
4206:             1              8  sun.reflect.GeneratedMethodAccessor674
4207:             1              8  org.hibernate.tool.hbm2ddl.SingleLineSqlCommandExtractor
4208:             1              8  org.hibernate.type.descriptor.sql.DoubleTypeDescriptor
4209:             1              8  org.hibernate.bytecode.instrumentation.spi.LazyPropertyInitializer$1
4210:             1              8  org.springframework.format.datetime.DateFormatterRegistrar$CalendarToLongConverter
4211:             1              8  sun.reflect.GeneratedConstructorAccessor46
4212:             1              8  org.hibernate.type.descriptor.sql.BigIntTypeDescriptor
4213:             1              8  sun.reflect.GeneratedMethodAccessor787
4214:             1              8  sun.reflect.GeneratedMethodAccessor382
4215:             1              8  org.hibernate.type.descriptor.sql.TimeTypeDescriptor
4216:             1              8  sun.awt.AppContext$GetAppContextLock
4217:             1              8  sun.reflect.GeneratedMethodAccessor743
4218:             1              8  sun.reflect.GeneratedConstructorAccessor118
4219:             1              8  sun.reflect.GeneratedMethodAccessor161
4220:             1              8  org.hibernate.cache.spi.entry.UnstructuredCacheEntry
4221:             1              8  sun.reflect.GeneratedMethodAccessor217
4222:             1              8  org.hibernate.type.descriptor.sql.LongVarcharTypeDescriptor
4223:             1              8  org.springframework.cglib.core.DefaultGeneratorStrategy
4224:             1              8  sun.reflect.GeneratedMethodAccessor283
4225:             1              8  sun.reflect.GeneratedMethodAccessor297
4226:             1              8  org.hibernate.event.service.internal.EventListenerServiceInitiator
4227:             1              8  sun.reflect.GeneratedMethodAccessor53
4228:             1              8  org.hibernate.internal.util.compare.ComparableComparator
4229:             1              8  org.hibernate.type.descriptor.sql.ClobTypeDescriptor$2
4230:             1              8  org.apache.poi.ss.formula.functions.Oct2Dec
4231:             1              8  org.springframework.web.servlet.mvc.SimpleControllerHandlerAdapter
4232:             1              8  org.aspectj.weaver.ResolvedType$MethodGetter
4233:             1              8  org.springframework.web.context.request.async.TimeoutDeferredResultProcessingInterceptor
4234:             1              8  java.util.Collections$ReverseComparator
4235:             1              8  com.sun.org.apache.xerces.internal.impl.dv.xs.XSSimpleTypeDecl$4
4236:             1              8  sun.reflect.GeneratedMethodAccessor86
4237:             1              8  sun.reflect.GeneratedMethodAccessor121
4238:             1              8  org.springframework.format.datetime.DateFormatterRegistrar$LongToDateConverter
4239:             1              8  org.hibernate.proxy.pojo.javassist.JavassistLazyInitializer$1
4240:             1              8  org.hibernate.dialect.Dialect$1
4241:             1              8  sun.reflect.GeneratedMethodAccessor675
4242:             1              8  sun.reflect.GeneratedConstructorAccessor28
4243:             1              8  sun.reflect.GeneratedMethodAccessor298
4244:             1              8  sun.reflect.GeneratedMethodAccessor856
4245:             1              8  sun.reflect.GeneratedMethodAccessor788
4246:             1              8  org.hibernate.type.descriptor.sql.ClobTypeDescriptor$3
4247:             1              8  org.slf4j.helpers.NOPLoggerFactory
4248:             1              8  sun.reflect.GeneratedMethodAccessor821
4249:             1              8  sun.reflect.GeneratedMethodAccessor744
4250:             1              8  sun.reflect.GeneratedConstructorAccessor119
4251:             1              8  sun.reflect.GeneratedMethodAccessor162
4252:             1              8  antlr.ASTNULLType
4253:             1              8  org.hibernate.transform.AliasToEntityMapResultTransformer
4254:             1              8  sun.reflect.GeneratedConstructorAccessor39
4255:             1              8  org.hibernate.type.descriptor.sql.BooleanTypeDescriptor
4256:             1              8  sun.reflect.GeneratedMethodAccessor218
4257:             1              8  org.hibernate.event.internal.DefaultReplicateEventListener
4258:             1              8  com.sun.org.apache.xerces.internal.impl.dv.dtd.StringDatatypeValidator
4259:             1              8  org.springframework.web.servlet.mvc.HttpRequestHandlerAdapter
4260:             1              8  sun.reflect.GeneratedMethodAccessor54
4261:             1              8  org.hibernate.engine.jndi.internal.JndiServiceInitiator
4262:             1              8  org.apache.poi.ss.formula.functions.Dec2Hex
4263:             1              8  org.hibernate.annotations.common.reflection.java.JavaMetadataProvider
4264:             1              8  sun.reflect.GeneratedMethodAccessor662
4265:             1              8  org.hibernate.type.descriptor.sql.ClobTypeDescriptor$4
4266:             1              8  sun.reflect.GeneratedMethodAccessor299
4267:             1              8  org.springframework.format.datetime.DateFormatterRegistrar$LongToCalendarConverter
4268:             1              8  org.apache.poi.ss.formula.functions.Quotient
4269:             1              8  sun.reflect.GeneratedMethodAccessor806
4270:             1              8  org.hibernate.engine.jdbc.dialect.internal.DialectResolverInitiator
4271:             1              8  org.aspectj.weaver.ResolvedType$MethodGetterIncludingItds
4272:             1              8  sun.reflect.GeneratedMethodAccessor122
4273:             1              8  org.hibernate.type.descriptor.sql.LongNVarcharTypeDescriptor
4274:             1              8  org.hibernate.property.BackrefPropertyAccessor$1
4275:             1              8  org.hibernate.type.descriptor.java.CalendarTypeDescriptor$CalendarMutabilityPlan
4276:             1              8  sun.reflect.GeneratedMethodAccessor676
4277:             1              8  org.hibernate.engine.transaction.jta.platform.internal.NoJtaPlatform
4278:             1              8  sun.reflect.GeneratedMethodAccessor822
4279:             1              8  com.sun.org.apache.xerces.internal.impl.dv.dtd.IDDatatypeValidator
4280:             1              8  org.hibernate.event.internal.DefaultFlushEntityEventListener
4281:             1              8  org.hibernate.dialect.Dialect$2
4282:             1              8  sun.reflect.GeneratedMethodAccessor254
4283:             1              8  sun.awt.AppContext$6
4284:             1              8  sun.reflect.GeneratedConstructorAccessor120
4285:             1              8  sun.reflect.GeneratedMethodAccessor745
4286:             1              8  sun.reflect.GeneratedMethodAccessor200
4287:             1              8  org.hibernate.id.IdentifierGeneratorHelper$1
4288:             1              8  sun.reflect.GeneratedMethodAccessor300
4289:             1              8  sun.reflect.GeneratedMethodAccessor163
4290:             1              8  org.hibernate.type.descriptor.sql.ClobTypeDescriptor$5
4291:             1              8  sun.reflect.GeneratedMethodAccessor219
4292:             1              8  org.hibernate.transform.RootEntityResultTransformer
4293:             1              8  sun.reflect.GeneratedMethodAccessor55
4294:             1              8  sun.reflect.GeneratedMethodAccessor807
4295:             1              8  org.hibernate.type.ForeignKeyDirection$1
4296:             1              8  sun.reflect.GeneratedMethodAccessor823
4297:             1              8  com.sun.org.apache.xerces.internal.impl.dv.dtd.IDREFDatatypeValidator
4298:             1              8  org.springframework.cglib.transform.impl.UndeclaredThrowableStrategy$1
4299:             1              8  sun.reflect.GeneratedConstructorAccessor4
4300:             1              8  org.aspectj.weaver.ResolvedType$PointcutGetter
4301:             1              8  org.apache.poi.ss.formula.atp.RandBetween
4302:             1              8  sun.reflect.GeneratedMethodAccessor255
4303:             1              8  org.hibernate.id.IdentifierGeneratorHelper$2
4304:             1              8  org.hibernate.event.internal.DefaultSaveEventListener
4305:             1              8  sun.reflect.GeneratedMethodAccessor123
4306:             1              8  sun.reflect.GeneratedMethodAccessor47
4307:             1              8  sun.reflect.GeneratedMethodAccessor677
4308:             1              8  sun.reflect.GeneratedMethodAccessor301
4309:             1              8  sun.java2d.UnixSurfaceManagerFactory
4310:             1              8  org.hibernate.jmx.internal.JmxServiceInitiator
4311:             1              8  sun.reflect.GeneratedMethodAccessor164
4312:             1              8  sun.nio.ch.ExtendedSocketOption$1
4313:             1              8  sun.reflect.GeneratedMethodAccessor774
4314:             1              8  sun.reflect.GeneratedMethodAccessor87
4315:             1              8  org.hibernate.engine.jdbc.dialect.internal.DialectFactoryInitiator
4316:             1              8  sun.reflect.GeneratedConstructorAccessor121
4317:             1              8  sun.reflect.GeneratedMethodAccessor746
4318:             1              8  sun.reflect.GeneratedMethodAccessor793
4319:             1              8  sun.reflect.GeneratedMethodAccessor824
4320:             1              8  org.hibernate.type.ForeignKeyDirection$2
4321:             1              8  sun.reflect.GeneratedMethodAccessor808
4322:             1              8  sun.reflect.GeneratedConstructorAccessor26
4323:             1              8  sun.reflect.GeneratedMethodAccessor220
4324:             1              8  sun.reflect.GeneratedMethodAccessor256
4325:             1              8  java.lang.String$CaseInsensitiveComparator
4326:             1              8  sun.reflect.GeneratedMethodAccessor56
4327:             1              8  sun.reflect.GeneratedMethodAccessor232
4328:             1              8  org.hibernate.stat.internal.StatisticsInitiator
4329:             1              8  ch.qos.logback.core.joran.spi.ConsoleTarget$1
4330:             1              8  org.aspectj.weaver.ResolvedType$FieldGetter
4331:             1              8  org.hibernate.transform.DistinctRootEntityResultTransformer
4332:             1              8  org.hibernate.dialect.Dialect$3
4333:             1              8  org.apache.poi.ss.formula.functions.Delta
4334:             1              8  org.springframework.cglib.core.DefaultNamingPolicy
4335:             1              8  sun.reflect.GeneratedMethodAccessor320
4336:             1              8  sun.reflect.GeneratedConstructorAccessor78
4337:             1              8  sun.reflect.GeneratedMethodAccessor124
4338:             1              8  org.hibernate.engine.query.internal.NativeQueryInterpreterStandardImpl
4339:             1              8  sun.reflect.GeneratedMethodAccessor825
4340:             1              8  sun.reflect.GeneratedMethodAccessor165
4341:             1              8  sun.net.DefaultProgressMeteringPolicy
4342:             1              8  sun.reflect.GeneratedMethodAccessor257
4343:             1              8  javax.xml.parsers.SecuritySupport
4344:             1              8  sun.nio.ch.Net$1
4345:             1              8  sun.reflect.GeneratedMethodAccessor88
4346:             1              8  sun.reflect.GeneratedConstructorAccessor254
4347:             1              8  sun.reflect.GeneratedConstructorAccessor122
4348:             1              8  sun.reflect.GeneratedMethodAccessor747
4349:             1              8  sun.reflect.GeneratedMethodAccessor233
4350:             1              8  org.hibernate.dialect.Dialect$4
4351:             1              8  sun.reflect.GeneratedMethodAccessor809
4352:             1              8  org.hibernate.hql.internal.ast.tree.FromClause$1
4353:             1              8  com.sun.org.apache.xerces.internal.impl.dv.dtd.NOTATIONDatatypeValidator
4354:             1              8  org.hibernate.type.PostgresUUIDType$PostgresUUIDSqlTypeDescriptor
4355:             1              8  sun.reflect.GeneratedMethodAccessor221
4356:             1              8  sun.reflect.GeneratedMethodAccessor775
4357:             1              8  ch.qos.logback.core.joran.spi.ConsoleTarget$2
4358:             1              8  sun.reflect.GeneratedMethodAccessor57
4359:             1              8  sun.reflect.GeneratedMethodAccessor663
4360:             1              8  org.hibernate.type.descriptor.sql.DecimalTypeDescriptor
4361:             1              8  sun.reflect.GeneratedConstructorAccessor238
4362:             1              8  org.hibernate.stat.internal.StatisticsInitiator$1
4363:             1              8  sun.reflect.GeneratedMethodAccessor258
4364:             1              8  org.springframework.http.converter.xml.SourceHttpMessageConverter$1
4365:             1              8  org.hibernate.type.descriptor.sql.NumericTypeDescriptor
4366:             1              8  sun.reflect.GeneratedMethodAccessor166
4367:             1              8  org.apache.poi.ss.formula.functions.Sumifs
4368:             1              8  org.hibernate.type.descriptor.sql.IntegerTypeDescriptor
4369:             1              8  org.apache.catalina.core.ApplicationFilterFactory
4370:             1              8  java.lang.invoke.MemberName$Factory
4371:             1              8  sun.reflect.GeneratedMethodAccessor826
4372:             1              8  sun.reflect.GeneratedConstructorAccessor79
4373:             1              8  org.hibernate.engine.jdbc.batch.internal.BatchBuilderInitiator
4374:             1              8  sun.reflect.GeneratedMethodAccessor125
4375:             1              8  org.hibernate.persister.entity.AbstractEntityPersister$NoopCacheEntryHelper
4376:             1              8  com.sun.org.apache.xerces.internal.impl.dv.dtd.NMTOKENDatatypeValidator
4377:             1              8  org.hibernate.persister.internal.PersisterClassResolverInitiator
4378:             1              8  org.hibernate.hql.internal.ast.tree.FromClause$2
4379:             1              8  org.hibernate.cache.spi.entry.UnstructuredCacheEntry
4380:             1              8  com.sun.jmx.mbeanserver.MBeanAnalyzer$MethodOrder
4381:             1              8  sun.reflect.GeneratedMethodAccessor89
4382:             1              8  org.hibernate.transform.PassThroughResultTransformer
4383:             1              8  sun.reflect.GeneratedConstructorAccessor123
4384:             1              8  sun.reflect.GeneratedMethodAccessor810
4385:             1              8  sun.reflect.GeneratedMethodAccessor748
4386:             1              8  sun.reflect.GeneratedConstructorAccessor176
4387:             1              8  sun.reflect.GeneratedMethodAccessor789
4388:             1              8  org.springframework.http.converter.xml.SourceHttpMessageConverter$2
4389:             1              8  org.hibernate.type.descriptor.sql.RealTypeDescriptor
4390:             1              8  sun.reflect.GeneratedMethodAccessor234
4391:             1              8  org.hibernate.type.descriptor.sql.BlobTypeDescriptor$2
4392:             1              8  sun.reflect.GeneratedMethodAccessor259
4393:             1              8  sun.reflect.GeneratedMethodAccessor222
4394:             1              8  sun.reflect.GeneratedMethodAccessor58
4395:             1              8  sun.reflect.GeneratedMethodAccessor776
4396:             1              8  org.hibernate.type.descriptor.sql.FloatTypeDescriptor
4397:             1              8  org.hibernate.type.ForeignKeyDirection$1
4398:             1              8  org.hibernate.hql.internal.ast.tree.FromClause$3
4399:             1              8  sun.reflect.GeneratedConstructorAccessor239
4400:             1              8  sun.reflect.GeneratedMethodAccessor167
4401:             1              8  org.springframework.aop.interceptor.ExposeInvocationInterceptor
4402:             1              8  sun.reflect.GeneratedConstructorAccessor80
4403:             1              8  sun.reflect.GeneratedMethodAccessor827
4404:             1              8  sun.reflect.GeneratedMethodAccessor126
4405:             1              8  sun.reflect.GeneratedMethodAccessor450
4406:             1              8  sun.java2d.pipe.NullPipe
4407:             1              8  org.hibernate.type.descriptor.java.JdbcTimeTypeDescriptor$TimeMutabilityPlan
4408:             1              8  sun.reflect.GeneratedMethodAccessor260
4409:             1              8  org.hibernate.type.descriptor.sql.BlobTypeDescriptor$3
4410:             1              8  sun.reflect.GeneratedMethodAccessor90
4411:             1              8  sun.reflect.GeneratedConstructorAccessor124
4412:             1              8  sun.reflect.GeneratedMethodAccessor749
4413:             1              8  sun.java2d.pipe.AlphaPaintPipe
4414:             1              8  org.hibernate.hql.internal.ast.tree.FromClause$4
4415:             1              8  org.apache.poi.ss.formula.functions.WeekNum
4416:             1              8  org.aspectj.util.FuzzyBoolean$YesFuzzyBoolean
4417:             1              8  org.springframework.web.util.HierarchicalUriComponents$1
4418:             1              8  org.hibernate.type.ForeignKeyDirection$2
4419:             1              8  sun.reflect.GeneratedMethodAccessor223
4420:             1              8  sun.reflect.GeneratedMethodAccessor168
4421:             1              8  sun.reflect.GeneratedMethodAccessor811
4422:             1              8  org.aspectj.bridge.IMessageHandler$1
4423:             1              8  org.apache.poi.xssf.util.CTColComparator$1
4424:             1              8  sun.reflect.GeneratedMethodAccessor777
4425:             1              8  sun.reflect.GeneratedMethodAccessor261
4426:             1              8  sun.reflect.GeneratedConstructorAccessor227
4427:             1              8  org.hibernate.type.descriptor.sql.BlobTypeDescriptor$4
4428:             1              8  sun.reflect.GeneratedConstructorAccessor182
4429:             1              8  org.hibernate.engine.jdbc.internal.JdbcServicesInitiator
4430:             1              8  org.springframework.beans.ExtendedBeanInfoFactory
4431:             1              8  org.apache.tomcat.util.net.jsse.JSSEImplementation
4432:             1              8  sun.reflect.GeneratedMethodAccessor828
4433:             1              8  sun.reflect.GeneratedMethodAccessor127
4434:             1              8  org.springframework.http.converter.xml.SourceHttpMessageConverter$1
4435:             1              8  com.sun.org.apache.xerces.internal.impl.dv.xs.DurationDV
4436:             1              8  sun.java2d.loops.GraphicsPrimitiveMgr$1
4437:             1              8  org.hibernate.persister.internal.PersisterFactoryInitiator
4438:             1              8  sun.reflect.GeneratedMethodAccessor91
4439:             1              8  sun.reflect.GeneratedConstructorAccessor125
4440:             1              8  sun.reflect.GeneratedMethodAccessor235
4441:             1              8  sun.reflect.GeneratedMethodAccessor750
4442:             1              8  org.apache.poi.ss.formula.functions.EDate
4443:             1              8  org.hibernate.type.descriptor.sql.TimestampTypeDescriptor
4444:             1              8  sun.reflect.GeneratedMethodAccessor684
4445:             1              8  sun.reflect.GeneratedMethodAccessor262
4446:             1              8  sun.reflect.GeneratedMethodAccessor812
4447:             1              8  sun.reflect.GeneratedMethodAccessor169
4448:             1              8  org.apache.poi.xssf.util.CTColComparator$2
4449:             1              8  org.hibernate.type.descriptor.sql.BlobTypeDescriptor$5
4450:             1              8  sun.reflect.GeneratedMethodAccessor778
4451:             1              8  sun.reflect.GeneratedMethodAccessor224
4452:             1              8  sun.reflect.GeneratedConstructorAccessor247
4453:             1              8  sun.reflect.GeneratedConstructorAccessor45
4454:             1              8  org.hibernate.dialect.function.CastFunction
4455:             1              8  org.springframework.http.converter.xml.SourceHttpMessageConverter$2
4456:             1              8  sun.java2d.loops.GraphicsPrimitiveMgr$2
4457:             1              8  org.aspectj.util.FuzzyBoolean$NoFuzzyBoolean
4458:             1              8  org.hibernate.bytecode.internal.javassist.BytecodeProviderImpl
4459:             1              8  sun.reflect.GeneratedMethodAccessor829
4460:             1              8  com.skyline.service.imple.PropsServiceImple
4461:             1              8  sun.reflect.GeneratedMethodAccessor790
4462:             1              8  org.hibernate.tuple.entity.EntityMetamodel$NoInMemoryValueGenerationStrategy
4463:             1              8  sun.reflect.GeneratedConstructorAccessor223
4464:             1              8  com.zaxxer.hikari.metrics.MetricsTracker$MetricsContext
4465:             1              8  org.apache.poi.hssf.record.aggregates.ColumnInfoRecordsAggregate$CIRComparator
4466:             1              8  com.skyline.util.SpringContextUtil
4467:             1              8  sun.reflect.GeneratedMethodAccessor666
4468:             1              8  sun.reflect.GeneratedConstructorAccessor244
4469:             1              8  org.hibernate.hql.spi.TemporaryTableBulkIdStrategy$3
4470:             1              8  sun.reflect.GeneratedMethodAccessor128
4471:             1              8  org.hibernate.annotations.common.util.StandardClassLoaderDelegateImpl
4472:             1              8  sun.reflect.GeneratedMethodAccessor263
4473:             1              8  org.hibernate.engine.spi.CascadeStyles$1
4474:             1              8  org.springframework.util.MimeType$SpecificityComparator
4475:             1              8  org.hibernate.type.descriptor.sql.VarcharTypeDescriptor
4476:             1              8  sun.reflect.GeneratedConstructorAccessor126
4477:             1              8  sun.reflect.GeneratedMethodAccessor92
4478:             1              8  sun.reflect.GeneratedConstructorAccessor83
4479:             1              8  org.springframework.aop.interceptor.ExposeInvocationInterceptor
4480:             1              8  sun.reflect.GeneratedMethodAccessor813
4481:             1              8  sun.reflect.GeneratedMethodAccessor751
4482:             1              8  sun.net.spi.DefaultProxySelector
4483:             1              8  sun.reflect.GeneratedConstructorAccessor253
4484:             1              8  org.hibernate.type.descriptor.sql.CharTypeDescriptor
4485:             1              8  org.springframework.expression.common.TemplateAwareExpressionParser$1
4486:             1              8  sun.reflect.GeneratedMethodAccessor170
4487:             1              8  org.apache.poi.ss.formula.functions.EOMonth
4488:             1              8  org.apache.poi.hssf.record.EOFRecord
4489:             1              8  sun.awt.X11.XToolkit$3
4490:             1              8  org.springframework.http.converter.xml.Jaxb2RootElementHttpMessageConverter$1
4491:             1              8  sun.reflect.GeneratedMethodAccessor284
4492:             1              8  org.apache.poi.util.NullLogger
4493:             1              8  org.hibernate.type.descriptor.java.ArrayMutabilityPlan
4494:             1              8  com.sun.jmx.interceptor.DefaultMBeanServerInterceptor$ResourceContext$1
4495:             1              8  sun.reflect.GeneratedMethodAccessor264
4496:             1              8  org.hibernate.tuple.entity.EntityMetamodel$NoInDatabaseValueGenerationStrategy
4497:             1              8  sun.security.provider.X509Factory
4498:             1              8  org.hibernate.engine.jdbc.cursor.internal.RefCursorSupportInitiator
4499:             1              8  sun.reflect.GeneratedMethodAccessor791
4500:             1              8  org.springframework.web.servlet.i18n.AcceptHeaderLocaleResolver
4501:             1              8  java.lang.CharacterData00
4502:             1              8  org.hibernate.engine.spi.CascadeStyles$2
4503:             1              8  sun.reflect.GeneratedMethodAccessor794
4504:             1              8  org.hibernate.hql.spi.TemporaryTableBulkIdStrategy
4505:             1              8  sun.security.rsa.RSAKeyFactory
4506:             1              8  sun.misc.Unsafe
4507:             1              8  sun.reflect.GeneratedMethodAccessor129
4508:             1              8  org.aspectj.util.FuzzyBoolean$MaybeFuzzyBoolean
4509:             1              8  sun.reflect.GeneratedMethodAccessor814
4510:             1              8  org.hibernate.engine.spi.CacheInitiator
4511:             1              8  javax.xml.stream.SecuritySupport
4512:             1              8  org.apache.poi.ss.formula.atp.YearFrac
4513:             1              8  org.springframework.http.MediaType$1
4514:             1              8  org.springframework.cglib.core.MethodInfoTransformer
4515:             1              8  sun.reflect.GeneratedConstructorAccessor127
4516:             1              8  org.hibernate.type.descriptor.java.ImmutableMutabilityPlan
4517:             1              8  sun.reflect.GeneratedMethodAccessor93
4518:             1              8  sun.reflect.GeneratedMethodAccessor302
4519:             1              8  sun.reflect.GeneratedMethodAccessor265
4520:             1              8  sun.reflect.GeneratedMethodAccessor752
4521:             1              8  sun.reflect.GeneratedMethodAccessor171
4522:             1              8  sun.reflect.GeneratedMethodAccessor830
4523:             1              8  sun.reflect.GeneratedMethodAccessor795
4524:             1              8  org.apache.xmlbeans.impl.values.XmlObjectBase$ValueOutOfRangeValidationContext
4525:             1              8  org.hibernate.hql.internal.ast.tree.DotNode$1
4526:             1              8  org.hibernate.engine.spi.CascadeStyles$3
4527:             1              8  sun.reflect.GeneratedMethodAccessor815
4528:             1              8  org.apache.catalina.filters.RequestDumperFilter
4529:             1              8  sun.reflect.GeneratedMethodAccessor792
4530:             1              8  sun.reflect.GeneratedMethodAccessor329
4531:             1              8  org.hibernate.engine.jdbc.spi.SqlExceptionHelper$1
4532:             1              8  org.hibernate.proxy.pojo.javassist.JavassistLazyInitializer$1
4533:             1              8  sun.reflect.GeneratedMethodAccessor201
4534:             1              8  org.apache.poi.ss.formula.functions.FactDouble
4535:             1              8  sun.reflect.GeneratedConstructorAccessor8
4536:             1              8  sun.reflect.GeneratedMethodAccessor130
4537:             1              8  sun.reflect.GeneratedMethodAccessor266
4538:             1              8  java.io.FileDescriptor$1
4539:             1              8  sun.reflect.GeneratedConstructorAccessor228
4540:             1              8  sun.reflect.GeneratedConstructorAccessor29
4541:             1              8  org.apache.el.lang.ELArithmetic$BigDecimalDelegate
4542:             1              8  org.springframework.http.MediaType$2
4543:             1              8  org.hibernate.internal.util.compare.ComparableComparator
4544:             1              8  sun.reflect.GeneratedMethodAccessor112
4545:             1              8  sun.reflect.GeneratedMethodAccessor796
4546:             1              8  sun.reflect.GeneratedMethodAccessor831
4547:             1              8  sun.reflect.GeneratedConstructorAccessor128
4548:             1              8  sun.reflect.GeneratedMethodAccessor303
4549:             1              8  sun.reflect.GeneratedMethodAccessor94
4550:             1              8  org.springframework.cglib.core.KeyFactory$1
4551:             1              8  org.apache.poi.ss.formula.functions.Countifs
4552:             1              8  sun.reflect.GeneratedConstructorAccessor245
4553:             1              8  sun.reflect.GeneratedMethodAccessor753
4554:             1              8  org.hibernate.engine.spi.CascadeStyles$4
4555:             1              8  sun.reflect.GeneratedMethodAccessor816
4556:             1              8  org.aspectj.util.FuzzyBoolean$NeverFuzzyBoolean
4557:             1              8  sun.reflect.GeneratedConstructorAccessor6
4558:             1              8  sun.reflect.GeneratedMethodAccessor330
4559:             1              8  sun.reflect.GeneratedMethodAccessor172
4560:             1              8  sun.reflect.GeneratedMethodAccessor46
4561:             1              8  sun.reflect.GeneratedConstructorAccessor57
4562:             1              8  org.hibernate.type.descriptor.sql.DoubleTypeDescriptor
4563:             1              8  sun.reflect.GeneratedMethodAccessor267
4564:             1              8  org.apache.catalina.connector.Request$1
4565:             1              8  org.eclipse.jdt.internal.compiler.lookup.ReferenceBinding$2
4566:             1              8  org.hibernate.id.factory.internal.MutableIdentifierGeneratorFactoryInitiator
4567:             1              8  sun.reflect.GeneratedMethodAccessor113
4568:             1              8  sun.reflect.GeneratedMethodAccessor797
4569:             1              8  sun.net.www.protocol.jar.JarFileFactory
4570:             1              8  sun.reflect.GeneratedMethodAccessor832
4571:             1              8  org.springframework.format.datetime.DateFormatterRegistrar$DateToLongConverter
4572:             1              8  org.springframework.cglib.core.KeyFactory$2
4573:             1              8  org.hibernate.persister.entity.AbstractEntityPersister$NoopCacheEntryHelper
4574:             1              8  sun.reflect.GeneratedMethodAccessor131
4575:             1              8  sun.reflect.generics.tree.BottomSignature
4576:             1              8  sun.reflect.GeneratedMethodAccessor817
4577:             1              8  org.hibernate.engine.spi.CascadeStyles$5
4578:             1              8  org.springframework.aop.TrueClassFilter
4579:             1              8  sun.reflect.GeneratedMethodAccessor331
4580:             1              8  sun.java2d.pipe.LoopPipe
4581:             1              8  sun.reflect.GeneratedMethodAccessor241
4582:             1              8  org.apache.poi.ss.formula.functions.Hex2Dec
4583:             1              8  org.hibernate.type.descriptor.java.ClobTypeDescriptor$ClobMutabilityPlan
4584:             1              8  org.dom4j.tree.NamespaceCache
4585:             1              8  sun.reflect.GeneratedConstructorAccessor129
4586:             1              8  sun.reflect.GeneratedMethodAccessor268
4587:             1              8  sun.reflect.GeneratedMethodAccessor95
4588:             1              8  sun.reflect.GeneratedMethodAccessor304
4589:             1              8  sun.reflect.GeneratedMethodAccessor710
4590:             1              8  sun.reflect.GeneratedMethodAccessor754
4591:             1              8  sun.reflect.GeneratedMethodAccessor173
4592:             1              8  sun.reflect.GeneratedMethodAccessor779
4593:             1              8  org.hibernate.engine.jdbc.connections.internal.ConnectionProviderInitiator
4594:             1              8  sun.java2d.pipe.GeneralCompositePipe
4595:             1              8  org.hibernate.type.descriptor.java.JdbcTimestampTypeDescriptor$TimestampMutabilityPlan
4596:             1              8  sun.reflect.GeneratedMethodAccessor114
4597:             1              8  sun.reflect.GeneratedMethodAccessor798
4598:             1              8  sun.reflect.GeneratedConstructorAccessor58
4599:             1              8  org.apache.catalina.connector.Request$2
4600:             1              8  org.hibernate.engine.query.spi.NativeQueryInterpreterInitiator
4601:             1              8  sun.reflect.GeneratedMethodAccessor833
4602:             1              8  org.eclipse.jdt.internal.compiler.lookup.ReferenceBinding$3
4603:             1              8  sun.reflect.GeneratedMethodAccessor818
4604:             1              8  org.apache.jasper.el.ELContextImpl$1
4605:             1              8  org.apache.el.lang.ELArithmetic$DoubleDelegate
4606:             1              8  org.hibernate.engine.spi.CascadeStyles$6
4607:             1              8  sun.reflect.GeneratedMethodAccessor332
4608:             1              8  java.awt.Image$1
4609:             1              8  sun.reflect.GeneratedMethodAccessor245
4610:             1              8  org.springframework.format.datetime.DateFormatterRegistrar$DateToCalendarConverter
4611:             1              8  sun.reflect.generics.tree.BooleanSignature
4612:             1              8  sun.reflect.GeneratedMethodAccessor269
4613:             1              8  org.hibernate.engine.transaction.jta.platform.internal.JtaPlatformResolverInitiator
4614:             1              8  org.hibernate.engine.jdbc.internal.BasicFormatterImpl
4615:             1              8  sun.reflect.GeneratedMethodAccessor132
4616:             1              8  java.util.concurrent.ThreadPoolExecutor$CallerRunsPolicy
4617:             1              8  sun.reflect.GeneratedMethodAccessor799
4618:             1              8  sun.reflect.GeneratedMethodAccessor834
4619:             1              8  org.apache.poi.ss.formula.atp.IfError
4620:             1              8  sun.reflect.GeneratedConstructorAccessor130
4621:             1              8  sun.reflect.GeneratedMethodAccessor96
4622:             1              8  sun.reflect.GeneratedMethodAccessor819
4623:             1              8  org.apache.catalina.connector.Request$3
4624:             1              8  sun.reflect.GeneratedMethodAccessor305
4625:             1              8  sun.reflect.GeneratedMethodAccessor711
4626:             1              8  org.springframework.beans.ExtendedBeanInfoFactory
4627:             1              8  sun.reflect.GeneratedMethodAccessor755
4628:             1              8  sun.reflect.GeneratedMethodAccessor333
4629:             1              8  sun.reflect.GeneratedConstructorAccessor32
4630:             1              8  sun.reflect.GeneratedMethodAccessor780
4631:             1              8  org.hibernate.engine.spi.CascadeStyles$7
4632:             1              8  sun.reflect.GeneratedMethodAccessor246
4633:             1              8  sun.reflect.GeneratedMethodAccessor270
4634:             1              8  org.hibernate.bytecode.instrumentation.spi.LazyPropertyInitializer$1
4635:             1              8  org.hibernate.event.internal.DefaultLoadEventListener
4636:             1              8  org.springframework.format.datetime.DateFormatterRegistrar$CalendarToDateConverter
4637:             1              8  sun.reflect.GeneratedMethodAccessor800
4638:             1              8  sun.reflect.GeneratedMethodAccessor174
4639:             1              8  sun.reflect.GeneratedMethodAccessor668
4640:             1              8  sun.reflect.GeneratedMethodAccessor133
4641:             1              8  org.springframework.aop.TrueMethodMatcher
4642:             1              8  sun.reflect.GeneratedMethodAccessor835
4643:             1              8  org.apache.catalina.connector.Request$4
4644:             1              8  sun.reflect.GeneratedMethodAccessor247
4645:             1              8  org.hibernate.engine.spi.CascadeStyles$8
4646:             1              8  sun.reflect.GeneratedMethodAccessor384
4647:             1              8  org.apache.el.lang.ELArithmetic$BigIntegerDelegate
4648:             1              8  sun.reflect.GeneratedConstructorAccessor260
4649:             1              8  sun.reflect.GeneratedMethodAccessor271
4650:             1              8  sun.reflect.GeneratedConstructorAccessor131
4651:             1              8  org.hibernate.secure.spi.JaccIntegrator$1
4652:             1              8  org.springframework.cglib.core.SpringNamingPolicy
4653:             1              8  sun.reflect.GeneratedMethodAccessor97
4654:             1              8  javax.xml.transform.SecuritySupport
4655:             1              8  sun.reflect.GeneratedMethodAccessor306
4656:             1              8  sun.reflect.GeneratedMethodAccessor712
4657:             1              8  com.sun.org.apache.xerces.internal.jaxp.datatype.DatatypeFactoryImpl
4658:             1              8  org.eclipse.jdt.internal.compiler.lookup.Scope$Substitutor
4659:             1              8  sun.reflect.GeneratedMethodAccessor756
4660:             1              8  sun.reflect.GeneratedMethodAccessor342
4661:             1              8  sun.reflect.GeneratedMethodAccessor334
4662:             1              8  org.hibernate.engine.transaction.jta.platform.internal.JtaPlatformInitiator
4663:             1              8  org.springframework.format.datetime.DateFormatterRegistrar$CalendarToLongConverter
4664:             1              8  sun.reflect.GeneratedMethodAccessor42
4665:             1              8  org.springframework.web.method.annotation.RequestHeaderMapMethodArgumentResolver
4666:             1              8  org.apache.poi.hssf.record.InterfaceEndRecord
4667:             1              8  sun.reflect.GeneratedConstructorAccessor16
4668:             1              8  sun.reflect.GeneratedMethodAccessor248
4669:             1              8  org.hibernate.engine.spi.CascadeStyles$9
4670:             1              8  sun.reflect.GeneratedMethodAccessor272
4671:             1              8  org.apache.catalina.connector.Request$5
4672:             1              8  org.apache.poi.ss.formula.functions.Imaginary
4673:             1              8  org.springframework.web.method.annotation.ExceptionHandlerMethodResolver$1
4674:             1              8  sun.reflect.GeneratedMethodAccessor385
4675:             1              8  sun.reflect.GeneratedMethodAccessor134
4676:             1              8  org.aspectj.weaver.SourceContextImpl$1
4677:             1              8  org.hibernate.engine.jdbc.internal.DDLFormatterImpl
4678:             1              8  sun.reflect.GeneratedConstructorAccessor177
4679:             1              8  sun.reflect.GeneratedConstructorAccessor171
4680:             1              8  sun.reflect.GeneratedConstructorAccessor261
4681:             1              8  org.hibernate.type.descriptor.sql.TinyIntTypeDescriptor
4682:             1              8  org.aspectj.weaver.ResolvedType$MethodGetter
4683:             1              8  sun.reflect.GeneratedConstructorAccessor132
4684:             1              8  java.util.concurrent.ThreadPoolExecutor$AbortPolicy
4685:             1              8  sun.reflect.GeneratedMethodAccessor335
4686:             1              8  sun.reflect.GeneratedMethodAccessor98
4687:             1              8  org.aspectj.weaver.SourceContextImpl$1
4688:             1              8  sun.reflect.GeneratedMethodAccessor713
4689:             1              8  org.hibernate.type.descriptor.sql.NClobTypeDescriptor$2
4690:             1              8  sun.reflect.GeneratedMethodAccessor249
4691:             1              8  sun.reflect.GeneratedMethodAccessor801
4692:             1              8  sun.reflect.GeneratedMethodAccessor757
4693:             1              8  org.springframework.web.context.request.async.TimeoutCallableProcessingInterceptor
4694:             1              8  org.springframework.format.datetime.DateFormatterRegistrar$LongToDateConverter
4695:             1              8  sun.reflect.GeneratedMethodAccessor343
4696:             1              8  org.hibernate.type.descriptor.sql.IntegerTypeDescriptor
4697:             1              8  sun.reflect.GeneratedMethodAccessor307
4698:             1              8  org.apache.poi.hssf.record.cont.ContinuableRecordOutput$1
4699:             1              8  sun.reflect.GeneratedMethodAccessor273
4700:             1              8  org.hibernate.engine.spi.CascadeStyles$10
4701:             1              8  org.hibernate.property.BackrefPropertyAccessor$1
4702:             1              8  org.hibernate.internal.util.xml.DTDEntityResolver
4703:             1              8  org.apache.el.lang.ELArithmetic$LongDelegate
4704:             1              8  org.apache.catalina.connector.Request$6
4705:             1              8  org.hibernate.event.internal.DefaultAutoFlushEventListener
4706:             1              8  org.aspectj.bridge.IMessage$Kind$1
4707:             1              8  sun.reflect.GeneratedConstructorAccessor219
4708:             1              8  org.hibernate.engine.transaction.internal.TransactionFactoryInitiator
4709:             1              8  org.hibernate.type.descriptor.sql.LongVarbinaryTypeDescriptor
4710:             1              8  org.hibernate.engine.jdbc.internal.FormatStyle$NoFormatImpl
4711:             1              8  org.hibernate.type.descriptor.sql.NClobTypeDescriptor$3
4712:             1              8  org.springframework.cglib.proxy.NoOp$1
4713:             1              8  ch.qos.logback.core.joran.util.ConfigurationWatchListUtil
4714:             1              8  sun.reflect.GeneratedMethodAccessor135
4715:             1              8  sun.reflect.GeneratedMethodAccessor336
4716:             1              8  sun.reflect.GeneratedMethodAccessor274
4717:             1              8  sun.reflect.GeneratedConstructorAccessor262
4718:             1              8  org.hibernate.engine.query.internal.NativeQueryInterpreterStandardImpl
4719:             1              8  java.awt.image.DataBuffer$1
4720:             1              8  antlr.ASTNULLType
4721:             1              8  sun.reflect.GeneratedConstructorAccessor133
4722:             1              8  org.hibernate.type.descriptor.sql.DecimalTypeDescriptor
4723:             1              8  org.springframework.format.datetime.DateFormatterRegistrar$LongToCalendarConverter
4724:             1              8  org.aspectj.weaver.ResolvedType$MethodGetterIncludingItds
4725:             1              8  sun.reflect.GeneratedMethodAccessor714
4726:             1              8  org.apache.catalina.connector.Request$7
4727:             1              8  org.hibernate.engine.spi.CascadeStyles$11
4728:             1              8  org.hibernate.type.descriptor.sql.NumericTypeDescriptor
4729:             1              8  sun.reflect.GeneratedMethodAccessor308
4730:             1              8  org.hibernate.type.descriptor.sql.NClobTypeDescriptor$4
4731:             1              8  org.apache.poi.ss.formula.functions.ImReal
4732:             1              8  sun.misc.Perf
4733:             1              8  sun.reflect.GeneratedMethodAccessor631
4734:             1              8  org.hibernate.service.internal.SessionFactoryServiceRegistryFactoryInitiator
4735:             1              8  org.springframework.cglib.core.DefaultGeneratorStrategy
4736:             1              8  sun.reflect.GeneratedMethodAccessor275
4737:             1              8  sun.reflect.GeneratedMethodAccessor394
4738:             1              8  sun.reflect.GeneratedMethodAccessor781
4739:             1              8  sun.reflect.GeneratedMethodAccessor136
4740:             1              8  org.springframework.cglib.proxy.NoOpGenerator
4741:             1              8  sun.reflect.GeneratedMethodAccessor476
4742:             1              8  org.hibernate.engine.spi.CascadeStyles$12
4743:             1              8  com.mysql.jdbc.Util
4744:             1              8  sun.reflect.GeneratedConstructorAccessor263
4745:             1              8  sun.reflect.GeneratedMethodAccessor337
4746:             1              8  com.sun.org.apache.xerces.internal.impl.xs.util.XIntPool
4747:             1              8  sun.reflect.GeneratedMethodAccessor43
4748:             1              8  org.springframework.web.context.request.async.TimeoutDeferredResultProcessingInterceptor
4749:             1              8  org.apache.catalina.connector.Request$8
4750:             1              8  sun.reflect.GeneratedConstructorAccessor134
4751:             1              8  org.aspectj.weaver.ResolvedType$PointcutGetter
4752:             1              8  sun.reflect.GeneratedMethodAccessor664
4753:             1              8  java.lang.ApplicationShutdownHooks$1
4754:             1              8  sun.reflect.GeneratedMethodAccessor715
4755:             1              8  org.hibernate.event.internal.DefaultResolveNaturalIdEventListener
4756:             1              8  sun.reflect.GeneratedMethodAccessor309
4757:             1              8  sun.reflect.generics.tree.IntSignature
4758:             1              8  org.apache.poi.ss.formula.functions.Bin2Dec
4759:             1              8  sun.reflect.GeneratedMethodAccessor632
4760:             1              8  org.hibernate.type.descriptor.java.BlobTypeDescriptor$BlobMutabilityPlan
4761:             1              8  org.apache.naming.NameParserImpl
4762:             1              8  sun.reflect.GeneratedMethodAccessor782
4763:             1              8  sun.reflect.GeneratedConstructorAccessor90
4764:             1              8  sun.reflect.GeneratedConstructorAccessor66
4765:             1              8  org.apache.catalina.connector.Request$9
4766:             1              8  sun.reflect.GeneratedMethodAccessor137
4767:             1              8  sun.reflect.GeneratedMethodAccessor477
4768:             1              8  sun.reflect.GeneratedConstructorAccessor264
4769:             1              8  org.aspectj.weaver.ResolvedType$FieldGetter
4770:             1              8  sun.reflect.GeneratedConstructorAccessor135
4771:             1              8  org.hibernate.engine.spi.CascadeStyles$1
4772:             1              8  sun.reflect.GeneratedMethodAccessor276
4773:             1              8  sun.reflect.GeneratedMethodAccessor716
4774:             1              8  org.hibernate.EmptyInterceptor
4775:             1              8  sun.java2d.pipe.DrawImage
4776:             1              8  org.hibernate.cache.internal.RegionFactoryInitiator
4777:             1              8  org.hibernate.tuple.entity.EntityMetamodel$NoInMemoryValueGenerationStrategy
4778:             1              8  sun.reflect.GeneratedMethodAccessor310
4779:             1              8  sun.reflect.GeneratedMethodAccessor633
4780:             1              8  sun.reflect.GeneratedMethodAccessor339
4781:             1              8  org.springframework.web.util.HierarchicalUriComponents$1
4782:             1              8  org.hibernate.type.descriptor.sql.VarcharTypeDescriptor
4783:             1              8  sun.reflect.GeneratedMethodAccessor783
4784:             1              8  sun.reflect.GeneratedConstructorAccessor67
4785:             1              8  sun.reflect.GeneratedConstructorAccessor91
4786:             1              8  org.apache.poi.ss.formula.atp.MRound
4787:             1              8  org.hibernate.type.descriptor.sql.CharTypeDescriptor
4788:             1              8  org.hibernate.engine.spi.CascadeStyles$2
4789:             1              8  sun.reflect.GeneratedMethodAccessor277
4790:             1              8  sun.reflect.GeneratedMethodAccessor138
4791:             1              8  org.springframework.cglib.transform.impl.UndeclaredThrowableStrategy$1
4792:             1              8  sun.dc.DuctusRenderingEngine
4793:             1              8  sun.reflect.GeneratedConstructorAccessor9
4794:             1              8  sun.reflect.GeneratedConstructorAccessor190
4795:             1              8  sun.reflect.GeneratedConstructorAccessor136
4796:             1              8  sun.reflect.GeneratedMethodAccessor728
4797:             1              8  org.slf4j.impl.StaticMDCBinder
4798:             1              8  org.hibernate.tuple.entity.EntityMetamodel$NoInDatabaseValueGenerationStrategy
4799:             1              8  org.hibernate.engine.config.internal.ConfigurationServiceInitiator
4800:             1              8  sun.reflect.GeneratedMethodAccessor340
4801:             1              8  sun.reflect.GeneratedMethodAccessor311
4802:             1              8  sun.reflect.GeneratedConstructorAccessor268
4803:             1              8  sun.reflect.GeneratedMethodAccessor634
4804:             1              8  org.hibernate.event.internal.DefaultInitializeCollectionEventListener
4805:             1              8  org.apache.poi.hssf.record.BoundSheetRecord$1
4806:             1              8  org.hibernate.engine.spi.CascadeStyles$3
4807:             1              8  sun.reflect.GeneratedMethodAccessor321
4808:             1              8  org.hibernate.type.descriptor.sql.NVarcharTypeDescriptor
4809:             1              8  org.springframework.web.servlet.mvc.SimpleControllerHandlerAdapter
4810:             1              8  sun.reflect.GeneratedMethodAccessor784
4811:             1              8  sun.reflect.GeneratedMethodAccessor344
4812:             1              8  sun.reflect.GeneratedMethodAccessor729
4813:             1              8  org.hibernate.engine.jdbc.dialect.internal.StandardDialectResolver
4814:             1              8  com.sun.jmx.mbeanserver.DefaultMXBeanMappingFactory
4815:             1              8  sun.reflect.GeneratedMethodAccessor139
4816:             1              8  sun.reflect.GeneratedConstructorAccessor54
4817:             1              8  org.springframework.cglib.core.DefaultNamingPolicy
4818:             1              8  java.util.Collections$EmptyEnumeration
4819:             1              8  sun.reflect.GeneratedConstructorAccessor191
4820:             1              8  javax.management.NotificationBroadcasterSupport$1
4821:             1              8  sun.reflect.GeneratedConstructorAccessor137
4822:             1              8  java.lang.CharacterDataLatin1
4823:             1              8  javassist.util.proxy.ProxyFactory$1
4824:             1              8  sun.reflect.GeneratedMethodAccessor552
4825:             1              8  org.hibernate.engine.spi.CascadeStyles$4
4826:             1              8  com.sun.org.apache.xerces.internal.impl.xs.XSConstraints$1
4827:             1              8  sun.reflect.GeneratedMethodAccessor312
4828:             1              8  sun.reflect.GeneratedConstructorAccessor92
4829:             1              8  sun.reflect.GeneratedMethodAccessor635
4830:             1              8  org.springframework.web.servlet.mvc.HttpRequestHandlerAdapter
4831:             1              8  sun.reflect.GeneratedMethodAccessor730
4832:             1              8  org.springframework.core.OrderComparator
4833:             1              8  sun.reflect.GeneratedMethodAccessor286
4834:             1              8  org.hibernate.id.uuid.StandardRandomStrategy
4835:             1              8  org.apache.catalina.core.StandardContext$1
4836:             1              8  org.hibernate.property.MapAccessor
4837:             1              8  org.springframework.cglib.proxy.MethodInterceptorGenerator
4838:             1              8  sun.awt.image.ImageWatched$Link
4839:             1              8  sun.reflect.GeneratedMethodAccessor345
4840:             1              8  sun.java2d.pipe.OutlineTextRenderer
4841:             1              8  org.springframework.core.annotation.AnnotationAwareOrderComparator
4842:             1              8  org.apache.tomcat.util.buf.MessageBytes$MessageBytesFactory
4843:             1              8  org.aspectj.util.FuzzyBoolean$YesFuzzyBoolean
4844:             1              8  com.sun.org.apache.xerces.internal.impl.dv.xs.DateTimeDV
4845:             1              8  sun.reflect.GeneratedConstructorAccessor169
4846:             1              8  org.hibernate.engine.spi.CascadeStyles$5
4847:             1              8  sun.reflect.GeneratedMethodAccessor140
4848:             1              8  org.apache.poi.ss.formula.functions.Complex
4849:             1              8  sun.reflect.GeneratedConstructorAccessor138
4850:             1              8  org.hibernate.type.descriptor.sql.VarbinaryTypeDescriptor
4851:             1              8  sun.reflect.GeneratedMethodAccessor553
4852:             1              8  org.springframework.web.method.annotation.ExceptionHandlerMethodResolver$1
4853:             1              8  org.hibernate.property.NoopAccessor
4854:             1              8  sun.reflect.GeneratedConstructorAccessor93
4855:             1              8  org.hibernate.event.internal.DefaultLockEventListener
4856:             1              8  org.hibernate.persister.internal.StandardPersisterClassResolver
4857:             1              8  org.hibernate.type.descriptor.sql.BinaryTypeDescriptor
4858:             1              8  sun.reflect.GeneratedMethodAccessor347
4859:             1              8  org.hibernate.tool.hbm2ddl.ImportSqlCommandExtractorInitiator
4860:             1              8  org.apache.poi.ss.formula.atp.ArgumentsEvaluator
4861:             1              8  org.hibernate.type.descriptor.java.UUIDTypeDescriptor$ToStringTransformer
4862:             1              8  org.hibernate.type.descriptor.sql.ClobTypeDescriptor$2
4863:             1              8  sun.reflect.GeneratedMethodAccessor66
4864:             1              8  sun.reflect.GeneratedConstructorAccessor68
4865:             1              8  sun.reflect.GeneratedMethodAccessor731
4866:             1              8  org.hibernate.engine.spi.CascadeStyles$6
4867:             1              8  javassist.util.proxy.ProxyFactory$3
4868:             1              8  javax.management.JMX
4869:             1              8  sun.reflect.GeneratedConstructorAccessor64
4870:             1              8  org.hibernate.loader.collection.plan.LegacyBatchingCollectionInitializerBuilder
4871:             1              8  sun.reflect.GeneratedMethodAccessor141
4872:             1              8  org.hibernate.type.descriptor.sql.NCharTypeDescriptor
4873:             1              8  org.aspectj.util.FuzzyBoolean$NoFuzzyBoolean
4874:             1              8  sun.reflect.GeneratedMethodAccessor348
4875:             1              8  org.hibernate.property.EmbeddedPropertyAccessor
4876:             1              8  org.springframework.cglib.proxy.MethodInterceptorGenerator$1
4877:             1              8  sun.reflect.GeneratedConstructorAccessor139
4878:             1              8  org.hibernate.type.descriptor.sql.ClobTypeDescriptor$3
4879:             1              8  org.springframework.web.servlet.mvc.method.annotation.RequestMappingHandlerAdapter$1
4880:             1              8  sun.reflect.GeneratedMethodAccessor554
4881:             1              8  sun.reflect.GeneratedMethodAccessor836
4882:             1              8  org.hibernate.engine.spi.CascadeStyles$7
4883:             1              8  com.sun.org.apache.xerces.internal.impl.dv.xs.TimeDV
4884:             1              8  sun.reflect.GeneratedConstructorAccessor94
4885:             1              8  org.apache.tomcat.util.digester.Digester$SystemPropertySource
4886:             1              8  sun.reflect.GeneratedMethodAccessor67
4887:             1              8  org.hibernate.engine.transaction.internal.jdbc.JdbcTransactionFactory
4888:             1              8  org.hibernate.type.descriptor.sql.ClobTypeDescriptor$4
4889:             1              8  sun.reflect.GeneratedConstructorAccessor248
4890:             1              8  sun.reflect.GeneratedMethodAccessor349
4891:             1              8  org.apache.poi.ss.formula.functions.Oct2Dec
4892:             1              8  org.springframework.web.servlet.mvc.method.annotation.RequestMappingHandlerAdapter$2
4893:             1              8  sun.reflect.GeneratedMethodAccessor278
4894:             1              8  org.hibernate.engine.jdbc.connections.internal.MultiTenantConnectionProviderInitiator
4895:             1              8  sun.reflect.GeneratedMethodAccessor142
4896:             1              8  org.springframework.expression.common.TemplateAwareExpressionParser$1
4897:             1              8  org.hibernate.engine.spi.CascadeStyles$8
4898:             1              8  org.hibernate.tool.hbm2ddl.SingleLineSqlCommandExtractor
4899:             1              8  sun.reflect.GeneratedConstructorAccessor140
4900:             1              8  sun.reflect.GeneratedConstructorAccessor33
4901:             1              8  sun.reflect.GeneratedMethodAccessor646
4902:             1              8  sun.reflect.GeneratedMethodAccessor395
4903:             1              8  sun.reflect.GeneratedMethodAccessor555
4904:             1              8  org.hibernate.type.descriptor.java.NClobTypeDescriptor$NClobMutabilityPlan
4905:             1              8  sun.reflect.GeneratedMethodAccessor288
4906:             1              8  org.hibernate.type.descriptor.sql.ClobTypeDescriptor$5
4907:             1              8  sun.reflect.GeneratedMethodAccessor358
4908:             1              8  sun.reflect.GeneratedConstructorAccessor95
4909:             1              8  java.net.URLClassLoader$7
4910:             1              8  org.aspectj.util.FuzzyBoolean$MaybeFuzzyBoolean
4911:             1              8  sun.java2d.pipe.SolidTextRenderer
4912:             1              8  sun.reflect.GeneratedMethodAccessor68
4913:             1              8  sun.reflect.GeneratedMethodAccessor732
4914:             1              8  org.hibernate.internal.util.ValueHolder$1
4915:             1              8  org.hibernate.engine.spi.CascadeStyles$9
4916:             1              8  sun.reflect.GeneratedMethodAccessor837
4917:             1              8  com.sun.org.apache.xerces.internal.impl.dv.xs.DateDV
4918:             1              8  sun.reflect.GeneratedMethodAccessor396
4919:             1              8  sun.reflect.GeneratedConstructorAccessor235
4920:             1              8  org.apache.poi.ss.formula.functions.Quotient
4921:             1              8  org.springframework.cglib.proxy.InvocationHandlerGenerator
4922:             1              8  sun.reflect.GeneratedMethodAccessor24
4923:             1              8  sun.reflect.GeneratedMethodAccessor667
4924:             1              8  org.springframework.context.annotation.ConfigurationClassParser$1
4925:             1              8  sun.reflect.GeneratedConstructorAccessor141
4926:             1              8  sun.reflect.GeneratedMethodAccessor647
4927:             1              8  sun.reflect.GeneratedMethodAccessor556
4928:             1              8  org.hibernate.hql.internal.ast.tree.DotNode$1
4929:             1              8  org.hibernate.loader.collection.plan.LegacyBatchingCollectionInitializerBuilder
4930:             1              8  org.hibernate.jmx.internal.DisabledJmxServiceImpl
4931:             1              8  sun.reflect.GeneratedConstructorAccessor96
4932:             1              8  sun.reflect.GeneratedMethodAccessor289
4933:             1              8  org.hibernate.engine.spi.CascadeStyles$10
4934:             1              8  org.springframework.aop.TruePointcut
4935:             1              8  org.hibernate.jdbc.Expectations$1
4936:             1              8  sun.java2d.pipe.AATextRenderer
4937:             1              8  sun.reflect.GeneratedMethodAccessor251
4938:             1              8  sun.reflect.GeneratedMethodAccessor397
4939:             1              8  sun.reflect.GeneratedMethodAccessor99
4940:             1              8  org.apache.poi.ss.formula.functions.Dec2Bin
4941:             1              8  org.hibernate.cfg.EJB3NamingStrategy
4942:             1              8  sun.reflect.GeneratedMethodAccessor69
4943:             1              8  org.hibernate.type.descriptor.sql.TinyIntTypeDescriptor
4944:             1              8  org.hibernate.engine.jndi.internal.JndiServiceInitiator
4945:             1              8  java.awt.Font$FontAccessImpl
4946:             1              8  sun.reflect.GeneratedMethodAccessor802
4947:             1              8  java.lang.Terminator$1
4948:             1              8  org.aspectj.util.FuzzyBoolean$NeverFuzzyBoolean
4949:             1              8  java.util.logging.LoggingProxyImpl
4950:             1              8  sun.reflect.GeneratedMethodAccessor322
4951:             1              8  sun.reflect.GeneratedConstructorAccessor236
4952:             1              8  org.aspectj.weaver.tools.Jdk14TraceFactory
4953:             1              8  org.hibernate.type.descriptor.sql.SmallIntTypeDescriptor
4954:             1              8  org.apache.poi.ss.formula.atp.RandBetween
4955:             1              8  org.hibernate.engine.spi.CascadingActions$1
4956:             1              8  org.springframework.util.MimeType$SpecificityComparator
4957:             1              8  sun.reflect.GeneratedConstructorAccessor34
4958:             1              8  sun.java2d.pipe.LCDTextRenderer
4959:             1              8  sun.reflect.GeneratedMethodAccessor398
4960:             1              8  sun.reflect.GeneratedConstructorAccessor259
4961:             1              8  org.hibernate.type.descriptor.sql.LongVarcharTypeDescriptor
4962:             1              8  sun.reflect.GeneratedMethodAccessor100
4963:             1              8  sun.reflect.GeneratedMethodAccessor648
4964:             1              8  java.lang.management.PlatformComponent$1
4965:             1              8  sun.reflect.GeneratedConstructorAccessor75
4966:             1              8  com.sun.org.apache.xerces.internal.impl.dv.xs.YearMonthDV
4967:             1              8  org.springframework.web.servlet.mvc.method.RequestMappingInfoHandlerMethodMappingNamingStrategy
4968:             1              8  org.hibernate.engine.spi.CascadeStyles$11
4969:             1              8  sun.reflect.GeneratedConstructorAccessor42
4970:             1              8  com.mysql.jdbc.Util
4971:             1              8  sun.reflect.GeneratedConstructorAccessor97
4972:             1              8  org.hibernate.engine.jdbc.dialect.internal.DialectResolverInitiator
4973:             1              8  org.springframework.web.servlet.mvc.method.annotation.RedirectAttributesMethodArgumentResolver
4974:             1              8  org.springframework.context.annotation.ConfigurationClassParser$1
4975:             1              8  sun.reflect.GeneratedMethodAccessor785
4976:             1              8  sun.reflect.GeneratedMethodAccessor70
4977:             1              8  sun.reflect.GeneratedMethodAccessor399
4978:             1              8  sun.reflect.GeneratedMethodAccessor202
4979:             1              8  org.springframework.cglib.proxy.Enhancer$1
4980:             1              8  sun.reflect.GeneratedMethodAccessor101
4981:             1              8  sun.reflect.GeneratedMethodAccessor359
4982:             1              8  org.hibernate.hql.internal.ast.ASTQueryTranslatorFactory
4983:             1              8  org.springframework.http.MediaType$1
4984:             1              8  org.hibernate.engine.spi.CascadeStyles$12
4985:             1              8  java.lang.management.PlatformComponent$2
4986:             1              8  sun.reflect.GeneratedMethodAccessor695
4987:             1              8  sun.reflect.GeneratedMethodAccessor73
4988:             1              8  org.springframework.http.converter.xml.Jaxb2RootElementHttpMessageConverter$1
4989:             1              8  sun.reflect.GeneratedMethodAccessor386
4990:             1              8  sun.reflect.GeneratedMethodAccessor838
4991:             1              8  sun.reflect.GeneratedMethodAccessor649
4992:             1              8  sun.reflect.GeneratedMethodAccessor558
4993:             1              8  sun.reflect.GeneratedMethodAccessor786
4994:             1              8  sun.reflect.GeneratedMethodAccessor45
4995:             1              8  org.hibernate.engine.spi.CascadingActions$2
4996:             1              8  org.hibernate.jmx.internal.JmxServiceInitiator
4997:             1              8  org.springframework.util.ReflectionUtils$4
4998:             1              8  sun.reflect.GeneratedConstructorAccessor43
4999:             1              8  org.springframework.cglib.proxy.LazyLoaderGenerator
5000:             1              8  sun.reflect.GeneratedConstructorAccessor98
5001:             1              8  sun.reflect.GeneratedMethodAccessor685
5002:             1              8  sun.reflect.GeneratedMethodAccessor400
5003:             1              8  org.hibernate.engine.jdbc.internal.BasicFormatterImpl
5004:             1              8  org.apache.poi.ss.formula.functions.Dec2Hex
5005:             1              8  sun.reflect.GeneratedConstructorAccessor178
5006:             1              8  java.lang.management.PlatformComponent$3
5007:             1              8  sun.reflect.GeneratedMethodAccessor71
5008:             1              8  org.hibernate.type.descriptor.java.CalendarTypeDescriptor$CalendarMutabilityPlan
5009:             1              8  org.hibernate.type.PostgresUUIDType$PostgresUUIDSqlTypeDescriptor
5010:             1              8  org.hibernate.type.descriptor.sql.LongNVarcharTypeDescriptor
5011:             1              8  sun.reflect.GeneratedMethodAccessor360
5012:             1              8  com.sun.org.apache.xerces.internal.impl.dv.xs.YearDV
5013:             1              8  org.hibernate.engine.jdbc.dialect.internal.DialectFactoryInitiator
5014:             1              8  org.hibernate.annotations.common.util.StandardClassLoaderDelegateImpl
5015:             1              8  org.springframework.http.MediaType$2
5016:             1              8  java.util.ResourceBundle$Control
5017:             1              8  sun.reflect.GeneratedMethodAccessor203
5018:             1              8  sun.java2d.pipe.AlphaColorPipe
5019:             1              8  org.springframework.util.ReflectionUtils$5
5020:             1              8  sun.reflect.GeneratedMethodAccessor387
5021:             1              8  org.apache.poi.ss.formula.functions.Sumifs
5022:             1              8  sun.reflect.GeneratedMethodAccessor559
5023:             1              8  org.hibernate.mapping.Constraint$ColumnComparator
5024:             1              8  sun.reflect.GeneratedMethodAccessor696
5025:             1              8  org.springframework.validation.DefaultBindingErrorProcessor
5026:             1              8  sun.security.util.ByteArrayLexOrder
5027:             1              8  org.hibernate.type.descriptor.sql.DateTypeDescriptor
5028:             1              8  sun.util.resources.LocaleData$LocaleDataResourceBundleControl
5029:             1              8  sun.reflect.GeneratedMethodAccessor252
5030:             1              8  sun.reflect.GeneratedMethodAccessor102
5031:             1              8  java.lang.management.PlatformComponent$4
5032:             1              8  sun.reflect.GeneratedMethodAccessor839
5033:             1              8  sun.reflect.GeneratedMethodAccessor650
5034:             1              8  sun.reflect.GeneratedConstructorAccessor13
5035:             1              8  sun.reflect.GeneratedMethodAccessor401
5036:             1              8  sun.reflect.GeneratedMethodAccessor74
5037:             1              8  org.hibernate.engine.spi.CascadingActions$3
5038:             1              8  sun.reflect.GeneratedConstructorAccessor99
5039:             1              8  sun.reflect.GeneratedConstructorAccessor240
5040:             1              8  java.util.zip.ZipFile$2
5041:             1              8  org.springframework.util.ReflectionUtils$6
5042:             1              8  sun.reflect.GeneratedMethodAccessor72
5043:             1              8  sun.reflect.GeneratedMethodAccessor361
5044:             1              8  sun.reflect.GeneratedMethodAccessor678
5045:             1              8  sun.security.util.ByteArrayTagOrder
5046:             1              8  java.lang.management.PlatformComponent$5
5047:             1              8  sun.reflect.GeneratedMethodAccessor560
5048:             1              8  sun.reflect.GeneratedMethodAccessor803
5049:             1              8  java.security.ProtectionDomain$1
5050:             1              8  sun.reflect.GeneratedMethodAccessor388
5051:             1              8  sun.reflect.GeneratedConstructorAccessor11
5052:             1              8  sun.reflect.GeneratedMethodAccessor204
5053:             1              8  org.hibernate.internal.util.collections.EmptyIterator
5054:             1              8  org.apache.catalina.core.AprLifecycleListener
5055:             1              8  sun.reflect.GeneratedMethodAccessor697
5056:             1              8  javassist.util.proxy.RuntimeSupport$DefaultMethodHandler
5057:             1              8  org.hibernate.engine.spi.CascadingActions$1
5058:             1              8  sun.reflect.GeneratedMethodAccessor402
5059:             1              8  sun.reflect.GeneratedMethodAccessor103
5060:             1              8  sun.nio.cs.CharsetMapping$2
5061:             1              8  javax.management.MBeanServerBuilder
5062:             1              8  org.hibernate.engine.transaction.synchronization.internal.SynchronizationCallbackCoordinatorNonTrackingImpl$1
5063:             1              8  java.lang.management.PlatformComponent$6
5064:             1              8  sun.reflect.GeneratedMethodAccessor651
5065:             1              8  org.slf4j.impl.StaticMDCBinder
5066:             1              8  sun.reflect.GeneratedMethodAccessor679
5067:             1              8  sun.reflect.GeneratedMethodAccessor561
5068:             1              8  sun.reflect.GeneratedMethodAccessor75
5069:             1              8  sun.reflect.GeneratedConstructorAccessor100
5070:             1              8  com.sun.xml.internal.stream.events.DummyEvent$DummyLocation
5071:             1              8  org.hibernate.persister.internal.PersisterClassResolverInitiator
5072:             1              8  org.apache.tomcat.util.buf.StringCache
5073:             1              8  com.sun.org.apache.xerces.internal.impl.dv.xs.MonthDayDV
5074:             1              8  sun.reflect.GeneratedConstructorAccessor241
5075:             1              8  org.apache.poi.ss.formula.functions.WeekNum
5076:             1              8  org.hibernate.engine.jdbc.batch.internal.BatchBuilderInitiator
5077:             1              8  org.hibernate.engine.jdbc.internal.DDLFormatterImpl
5078:             1              8  org.hibernate.engine.spi.CascadingActions$4
5079:             1              8  org.apache.poi.ss.formula.functions.Delta
5080:             1              8  java.security.ProtectionDomain$3
5081:             1              8  sun.reflect.GeneratedMethodAccessor323
5082:             1              8  java.lang.management.PlatformComponent$7
5083:             1              8  org.hibernate.event.internal.DefaultPersistEventListener
5084:             1              8  sun.nio.cs.CharsetMapping$3
5085:             1              8  sun.reflect.GeneratedMethodAccessor205
5086:             1              8  org.hibernate.jdbc.Expectations$1
5087:             1              8  sun.reflect.GeneratedMethodAccessor680
5088:             1              8  sun.reflect.GeneratedMethodAccessor389
5089:             1              8  sun.reflect.GeneratedMethodAccessor403
5090:             1              8  sun.reflect.GeneratedMethodAccessor562
5091:             1              8  org.hibernate.engine.transaction.synchronization.internal.SynchronizationCallbackCoordinatorNonTrackingImpl$2
5092:             1              8  sun.reflect.GeneratedMethodAccessor362
5093:             1              8  com.sun.org.apache.xerces.internal.utils.SecuritySupport
5094:             1              8  sun.reflect.GeneratedMethodAccessor698
5095:             1              8  javassist.util.proxy.ProxyFactory$1
5096:             1              8  com.zaxxer.hikari.proxy.ClosedConnection$1
5097:             1              8  sun.reflect.GeneratedMethodAccessor175
5098:             1              8  sun.reflect.GeneratedMethodAccessor804
5099:             1              8  sun.reflect.GeneratedMethodAccessor652
5100:             1              8  java.lang.management.PlatformComponent$8
5101:             1              8  org.hibernate.engine.spi.CascadingActions$2
5102:             1              8  org.hibernate.annotations.common.reflection.java.generics.TypeEnvironmentFactory
5103:             1              8  org.hibernate.engine.jdbc.internal.FormatStyle$NoFormatImpl
5104:             1              8  sun.reflect.GeneratedMethodAccessor76
5105:             1              8  sun.reflect.GeneratedConstructorAccessor101
5106:             1              8  org.aspectj.bridge.IMessage$Kind$1
5107:             1              8  sun.reflect.GeneratedMethodAccessor324
5108:             1              8  org.springframework.web.servlet.view.AbstractCachingViewResolver$1
5109:             1              8  sun.reflect.GeneratedMethodAccessor253
5110:             1              8  sun.reflect.GeneratedMethodAccessor143
5111:             1              8  sun.reflect.GeneratedMethodAccessor681
5112:             1              8  sun.reflect.GeneratedMethodAccessor563
5113:             1              8  sun.nio.cs.CharsetMapping$4
5114:             1              8  sun.reflect.GeneratedMethodAccessor25
5115:             1              8  sun.reflect.GeneratedConstructorAccessor175
5116:             1              8  org.hibernate.engine.transaction.synchronization.internal.SynchronizationCallbackCoordinatorNonTrackingImpl$3
5117:             1              8  org.hibernate.engine.spi.CascadingActions$5
5118:             1              8  sun.reflect.GeneratedConstructorAccessor251
5119:             1              8  sun.reflect.GeneratedMethodAccessor363
5120:             1              8  org.springframework.cglib.proxy.FixedValueGenerator
5121:             1              8  java.lang.management.PlatformComponent$9
5122:             1              8  sun.reflect.GeneratedMethodAccessor206
5123:             1              8  sun.reflect.GeneratedMethodAccessor176
5124:             1              8  sun.reflect.GeneratedMethodAccessor279
5125:             1              8  sun.reflect.GeneratedMethodAccessor390
5126:             1              8  org.hibernate.property.MapAccessor
5127:             1              8  sun.nio.ch.EPollSelectorProvider
5128:             1              8  com.sun.org.apache.xerces.internal.impl.dv.xs.DayDV
5129:             1              8  sun.reflect.GeneratedMethodAccessor699
5130:             1              8  sun.reflect.GeneratedMethodAccessor406
5131:             1              8  sun.misc.ASCIICaseInsensitiveComparator
5132:             1              8  sun.nio.ch.FileChannelImpl$1
5133:             1              8  sun.reflect.GeneratedMethodAccessor805
5134:             1              8  org.hibernate.type.descriptor.sql.NVarcharTypeDescriptor
5135:             1              8  sun.reflect.GeneratedMethodAccessor653
5136:             1              8  sun.reflect.GeneratedMethodAccessor682
5137:             1              8  sun.reflect.GeneratedMethodAccessor564
5138:             1              8  org.hibernate.type.descriptor.sql.BlobTypeDescriptor$2
5139:             1              8  sun.awt.HeadlessToolkit$1
5140:             1              8  sun.reflect.GeneratedMethodAccessor77
5141:             1              8  sun.reflect.GeneratedConstructorAccessor102
5142:             1              8  org.hibernate.engine.jdbc.internal.JdbcServicesInitiator
5143:             1              8  sun.reflect.GeneratedMethodAccessor325
5144:             1              8  java.lang.management.PlatformComponent$10
5145:             1              8  org.hibernate.engine.spi.CascadingActions$3
5146:             1              8  org.hibernate.engine.transaction.jta.platform.internal.StandardJtaPlatformResolver
5147:             1              8  sun.reflect.generics.tree.ByteSignature
5148:             1              8  org.hibernate.persister.internal.PersisterFactoryInitiator
5149:             1              8  javassist.util.proxy.ProxyFactory$3
5150:             1              8  sun.reflect.GeneratedMethodAccessor177
5151:             1              8  org.hibernate.bytecode.internal.javassist.ProxyFactoryFactoryImpl$1
5152:             1              8  sun.reflect.GeneratedMethodAccessor144
5153:             1              8  sun.reflect.GeneratedConstructorAccessor7
5154:             1              8  sun.reflect.GeneratedConstructorAccessor246
5155:             1              8  sun.reflect.GeneratedMethodAccessor116
5156:             1              8  org.hibernate.property.NoopAccessor
5157:             1              8  sun.reflect.GeneratedMethodAccessor364
5158:             1              8  org.hibernate.engine.spi.CascadingActions$6
5159:             1              8  sun.reflect.GeneratedMethodAccessor758
5160:             1              8  org.hibernate.type.descriptor.java.ClobTypeDescriptor$ClobMutabilityPlan
5161:             1              8  org.hibernate.type.descriptor.java.ArrayMutabilityPlan
5162:             1              8  sun.reflect.GeneratedConstructorAccessor242
5163:             1              8  sun.reflect.GeneratedMethodAccessor407
5164:             1              8  sun.reflect.GeneratedMethodAccessor683
5165:             1              8  sun.reflect.GeneratedMethodAccessor565
5166:             1              8  sun.reflect.GeneratedMethodAccessor207
5167:             1              8  sun.reflect.GeneratedConstructorAccessor173
5168:             1              8  org.hibernate.type.descriptor.sql.BlobTypeDescriptor$3
5169:             1              8  sun.reflect.GeneratedMethodAccessor391
5170:             1              8  java.lang.management.PlatformComponent$11
5171:             1              8  com.sun.org.apache.xerces.internal.impl.xs.models.XSEmptyCM
5172:             1              8  sun.reflect.GeneratedMethodAccessor700
5173:             1              8  java.lang.System$2
5174:             1              8  org.springframework.cglib.proxy.NoOp$1
5175:             1              8  sun.reflect.GeneratedMethodAccessor49
5176:             1              8  sun.reflect.GeneratedMethodAccessor178
5177:             1              8  sun.reflect.GeneratedMethodAccessor654
5178:             1              8  org.hibernate.event.internal.DefaultPreLoadEventListener
5179:             1              8  org.apache.poi.ss.formula.atp.YearFrac
5180:             1              8  sun.reflect.GeneratedMethodAccessor78
5181:             1              8  sun.reflect.GeneratedConstructorAccessor103
5182:             1              8  sun.reflect.GeneratedMethodAccessor759
5183:             1              8  org.hibernate.property.EmbeddedPropertyAccessor
5184:             1              8  sun.reflect.GeneratedMethodAccessor408
5185:             1              8  sun.reflect.GeneratedMethodAccessor566
5186:             1              8  java.lang.management.PlatformComponent$12
5187:             1              8  sun.reflect.GeneratedMethodAccessor365
5188:             1              8  sun.reflect.GeneratedMethodAccessor145
5189:             1              8  com.sun.org.apache.xerces.internal.impl.dv.xs.MonthDV
5190:             1              8  org.hibernate.event.internal.DefaultPersistOnFlushEventListener
5191:             1              8  org.hibernate.type.descriptor.sql.BlobTypeDescriptor$4
5192:             1              8  org.json.JSONObject$Null
5193:             1              8  org.hibernate.engine.spi.CascadingActions$4
5194:             1              8  sun.reflect.GeneratedMethodAccessor717
5195:             1              8  sun.reflect.GeneratedMethodAccessor179
5196:             1              8  sun.reflect.GeneratedMethodAccessor686
5197:             1              8  sun.reflect.GeneratedConstructorAccessor174
5198:             1              8  sun.reflect.GeneratedMethodAccessor208
5199:             1              8  sun.reflect.GeneratedMethodAccessor392
5200:             1              8  org.hibernate.engine.spi.CascadingActions$7
5201:             1              8  org.hibernate.dialect.Dialect$1
5202:             1              8  org.hibernate.loader.plan.exec.internal.RootHelper
5203:             1              8  sun.reflect.GeneratedMethodAccessor840
5204:             1              8  java.util.Collections$EmptySet
5205:             1              8  org.hibernate.type.descriptor.java.JdbcDateTypeDescriptor$DateMutabilityPlan
5206:             1              8  sun.reflect.GeneratedMethodAccessor701
5207:             1              8  java.awt.EventQueue$1
5208:             1              8  sun.reflect.GeneratedMethodAccessor760
5209:             1              8  java.lang.management.PlatformComponent$13
5210:             1              8  sun.reflect.generics.tree.VoidDescriptor
5211:             1              8  sun.reflect.GeneratedMethodAccessor409
5212:             1              8  org.apache.poi.ss.formula.functions.EDate
5213:             1              8  sun.reflect.GeneratedMethodAccessor567
5214:             1              8  org.springframework.cglib.proxy.NoOpGenerator
5215:             1              8  sun.reflect.GeneratedMethodAccessor655
5216:             1              8  org.hibernate.engine.jdbc.cursor.internal.RefCursorSupportInitiator
5217:             1              8  org.hibernate.cfg.SettingsFactory
5218:             1              8  org.hibernate.loader.entity.plan.LegacyBatchingEntityLoaderBuilder
5219:             1              8  org.hibernate.type.descriptor.sql.BlobTypeDescriptor$5
5220:             1              8  sun.management.HotSpotDiagnostic
5221:             1              8  sun.reflect.GeneratedConstructorAccessor104
5222:             1              8  sun.reflect.GeneratedMethodAccessor79
5223:             1              8  org.apache.poi.ss.formula.functions.Countifs
5224:             1              8  org.hibernate.cfg.beanvalidation.BeanValidationIntegrator
5225:             1              8  org.hibernate.loader.plan.exec.process.internal.ResultSetProcessorHelper
5226:             1              8  sun.reflect.GeneratedMethodAccessor180
5227:             1              8  sun.reflect.GeneratedMethodAccessor316
5228:             1              8  sun.reflect.GeneratedMethodAccessor146
5229:             1              8  java.lang.management.PlatformComponent$14
5230:             1              8  sun.reflect.GeneratedMethodAccessor366
5231:             1              8  sun.reflect.GeneratedMethodAccessor718
5232:             1              8  org.hibernate.type.descriptor.sql.NCharTypeDescriptor
5233:             1              8  sun.reflect.GeneratedMethodAccessor761
5234:             1              8  com.sun.org.apache.xerces.internal.impl.dv.xs.HexBinaryDV
5235:             1              8  org.hibernate.hql.spi.TemporaryTableBulkIdStrategy
5236:             1              8  org.hibernate.engine.spi.CascadingActions$5
5237:             1              8  sun.reflect.GeneratedMethodAccessor410
5238:             1              8  sun.reflect.GeneratedMethodAccessor41
5239:             1              8  java.nio.file.Files$AcceptAllFilter
5240:             1              8  sun.reflect.GeneratedMethodAccessor209
5241:             1              8  sun.misc.GC$LatencyLock
5242:             1              8  sun.reflect.GeneratedMethodAccessor581
5243:             1              8  sun.reflect.GeneratedMethodAccessor702
5244:             1              8  org.apache.poi.util.NullLogger
5245:             1              8  sun.reflect.GeneratedMethodAccessor181
5246:             1              8  sun.reflect.GeneratedMethodAccessor326
5247:             1              8  java.lang.management.PlatformComponent$15
5248:             1              8  org.springframework.aop.TruePointcut
5249:             1              8  org.hibernate.event.service.internal.EventListenerServiceInitiator
5250:             1              8  org.hibernate.dialect.Dialect$2
5251:             1              8  sun.reflect.GeneratedMethodAccessor656
5252:             1              8  sun.reflect.GeneratedMethodAccessor687
5253:             1              8  org.hibernate.type.descriptor.sql.TimeTypeDescriptor
5254:             1              8  sun.reflect.GeneratedMethodAccessor762
5255:             1              8  sun.reflect.GeneratedConstructorAccessor105
5256:             1              8  org.apache.poi.ss.formula.functions.EOMonth
5257:             1              8  sun.reflect.GeneratedMethodAccessor80
5258:             1              8  org.hibernate.internal.util.xml.DTDEntityResolver
5259:             1              8  org.apache.poi.hssf.record.EOFRecord
5260:             1              8  sun.reflect.GeneratedMethodAccessor411
5261:             1              8  com.sun.org.apache.xerces.internal.impl.dv.xs.Base64BinaryDV
5262:             1              8  sun.reflect.GeneratedMethodAccessor841
5263:             1              8  sun.reflect.GeneratedMethodAccessor317
5264:             1              8  sun.reflect.GeneratedMethodAccessor104
5265:             1              8  org.hibernate.event.internal.DefaultPostLoadEventListener
5266:             1              8  sun.reflect.GeneratedConstructorAccessor144
5267:             1              8  sun.reflect.GeneratedMethodAccessor582
5268:             1              8  sun.reflect.GeneratedMethodAccessor719
5269:             1              8  org.hibernate.engine.transaction.jta.platform.internal.NoJtaPlatform
5270:             1              8  sun.reflect.GeneratedMethodAccessor182
5271:             1              8  org.hibernate.id.factory.internal.MutableIdentifierGeneratorFactoryInitiator
5272:             1              8  org.hibernate.engine.spi.CascadingActions$6
5273:             1              8  sun.reflect.GeneratedConstructorAccessor249
5274:             1              8  sun.reflect.GeneratedMethodAccessor707
5275:             1              8  org.hibernate.engine.spi.CascadingActions$8
5276:             1              8  org.hibernate.type.descriptor.sql.NClobTypeDescriptor$2
5277:             1              8  org.springframework.web.servlet.mvc.method.annotation.RequestMappingHandlerAdapter$1
5278:             1              8  java.nio.Bits$1
5279:             1              8  sun.reflect.GeneratedMethodAccessor763
5280:             1              8  sun.reflect.GeneratedMethodAccessor210
5281:             1              8  java.awt.EventQueue$2
5282:             1              8  sun.reflect.GeneratedMethodAccessor703
5283:             1              8  org.hibernate.id.uuid.StandardRandomStrategy
5284:             1              8  sun.reflect.GeneratedMethodAccessor846
5285:             1              8  sun.reflect.GeneratedMethodAccessor657
5286:             1              8  sun.reflect.GeneratedMethodAccessor688
5287:             1              8  sun.reflect.GeneratedConstructorAccessor40
5288:             1              8  sun.reflect.GeneratedMethodAccessor412
5289:             1              8  sun.reflect.GeneratedConstructorAccessor106
5290:             1              8  sun.reflect.GeneratedMethodAccessor147
5291:             1              8  sun.reflect.GeneratedMethodAccessor319
5292:             1              8  sun.reflect.GeneratedMethodAccessor81
5293:             1              8  sun.reflect.GeneratedConstructorAccessor85
5294:             1              8  sun.reflect.GeneratedMethodAccessor183
5295:             1              8  sun.reflect.GeneratedMethodAccessor857
5296:             1              8  org.hibernate.type.descriptor.sql.NClobTypeDescriptor$3
5297:             1              8  org.springframework.web.servlet.mvc.method.annotation.RequestMappingHandlerAdapter$2
5298:             1              8  com.mysql.jdbc.log.NullLogger
5299:             1              8  sun.reflect.GeneratedMethodAccessor765
5300:             1              8  sun.reflect.GeneratedConstructorAccessor145
5301:             1              8  sun.reflect.GeneratedMethodAccessor720
5302:             1              8  org.hibernate.engine.jdbc.connections.internal.ConnectionProviderInitiator
5303:             1              8  sun.reflect.GeneratedConstructorAccessor69
5304:             1              8  sun.reflect.GeneratedMethodAccessor48
5305:             1              8  org.hibernate.dialect.Dialect$3
5306:             1              8  org.apache.poi.ss.formula.functions.FactDouble
5307:             1              8  sun.reflect.GeneratedConstructorAccessor61
5308:             1              8  org.springframework.web.method.annotation.ErrorsMethodArgumentResolver
5309:             1              8  org.springframework.core.OrderComparator
5310:             1              8  sun.reflect.GeneratedMethodAccessor847
5311:             1              8  sun.reflect.GeneratedMethodAccessor327
5312:             1              8  com.sun.org.apache.xerces.internal.impl.dv.xs.AnyURIDV
5313:             1              8  org.hibernate.type.descriptor.sql.SmallIntTypeDescriptor
5314:             1              8  org.hibernate.engine.transaction.jta.platform.internal.JtaPlatformResolverInitiator
5315:             1              8  sun.reflect.GeneratedMethodAccessor211
5316:             1              8  org.hibernate.type.descriptor.java.UUIDTypeDescriptor$ToStringTransformer
5317:             1              8  sun.reflect.GeneratedMethodAccessor148
5318:             1              8  org.hibernate.type.descriptor.sql.NClobTypeDescriptor$4
5319:             1              8  org.hibernate.engine.spi.CascadingActions$7
5320:             1              8  org.springframework.core.annotation.AnnotationAwareOrderComparator
5321:             1              8  sun.reflect.GeneratedMethodAccessor704
5322:             1              8  sun.reflect.GeneratedMethodAccessor184
5323:             1              8  sun.reflect.GeneratedConstructorAccessor72
5324:             1              8  java.lang.reflect.Proxy$KeyFactory
5325:             1              8  java.lang.reflect.ReflectAccess
5326:             1              8  com.zaxxer.hikari.metrics.MetricsTracker$MetricsContext
5327:             1              8  sun.reflect.GeneratedConstructorAccessor250
5328:             1              8  sun.reflect.GeneratedMethodAccessor658
5329:             1              8  sun.reflect.GeneratedMethodAccessor689
5330:             1              8  sun.reflect.GeneratedMethodAccessor766
5331:             1              8  sun.reflect.GeneratedConstructorAccessor107
5332:             1              8  sun.reflect.GeneratedMethodAccessor82
5333:             1              8  sun.reflect.GeneratedMethodAccessor423
5334:             1              8  sun.reflect.GeneratedConstructorAccessor86
5335:             1              8  org.hibernate.dialect.Dialect$4
5336:             1              8  org.hibernate.event.internal.DefaultDeleteEventListener
5337:             1              8  sun.reflect.GeneratedMethodAccessor848
5338:             1              8  org.hibernate.type.descriptor.sql.BigIntTypeDescriptor
5339:             1              8  sun.reflect.GeneratedConstructorAccessor221
5340:             1              8  org.springframework.aop.framework.adapter.MethodBeforeAdviceAdapter
5341:             1              8  org.hibernate.cache.internal.NoCachingRegionFactory
5342:             1              8  sun.reflect.GeneratedConstructorAccessor146
5343:             1              8  sun.reflect.GeneratedMethodAccessor231
5344:             1              8  sun.reflect.GeneratedMethodAccessor721
5345:             1              8  org.springframework.web.method.annotation.SessionStatusMethodArgumentResolver
5346:             1              8  sun.reflect.GeneratedMethodAccessor185
5347:             1              8  com.sun.imageio.stream.StreamCloser$1
5348:             1              8  org.apache.poi.hssf.record.InterfaceEndRecord
5349:             1              8  sun.reflect.GeneratedConstructorAccessor62
5350:             1              8  sun.reflect.GeneratedMethodAccessor105
5351:             1              8  ch.qos.logback.core.joran.util.ConfigurationWatchListUtil
5352:             1              8  org.springframework.cglib.proxy.MethodInterceptorGenerator
5353:             1              8  sun.reflect.GeneratedMethodAccessor767
5354:             1              8  sun.reflect.GeneratedMethodAccessor44
5355:             1              8  sun.reflect.GeneratedMethodAccessor212
5356:             1              8  org.apache.poi.ss.formula.functions.Hex2Dec
5357:             1              8  org.hibernate.loader.plan.exec.process.internal.ResultSetProcessorHelper
5358:             1              8  sun.reflect.GeneratedMethodAccessor708
5359:             1              8  sun.reflect.GeneratedMethodAccessor424
5360:             1              8  sun.reflect.GeneratedMethodAccessor705
5361:             1              8  org.hibernate.engine.spi.CascadingActions$9
5362:             1              8  sun.reflect.GeneratedConstructorAccessor70
5363:             1              8  sun.reflect.GeneratedConstructorAccessor73
5364:             1              8  sun.reflect.GeneratedMethodAccessor849
5365:             1              8  org.hibernate.secure.spi.JaccIntegrator
5366:             1              8  org.hibernate.EmptyInterceptor
5367:             1              8  sun.reflect.GeneratedMethodAccessor733
5368:             1              8  org.hibernate.stat.internal.StatisticsInitiator
5369:             1              8  org.hibernate.transform.AliasToEntityMapResultTransformer
5370:             1              8  sun.reflect.GeneratedMethodAccessor659
5371:             1              8  sun.reflect.GeneratedMethodAccessor690
5372:             1              8  org.springframework.aop.framework.adapter.AfterReturningAdviceAdapter
5373:             1              8  sun.reflect.GeneratedConstructorAccessor108
5374:             1              8  sun.reflect.GeneratedMethodAccessor186
5375:             1              8  sun.reflect.GeneratedMethodAccessor83
5376:             1              8  sun.reflect.GeneratedConstructorAccessor87
5377:             1              8  org.springframework.web.servlet.mvc.method.annotation.UriComponentsBuilderMethodArgumentResolver
5378:             1              8  sun.reflect.GeneratedConstructorAccessor222
5379:             1              8  org.hibernate.engine.transaction.jta.platform.internal.JtaPlatformInitiator
5380:             1              8  sun.reflect.GeneratedMethodAccessor768
5381:             1              8  org.hibernate.bytecode.internal.javassist.BytecodeProviderImpl
5382:             1              8  java.lang.reflect.Proxy$ProxyClassFactory
5383:             1              8  sun.reflect.GeneratedConstructorAccessor147
5384:             1              8  sun.reflect.GeneratedMethodAccessor722
5385:             1              8  sun.reflect.GeneratedMethodAccessor709
5386:             1              8  sun.reflect.GeneratedMethodAccessor425
5387:             1              8  sun.reflect.GeneratedMethodAccessor850
5388:             1              8  org.hibernate.loader.plan.exec.internal.RootHelper
5389:             1              8  org.hibernate.hql.internal.ast.tree.FromClause$1
5390:             1              8  sun.reflect.GeneratedConstructorAccessor63
5391:             1              8  sun.reflect.GeneratedMethodAccessor106
5392:             1              8  javassist.util.proxy.RuntimeSupport$DefaultMethodHandler
5393:             1              8  org.hibernate.engine.spi.CascadingActions$8
5394:             1              8  org.springframework.aop.framework.adapter.ThrowsAdviceAdapter
5395:             1              8  sun.reflect.GeneratedMethodAccessor187
5396:             1              8  sun.reflect.GeneratedMethodAccessor213
5397:             1              8  org.hibernate.type.descriptor.sql.LongVarbinaryTypeDescriptor
5398:             1              8  sun.reflect.GeneratedMethodAccessor328
5399:             1              8  sun.reflect.GeneratedMethodAccessor706
5400:             1              8  org.hibernate.loader.entity.plan.LegacyBatchingEntityLoaderBuilder
5401:             1              8  org.apache.poi.ss.formula.atp.IfError
5402:             1              8  org.hibernate.event.internal.DefaultDirtyCheckEventListener
5403:             1              8  org.hibernate.loader.plan.build.spi.LoadPlanTreePrinter
5404:             1              8  sun.reflect.GeneratedMethodAccessor734
5405:             1              8  sun.reflect.GeneratedMethodAccessor660
5406:             1              8  com.sun.org.apache.xerces.internal.impl.dv.xs.PrecisionDecimalDV
5407:             1              8  sun.reflect.GeneratedMethodAccessor691
5408:             1              8  org.hibernate.type.descriptor.java.JdbcTimeTypeDescriptor$TimeMutabilityPlan
5409:             1              8  sun.reflect.GeneratedConstructorAccessor109
5410:             1              8  ch.qos.logback.core.joran.spi.ConsoleTarget$1
5411:             1              8  org.springframework.cglib.proxy.MethodInterceptorGenerator$1
5412:             1              8  org.hibernate.stat.internal.StatisticsInitiator$1
5413:             1              8  org.hibernate.hql.internal.ast.tree.FromClause$2
5414:             1              8  sun.reflect.GeneratedMethodAccessor851
5415:             1              8  org.hibernate.transform.RootEntityResultTransformer
5416:             1              8  sun.reflect.GeneratedMethodAccessor188
5417:             1              8  sun.reflect.GeneratedMethodAccessor723
5418:             1              8  org.hibernate.engine.transaction.internal.TransactionFactoryInitiator
5419:             1              8  sun.reflect.GeneratedConstructorAccessor1
5420:             1              8  sun.reflect.GeneratedMethodAccessor376
5421:             1              8  sun.reflect.GeneratedMethodAccessor107
5422:             1              8  org.eclipse.jdt.internal.compiler.CompilationResult$1
5423:             1              8  org.hibernate.type.descriptor.sql.BooleanTypeDescriptor
5424:             1              8  org.springframework.web.SpringServletContainerInitializer
5425:             1              8  org.apache.poi.hssf.record.BoundSheetRecord$1
5426:             1              8  org.hibernate.loader.plan.build.internal.spaces.QuerySpaceHelper
5427:             1              8  sun.reflect.GeneratedMethodAccessor214
5428:             1              8  org.hibernate.hql.internal.ast.tree.FromClause$3
5429:             1              8  sun.reflect.GeneratedMethodAccessor852
5430:             1              8  com.sun.org.apache.xerces.internal.impl.dv.xs.IDDV
5431:             1              8  sun.misc.Launcher$Factory
5432:             1              8  sun.reflect.GeneratedMethodAccessor314
5433:             1              8  sun.reflect.GeneratedMethodAccessor735
5434:             1              8  ch.qos.logback.core.joran.spi.ConsoleTarget$2
5435:             1              8  sun.reflect.GeneratedMethodAccessor692
5436:             1              8  sun.reflect.GeneratedMethodAccessor189
5437:             1              8  sun.reflect.GeneratedMethodAccessor769
5438:             1              8  org.hibernate.type.descriptor.sql.DateTypeDescriptor
5439:             1              8  sun.reflect.GeneratedConstructorAccessor110
5440:             1              8  org.hibernate.engine.jdbc.dialect.internal.StandardDialectResolver
5441:             1              8  sun.reflect.GeneratedMethodAccessor440
5442:             1              8  org.hibernate.event.internal.DefaultSaveOrUpdateEventListener
5443:             1              8  org.aspectj.weaver.tools.Jdk14TraceFactory
5444:             1              8  org.hibernate.type.descriptor.sql.TimestampTypeDescriptor
5445:             1              8  org.apache.poi.ss.formula.functions.Bin2Dec
5446:             1              8  sun.reflect.GeneratedMethodAccessor150
5447:             1              8  sun.reflect.GeneratedConstructorAccessor256
5448:             1              8  sun.reflect.GeneratedMethodAccessor377
5449:             1              8  org.hibernate.transform.DistinctRootEntityResultTransformer
5450:             1              8  org.hibernate.event.internal.DefaultUpdateEventListener
5451:             1              8  org.hibernate.secure.spi.JaccIntegrator$1
5452:             1              8  org.hibernate.hql.internal.ast.tree.FromClause$4
5453:             1              8  sun.reflect.GeneratedMethodAccessor724
5454:             1              8  org.apache.poi.ss.formula.functions.Imaginary
5455:             1              8  org.hibernate.service.internal.SessionFactoryServiceRegistryFactoryInitiator
5456:             1              8  sun.reflect.GeneratedConstructorAccessor18
5457:             1              8  org.apache.poi.xssf.usermodel.XSSFFactory
5458:             1              8  sun.java2d.pipe.ValidatePipe
5459:             1              8  sun.reflect.GeneratedMethodAccessor108
5460:             1              8  org.apache.catalina.valves.AbstractAccessLogValve$LogicalUserNameElement
5461:             1              8  com.sun.org.apache.xerces.internal.impl.dv.xs.IDREFDV
5462:             1              8  sun.reflect.GeneratedMethodAccessor190
5463:             1              8  org.hibernate.id.IdentifierGeneratorHelper$1
5464:             1              8  org.apache.poi.hssf.record.cont.ContinuableRecordOutput$1
5465:             1              8  org.aspectj.bridge.IMessageHandler$1
5466:             1              8  org.springframework.util.ReflectionUtils$4
5467:             1              8  org.hibernate.engine.spi.CascadingActions$9
5468:             1              8  org.springframework.cglib.proxy.InvocationHandlerGenerator
5469:             1              8  java.util.jar.JavaUtilJarAccessImpl
5470:             1              8  sun.reflect.GeneratedMethodAccessor736
5471:             1              8  sun.reflect.GeneratedMethodAccessor315
5472:             1              8  sun.reflect.GeneratedMethodAccessor854
5473:             1              8  sun.reflect.GeneratedMethodAccessor693
5474:             1              8  sun.reflect.GeneratedMethodAccessor770
5475:             1              8  sun.reflect.GeneratedConstructorAccessor111
5476:             1              8  sun.reflect.GeneratedConstructorAccessor5
5477:             1              8  org.springframework.web.servlet.mvc.method.RequestMappingInfoHandlerMethodMappingNamingStrategy
5478:             1              8  sun.reflect.GeneratedMethodAccessor378
5479:             1              8  org.hibernate.id.IdentifierGeneratorHelper$2
5480:             1              8  org.hibernate.bytecode.internal.javassist.ProxyFactoryFactoryImpl$1
5481:             1              8  org.apache.catalina.valves.AbstractAccessLogValve$UserElement
5482:             1              8  sun.reflect.GeneratedMethodAccessor191
5483:             1              8  sun.reflect.GeneratedConstructorAccessor257
5484:             1              8  org.hibernate.loader.JoinWalker$AssociationInitCallback$1
5485:             1              8  org.hibernate.loader.plan.build.internal.spaces.JoinHelper
5486:             1              8  com.sun.org.apache.xerces.internal.impl.dv.xs.EntityDV
5487:             1              8  org.hibernate.jmx.internal.DisabledJmxServiceImpl
5488:             1              8  com.sun.org.apache.xerces.internal.impl.dv.xs.AnySimpleDV
5489:             1              8  sun.reflect.GeneratedMethodAccessor665
5490:             1              8  org.hibernate.hql.spi.TemporaryTableBulkIdStrategy$3
5491:             1              8  sun.reflect.GeneratedMethodAccessor725
5492:             1              8  com.sun.org.apache.xerces.internal.dom.CharacterDataImpl$1
5493:             1              8  org.springframework.util.ReflectionUtils$5
5494:             1              8  sun.java2d.Disposer
5495:             1              8  org.hibernate.event.internal.DefaultEvictEventListener
5496:             1              8  sun.reflect.GeneratedConstructorAccessor168
5497:             1              8  sun.reflect.GeneratedMethodAccessor109
5498:             1              8  org.springframework.cglib.core.MethodInfoTransformer
5499:             1              8  sun.reflect.GeneratedMethodAccessor152
5500:             1              8  sun.reflect.GeneratedConstructorAccessor172
5501:             1              8  com.mysql.jdbc.log.NullLogger
5502:             1              8  org.hibernate.transform.PassThroughResultTransformer
5503:             1              8  org.springframework.aop.framework.adapter.MethodBeforeAdviceAdapter
5504:             1              8  com.sun.org.apache.xerces.internal.impl.dv.xs.IntegerDV
5505:             1              8  sun.reflect.GeneratedMethodAccessor192
5506:             1              8  sun.reflect.GeneratedMethodAccessor737
5507:             1              8  com.sun.org.apache.xerces.internal.impl.dv.xs.StringDV
5508:             1              8  org.springframework.web.servlet.mvc.method.annotation.HttpHeadersReturnValueHandler
5509:             1              8  org.hibernate.engine.jdbc.spi.SqlExceptionHelper$1
5510:             1              8  org.hibernate.loader.plan.build.internal.spaces.QuerySpaceHelper
5511:             1              8  sun.reflect.GeneratedMethodAccessor771
5512:             1              8  sun.reflect.GeneratedConstructorAccessor112
5513:             1              8  org.apache.poi.ss.formula.functions.ImReal
5514:             1              8  sun.reflect.GeneratedMethodAccessor855
5515:             1              8  org.springframework.util.ReflectionUtils$6
5516:             1              8  java.util.Collections$EmptyIterator
5517:             1              8  org.apache.poi.util.SAXHelper$1
5518:             1              8  org.hibernate.cache.internal.RegionFactoryInitiator
5519:             1              8  sun.reflect.GeneratedMethodAccessor379
5520:             1              8  sun.reflect.GeneratedConstructorAccessor258
5521:             1              8  sun.reflect.GeneratedConstructorAccessor2
5522:             1              8  sun.reflect.GeneratedMethodAccessor153
5523:             1              8  sun.reflect.GeneratedMethodAccessor726
5524:             1              8  org.hibernate.type.descriptor.sql.RealTypeDescriptor
5525:             1              8  sun.reflect.GeneratedMethodAccessor110
5526:             1              8  sun.reflect.GeneratedMethodAccessor193
5527:             1              8  org.springframework.aop.framework.adapter.AfterReturningAdviceAdapter
5528:             1              8  org.springframework.cglib.core.KeyFactory$1
5529:             1              8  com.sun.org.apache.xerces.internal.impl.dv.xs.ListDV
5530:             1              8  org.hibernate.type.descriptor.sql.FloatTypeDescriptor
5531:             1              8  com.sun.org.apache.xerces.internal.impl.dv.xs.BooleanDV
5532:             1              8  sun.reflect.GeneratedMethodAccessor280
5533:             1              8  org.hibernate.event.internal.DefaultFlushEventListener
5534:             1              8  org.springframework.web.servlet.mvc.method.annotation.CallableMethodReturnValueHandler
5535:             1              8  sun.reflect.ReflectionFactory
5536:             1              8  sun.reflect.GeneratedMethodAccessor820
5537:             1              8  sun.reflect.GeneratedMethodAccessor738
5538:             1              8  org.springframework.cglib.proxy.Enhancer$1
5539:             1              8  sun.reflect.GeneratedMethodAccessor154
5540:             1              8  sun.reflect.GeneratedConstructorAccessor113
5541:             1              8  com.sun.org.apache.xerces.internal.impl.dv.xs.UnionDV
5542:             1              8  sun.reflect.GeneratedMethodAccessor498
5543:             1              8  sun.reflect.GeneratedMethodAccessor194
5544:             1              8  org.springframework.aop.framework.adapter.ThrowsAdviceAdapter
5545:             1              8  org.hibernate.type.descriptor.java.NClobTypeDescriptor$NClobMutabilityPlan
5546:             1              8  org.springframework.cglib.proxy.LazyLoaderGenerator
5547:             1              8  org.springframework.cglib.core.KeyFactory$2
5548:             1              8  org.hibernate.engine.spi.CacheInitiator
5549:             1              8  sun.reflect.GeneratedMethodAccessor727
5550:             1              8  sun.reflect.GeneratedConstructorAccessor41
5551:             1              8  org.hibernate.cfg.EJB3NamingStrategy
5552:             1              8  sun.reflect.GeneratedConstructorAccessor237
5553:             1              8  org.springframework.web.servlet.view.AbstractCachingViewResolver$1
5554:             1              8  org.springframework.aop.TrueClassFilter
5555:             1              8  sun.reflect.GeneratedConstructorAccessor148
5556:             1              8  sun.reflect.GeneratedMethodAccessor111
5557:             1              8  org.hibernate.loader.plan.build.internal.spaces.JoinHelper
5558:             1              8  sun.reflect.GeneratedMethodAccessor155
5559:             1              8  sun.reflect.GeneratedMethodAccessor290
5560:             1              8  sun.reflect.GeneratedMethodAccessor157
5561:             1              8  com.sun.naming.internal.VersionHelper12
5562:             1              8  org.hibernate.loader.plan.build.spi.LoadPlanTreePrinter
5563:             1              8  org.springframework.web.servlet.mvc.method.annotation.DeferredResultMethodReturnValueHandler
5564:             1              8  com.sun.org.apache.xerces.internal.impl.dv.xs.DecimalDV
5565:             1              8  sun.reflect.GeneratedConstructorAccessor243
5566:             1              8  sun.reflect.GeneratedMethodAccessor195
5567:             1              8  java.lang.ref.Reference$Lock
5568:             1              8  org.hibernate.engine.config.internal.ConfigurationServiceInitiator
5569:             1              8  com.sun.org.apache.xalan.internal.utils.SecuritySupport
5570:             1              8  sun.reflect.GeneratedMethodAccessor739
5571:             1              8  com.sun.org.apache.xerces.internal.impl.dv.xs.YearMonthDurationDV
5572:             1              8  org.apache.poi.ss.formula.functions.Complex
5573:             1              8  sun.reflect.GeneratedConstructorAccessor114
5574:             1              8  org.hibernate.mapping.Constraint$ColumnComparator
5575:             1              8  sun.reflect.GeneratedMethodAccessor499
5576:             1              8  websocket.drawboard.DrawboardContextListener
5577:             1              8  org.springframework.web.servlet.i18n.AcceptHeaderLocaleResolver
5578:             1              8  org.hibernate.type.descriptor.java.BlobTypeDescriptor$BlobMutabilityPlan
5579:             1              8  sun.reflect.GeneratedMethodAccessor772
5580:             1              8  sun.reflect.GeneratedMethodAccessor156
5581:             1              8  org.hibernate.type.descriptor.java.JdbcTimestampTypeDescriptor$TimestampMutabilityPlan
5582:             1              8  sun.reflect.GeneratedMethodAccessor291
5583:             1              8  com.mysql.jdbc.Driver
5584:             1              8  org.hibernate.loader.JoinWalker$AssociationInitCallback$1
5585:             1              8  org.apache.poi.ss.formula.atp.MRound
5586:             1              8  sun.reflect.GeneratedMethodAccessor671
5587:             1              8  sun.reflect.GeneratedMethodAccessor196
5588:             1              8  org.hibernate.cache.internal.CollectionCacheInvalidator
5589:             1              8  sun.reflect.GeneratedMethodAccessor117
5590:             1              8  com.sun.org.apache.xerces.internal.impl.dv.xs.FloatDV
5591:             1              8  java.util.regex.Pattern$CharPropertyNames$5
5592:             1              8  sun.reflect.GeneratedConstructorAccessor3
5593:             1              8  sun.reflect.GeneratedMethodAccessor694
5594:             1              8  org.eclipse.jdt.internal.compiler.ast.CompilationUnitDeclaration$1
5595:             1              8  org.hibernate.internal.util.collections.EmptyIterator
5596:             1              8  sun.reflect.GeneratedMethodAccessor292
5597:             1              8  com.sun.org.apache.xerces.internal.impl.dv.xs.DayTimeDurationDV
5598:             1              8  sun.reflect.GeneratedMethodAccessor740
5599:             1              8  sun.reflect.GeneratedMethodAccessor858
5600:             1              8  sun.reflect.GeneratedConstructorAccessor115
5601:             1              8  sun.reflect.GeneratedMethodAccessor380
5602:             1              8  sun.reflect.GeneratedMethodAccessor158
5603:             1              8  org.dom4j.tree.NamespaceCache
5604:             1              8  sun.reflect.GeneratedConstructorAccessor19
5605:             1              8  sun.security.ec.ECKeyFactory
5606:             1              8  org.springframework.format.datetime.DateFormatterRegistrar$DateToLongConverter
5607:             1              8  sun.reflect.GeneratedMethodAccessor393
5608:             1              8  sun.reflect.GeneratedMethodAccessor197
5609:             1              8  org.json.JSONObject$Null
5610:             1              8  java.lang.Runtime
5611:             1              8  org.springframework.aop.TrueMethodMatcher
5612:             1              8  org.apache.tomcat.websocket.server.DefaultServerEndpointConfigurator
Total       1435092      202011552
